Archive member included to satisfy reference by file (symbol)

contiki-native.a(contiki-main.o)
                              /usr/lib/gcc/x86_64-linux-gnu/7/../../../x86_64-linux-gnu/Scrt1.o (main)
contiki-native.a(button-sensor.o)
                              contiki-native.a(contiki-main.o) (button_sensor)
contiki-native.a(pir-sensor.o)
                              contiki-native.a(contiki-main.o) (pir_sensor)
contiki-native.a(vib-sensor.o)
                              contiki-native.a(contiki-main.o) (vib_sensor)
contiki-native.a(sensors.o)   contiki-native.a(button-sensor.o) (sensors_changed)
contiki-native.a(autostart.o)
                              contiki-native.a(contiki-main.o) (autostart_start)
contiki-native.a(ctimer.o)    contiki-native.a(contiki-main.o) (ctimer_init)
contiki-native.a(etimer.o)    contiki-native.a(contiki-main.o) (etimer_process)
contiki-native.a(process.o)   contiki-native.a(ctimer.o) (process_current)
contiki-native.a(rtimer.o)    contiki-native.a(contiki-main.o) (rtimer_init)
contiki-native.a(timer.o)     contiki-native.a(etimer.o) (timer_set)
contiki-native.a(serial-line.o)
                              contiki-native.a(contiki-main.o) (serial_line_input_byte)
contiki-native.a(list.o)      contiki-native.a(ctimer.o) (list_init)
contiki-native.a(ringbuf.o)   contiki-native.a(serial-line.o) (ringbuf_init)
contiki-native.a(uip-ds6.o)   contiki-native.a(contiki-main.o) (uip_ds6_get_link_local)
contiki-native.a(uip-ds6-route.o)
                              contiki-native.a(uip-ds6.o) (uip_ds6_route_init)
contiki-native.a(uip6.o)      contiki-native.a(contiki-main.o) (uip_lladdr)
contiki-native.a(uip-ds6-nbr.o)
                              contiki-native.a(uip-ds6.o) (uip_ds6_neighbors_init)
contiki-native.a(uip-nd6.o)   contiki-native.a(uip6.o) (uip_nd6_init)
contiki-native.a(sicslowpan.o)
                              contiki-native.a(contiki-main.o) (sicslowpan_driver)
contiki-native.a(uip-debug.o)
                              contiki-native.a(uip-ds6-route.o) (uip_debug_ipaddr_print)
contiki-native.a(uip-packetqueue)
                              contiki-native.a(uip-ds6-nbr.o) (uip_packetqueue_new)
contiki-native.a(tcpip.o)     contiki-native.a(sicslowpan.o) (tcpip_set_outputfunc)
contiki-native.a(rpl-dag.o)   contiki-native.a(tcpip.o) (rpl_repair_root)
contiki-native.a(rpl-timers.o)
                              contiki-native.a(rpl-dag.o) (rpl_reset_dio_timer)
contiki-native.a(rpl-ext-header.)
                              contiki-native.a(uip6.o) (rpl_verify_hbh_header)
contiki-native.a(rpl.o)       contiki-native.a(rpl-timers.o) (rpl_get_mode)
contiki-native.a(rpl-mrhof.o)
                              contiki-native.a(rpl-dag.o) (rpl_mrhof)
contiki-native.a(queuebuf.o)  contiki-native.a(contiki-main.o) (queuebuf_init)
contiki-native.a(nbr-table.o)
                              contiki-native.a(uip-ds6-route.o) (nbr_table_register)
contiki-native.a(packetbuf.o)
                              contiki-native.a(sicslowpan.o) (packetbuf_clear)
contiki-native.a(netstack.o)  contiki-native.a(contiki-main.o) (netstack_init)
contiki-native.a(linkaddr.o)  contiki-native.a(uip-ds6-nbr.o) (linkaddr_null)
contiki-native.a(link-stats.o)
                              contiki-native.a(rpl-dag.o) (link_stats_from_lladdr)
contiki-native.a(nullmac.o)   contiki-native.a(contiki-main.o) (nullmac_driver)
contiki-native.a(framer-802154.o)
                              contiki-native.a(sicslowpan.o) (framer_802154)
contiki-native.a(nullrdc.o)   contiki-native.a(contiki-main.o) (nullrdc_driver)
contiki-native.a(nullsec.o)   contiki-native.a(sicslowpan.o) (nullsec_driver)
contiki-native.a(clock.o)     contiki-native.a(etimer.o) (clock_time)
contiki-native.a(rtimer-arch.o)
                              contiki-native.a(rtimer.o) (rtimer_arch_init)
contiki-native.a(watchdog.o)  contiki-native.a(sicslowpan.o) (watchdog_periodic)
contiki-native.a(stimer.o)    contiki-native.a(uip-ds6.o) (stimer_set)
contiki-native.a(nullradio.o)
                              contiki-native.a(netstack.o) (nullradio_driver)
contiki-native.a(memb.o)      contiki-native.a(uip-ds6-route.o) (memb_init)
contiki-native.a(random.o)    contiki-native.a(uip-ds6.o) (random_rand)
contiki-native.a(uip-icmp6.o)
                              contiki-native.a(uip6.o) (uip_icmp6_input)
contiki-native.a(rpl-icmp6.o)
                              contiki-native.a(rpl-dag.o) (rpl_icmp6_update_nbr_table)
contiki-native.a(rpl-nbr-policy.)
                              contiki-native.a(nbr-table.o) (rpl_nbr_policy_find_removable)
contiki-native.a(frame802154.o)
                              contiki-native.a(framer-802154.o) (frame802154_get_pan_id)
contiki-native.a(mac.o)       contiki-native.a(nullrdc.o) (mac_call_sent_callback)
/usr/lib/x86_64-linux-gnu/libc_nonshared.a(elf-init.oS)
                              /usr/lib/gcc/x86_64-linux-gnu/7/../../../x86_64-linux-gnu/Scrt1.o (__libc_csu_init)

[...]
Memory Configuration

Name             Origin             Length             Attributes
*default*        0x0000000000000000 0xffffffffffffffff

Linker script and memory map

LOAD /usr/lib/gcc/x86_64-linux-gnu/7/../../../x86_64-linux-gnu/Scrt1.o
LOAD /usr/lib/gcc/x86_64-linux-gnu/7/../../../x86_64-linux-gnu/crti.o
LOAD /usr/lib/gcc/x86_64-linux-gnu/7/crtbeginS.o
LOAD hello-world.co
LOAD contiki-native.a
LOAD /usr/lib/gcc/x86_64-linux-gnu/7/../../../x86_64-linux-gnu/libncurses.so
LOAD /lib/x86_64-linux-gnu/libncurses.so.5
LOAD /usr/lib/gcc/x86_64-linux-gnu/7/../../../x86_64-linux-gnu/libtinfo.so
LOAD /usr/lib/gcc/x86_64-linux-gnu/7/libgcc.a
LOAD /usr/lib/gcc/x86_64-linux-gnu/7/libgcc_s.so
START GROUP
LOAD /usr/lib/gcc/x86_64-linux-gnu/7/libgcc_s.so.1
LOAD /usr/lib/gcc/x86_64-linux-gnu/7/libgcc.a
END GROUP
LOAD /usr/lib/gcc/x86_64-linux-gnu/7/../../../x86_64-linux-gnu/libc.so
START GROUP
LOAD /lib/x86_64-linux-gnu/libc.so.6
LOAD /usr/lib/x86_64-linux-gnu/libc_nonshared.a
LOAD /lib/x86_64-linux-gnu/ld-linux-x86-64.so.2
END GROUP
LOAD /usr/lib/gcc/x86_64-linux-gnu/7/libgcc.a
LOAD /usr/lib/gcc/x86_64-linux-gnu/7/libgcc_s.so
START GROUP
LOAD /usr/lib/gcc/x86_64-linux-gnu/7/libgcc_s.so.1
LOAD /usr/lib/gcc/x86_64-linux-gnu/7/libgcc.a
END GROUP
LOAD /usr/lib/gcc/x86_64-linux-gnu/7/crtendS.o
LOAD /usr/lib/gcc/x86_64-linux-gnu/7/../../../x86_64-linux-gnu/crtn.o
                [!provide]                        PROVIDE (__executable_start = SEGMENT_START ("text-segment", 0x0))
                0x0000000000000238                . = (SEGMENT_START ("text-segment", 0x0) + SIZEOF_HEADERS)

.interp         0x0000000000000238       0x1c
 *(.interp)
 .interp        0x0000000000000238       0x1c /usr/lib/gcc/x86_64-linux-gnu/7/../../../x86_64-linux-gnu/Scrt1.o

.note.ABI-tag   0x0000000000000254       0x20
 .note.ABI-tag  0x0000000000000254       0x20 /usr/lib/gcc/x86_64-linux-gnu/7/../../../x86_64-linux-gnu/Scrt1.o

.note.gnu.build-id
                0x0000000000000274       0x24
 *(.note.gnu.build-id)
 .note.gnu.build-id
                0x0000000000000274       0x24 /usr/lib/gcc/x86_64-linux-gnu/7/../../../x86_64-linux-gnu/Scrt1.o

.hash
 *(.hash)

.gnu.hash       0x0000000000000298      0xc94
 *(.gnu.hash)
 .gnu.hash      0x0000000000000298      0xc94 /usr/lib/gcc/x86_64-linux-gnu/7/../../../x86_64-linux-gnu/Scrt1.o

.dynsym         0x0000000000000f30     0x2910
 *(.dynsym)
 .dynsym        0x0000000000000f30     0x2910 /usr/lib/gcc/x86_64-linux-gnu/7/../../../x86_64-linux-gnu/Scrt1.o

.dynstr         0x0000000000003840     0x1bda
 *(.dynstr)
 .dynstr        0x0000000000003840     0x1bda /usr/lib/gcc/x86_64-linux-gnu/7/../../../x86_64-linux-gnu/Scrt1.o

.gnu.version    0x000000000000541a      0x36c
 *(.gnu.version)
 .gnu.version   0x000000000000541a      0x36c /usr/lib/gcc/x86_64-linux-gnu/7/../../../x86_64-linux-gnu/Scrt1.o

.gnu.version_d  0x0000000000005788        0x0
 *(.gnu.version_d)
 .gnu.version_d
                0x0000000000005788        0x0 /usr/lib/gcc/x86_64-linux-gnu/7/../../../x86_64-linux-gnu/Scrt1.o

.gnu.version_r  0x0000000000005788       0x40
 *(.gnu.version_r)
 .gnu.version_r
                0x0000000000005788       0x40 /usr/lib/gcc/x86_64-linux-gnu/7/../../../x86_64-linux-gnu/Scrt1.o

.rela.dyn       0x00000000000057c8      0xbb8
 *(.rela.init)
 *(.rela.text .rela.text.* .rela.gnu.linkonce.t.*)
 .rela.text     0x00000000000057c8        0x0 /usr/lib/gcc/x86_64-linux-gnu/7/../../../x86_64-linux-gnu/Scrt1.o
 *(.rela.fini)
 *(.rela.rodata .rela.rodata.* .rela.gnu.linkonce.r.*)
 *(.rela.data .rela.data.* .rela.gnu.linkonce.d.*)
 .rela.data.rel.ro
                0x00000000000057c8       0x18 /usr/lib/gcc/x86_64-linux-gnu/7/../../../x86_64-linux-gnu/Scrt1.o
 .rela.data.rel.local
                0x00000000000057e0      0x570 /usr/lib/gcc/x86_64-linux-gnu/7/../../../x86_64-linux-gnu/Scrt1.o
 .rela.data.rel.ro.local
                0x0000000000005d50      0x510 /usr/lib/gcc/x86_64-linux-gnu/7/../../../x86_64-linux-gnu/Scrt1.o
 .rela.data.rel
                0x0000000000006260       0x48 /usr/lib/gcc/x86_64-linux-gnu/7/../../../x86_64-linux-gnu/Scrt1.o
 *(.rela.tdata .rela.tdata.* .rela.gnu.linkonce.td.*)
 *(.rela.tbss .rela.tbss.* .rela.gnu.linkonce.tb.*)
 *(.rela.ctors)
 *(.rela.dtors)
 *(.rela.got)
 .rela.got      0x00000000000062a8       0x78 /usr/lib/gcc/x86_64-linux-gnu/7/../../../x86_64-linux-gnu/Scrt1.o
 *(.rela.bss .rela.bss.* .rela.gnu.linkonce.b.*)
 .rela.bss      0x0000000000006320       0x30 /usr/lib/gcc/x86_64-linux-gnu/7/../../../x86_64-linux-gnu/Scrt1.o
 *(.rela.ldata .rela.ldata.* .rela.gnu.linkonce.l.*)
 *(.rela.lbss .rela.lbss.* .rela.gnu.linkonce.lb.*)
 *(.rela.lrodata .rela.lrodata.* .rela.gnu.linkonce.lr.*)
 *(.rela.ifunc)
 .rela.ifunc    0x0000000000006350        0x0 /usr/lib/gcc/x86_64-linux-gnu/7/../../../x86_64-linux-gnu/Scrt1.o
 .rela.fini_array
                0x0000000000006350       0x18 /usr/lib/gcc/x86_64-linux-gnu/7/../../../x86_64-linux-gnu/Scrt1.o
 .rela.init_array
                0x0000000000006368       0x18 /usr/lib/gcc/x86_64-linux-gnu/7/../../../x86_64-linux-gnu/Scrt1.o

.rela.plt       0x0000000000006380      0x210
 *(.rela.plt)
 .rela.plt      0x0000000000006380      0x210 /usr/lib/gcc/x86_64-linux-gnu/7/../../../x86_64-linux-gnu/Scrt1.o
                [!provide]                        PROVIDE (__rela_iplt_start = .)
 *(.rela.iplt)
                [!provide]                        PROVIDE (__rela_iplt_end = .)

.init           0x0000000000006590       0x17
 *(SORT_NONE(.init))
 .init          0x0000000000006590       0x12 /usr/lib/gcc/x86_64-linux-gnu/7/../../../x86_64-linux-gnu/crti.o
                0x0000000000006590                _init
 .init          0x00000000000065a2        0x5 /usr/lib/gcc/x86_64-linux-gnu/7/../../../x86_64-linux-gnu/crtn.o

.plt            0x00000000000065b0      0x170
 *(.plt)
 .plt           0x00000000000065b0      0x170 /usr/lib/gcc/x86_64-linux-gnu/7/../../../x86_64-linux-gnu/Scrt1.o
 *(.iplt)

.plt.got        0x0000000000006720        0x8
 *(.plt.got)
 .plt.got       0x0000000000006720        0x8 /usr/lib/gcc/x86_64-linux-gnu/7/../../../x86_64-linux-gnu/Scrt1.o

.plt.sec
 *(.plt.sec)

.text           0x0000000000006730    0x15212
 *(.text.unlikely .text.*_unlikely .text.unlikely.*)
 *(.text.exit .text.exit.*)
 *(.text.startup .text.startup.*)
 *(.text.hot .text.hot.*)
 *(.text .stub .text.* .gnu.linkonce.t.*)
 .text          0x0000000000006730       0x2b /usr/lib/gcc/x86_64-linux-gnu/7/../../../x86_64-linux-gnu/Scrt1.o
                0x0000000000006730                _start
 .text          0x000000000000675b        0x0 /usr/lib/gcc/x86_64-linux-gnu/7/../../../x86_64-linux-gnu/crti.o
 *fill*         0x000000000000675b        0x5 
 .text          0x0000000000006760       0xda /usr/lib/gcc/x86_64-linux-gnu/7/crtbeginS.o
 .text          0x000000000000683a       0x47 hello-world.co
 .text          0x0000000000006881      0x647 contiki-native.a(contiki-main.o)
                0x0000000000006881                select_set_callback
                0x0000000000006aab                main
                0x0000000000006e64                log_message
                0x0000000000006e9a                uip_log
 .text          0x0000000000006ec8       0x40 contiki-native.a(button-sensor.o)
                0x0000000000006ec8                button_press
 .text          0x0000000000006f08       0x59 contiki-native.a(pir-sensor.o)
                0x0000000000006f08                pir_sensor_changed
 .text          0x0000000000006f61       0x50 contiki-native.a(vib-sensor.o)
                0x0000000000006f61                vib_sensor_changed
 .text          0x0000000000006fb1      0x364 contiki-native.a(sensors.o)
                0x0000000000006ffd                sensors_first
                0x000000000000700a                sensors_next
                0x000000000000703c                sensors_changed
                0x0000000000007083                sensors_find
 .text          0x0000000000007315       0xb3 contiki-native.a(autostart.o)
                0x0000000000007315                autostart_start
                0x0000000000007371                autostart_exit
 .text          0x00000000000073c8      0x3f4 contiki-native.a(ctimer.o)
                0x000000000000751a                ctimer_init
                0x0000000000007548                ctimer_set
                0x0000000000007585                ctimer_set_with_process
                0x0000000000007632                ctimer_reset
                0x0000000000007696                ctimer_restart
                0x00000000000076fa                ctimer_stop
                0x0000000000007754                ctimer_expired
 .text          0x00000000000077bc      0x537 contiki-native.a(etimer.o)
                0x0000000000007a5c                etimer_request_poll
                0x0000000000007afd                etimer_set
                0x0000000000007b2f                etimer_reset_with_new_interval
                0x0000000000007b66                etimer_reset
                0x0000000000007b8d                etimer_restart
                0x0000000000007bb4                etimer_adjust
                0x0000000000007be1                etimer_expired
                0x0000000000007bfc                etimer_expiration_time
                0x0000000000007c18                etimer_start_time
                0x0000000000007c29                etimer_pending
                0x0000000000007c3f                etimer_next_expiration_time
                0x0000000000007c5c                etimer_stop
 .text          0x0000000000007cf3      0x602 contiki-native.a(process.o)
                0x0000000000007cf3                process_alloc_event
                0x0000000000007d09                process_start
                0x0000000000007f47                process_exit
                0x0000000000007f6c                process_init
                0x000000000000814d                process_run
                0x000000000000817e                process_nevents
                0x000000000000819a                process_post
                0x000000000000825e                process_post_synch
                0x00000000000082a2                process_poll
                0x00000000000082db                process_is_running
 .text          0x00000000000082f5       0xfb contiki-native.a(rtimer.o)
                0x00000000000082f5                rtimer_init
                0x0000000000008301                rtimer_set
                0x0000000000008381                rtimer_run_next
 .text          0x00000000000083f0       0xdf contiki-native.a(timer.o)
                0x00000000000083f0                timer_set
                0x000000000000841e                timer_reset
                0x0000000000008442                timer_restart
                0x0000000000008460                timer_expired
                0x000000000000849d                timer_remaining
 .text          0x00000000000084cf      0x1fb contiki-native.a(serial-line.o)
                0x00000000000084cf                serial_line_input_byte
                0x000000000000869a                serial_line_init
 .text          0x00000000000086ca      0x311 contiki-native.a(list.o)
                0x00000000000086ca                list_init
                0x00000000000086e0                list_head
                0x00000000000086f1                list_copy
                0x000000000000870e                list_tail
                0x0000000000008753                list_add
                0x00000000000087b3                list_push
                0x00000000000087f2                list_chop
                0x000000000000887b                list_pop
                0x00000000000088b1                list_remove
                0x0000000000008939                list_length
                0x0000000000008970                list_insert
                0x00000000000089bc                list_item_next
 .text          0x00000000000089db      0x189 contiki-native.a(ringbuf.o)
                0x00000000000089db                ringbuf_init
                0x0000000000008a18                ringbuf_put
                0x0000000000008aa3                ringbuf_get
                0x0000000000008b1d                ringbuf_size
                0x0000000000008b35                ringbuf_elements
 .text          0x0000000000008b64      0xc68 contiki-native.a(uip-ds6.o)
                0x0000000000008b64                uip_ds6_init
                0x0000000000008d13                uip_ds6_periodic
                0x0000000000008da3                uip_ds6_list_loop
                0x0000000000008e69                uip_ds6_prefix_add
                0x0000000000008f33                uip_ds6_prefix_rm
                0x0000000000008f4d                uip_ds6_prefix_lookup
                0x0000000000008f9d                uip_ds6_is_addr_onlink
                0x0000000000009029                uip_ds6_addr_add
                0x0000000000009166                uip_ds6_addr_rm
                0x000000000000921a                uip_ds6_addr_lookup
                0x0000000000009264                uip_ds6_get_link_local
                0x00000000000092fa                uip_ds6_get_global
                0x0000000000009390                uip_ds6_maddr_add
                0x00000000000093fe                uip_ds6_maddr_rm
                0x0000000000009418                uip_ds6_maddr_lookup
                0x0000000000009462                uip_ds6_aaddr_add
                0x00000000000094d0                uip_ds6_aaddr_rm
                0x00000000000094ea                uip_ds6_aaddr_lookup
                0x0000000000009534                uip_ds6_select_src
                0x00000000000096af                uip_ds6_set_addr_iid
                0x00000000000096e4                get_match_length
                0x000000000000978e                uip_ds6_compute_reachable_time
 .text          0x00000000000097cc      0xa54 contiki-native.a(uip-ds6-route.o)
                0x000000000000984f                uip_ds6_notification_add
                0x0000000000009892                uip_ds6_notification_rm
                0x00000000000098b7                uip_ds6_route_init
                0x000000000000994f                uip_ds6_route_nexthop
                0x000000000000997f                uip_ds6_route_head
                0x0000000000009994                uip_ds6_route_next
                0x00000000000099c4                uip_ds6_route_is_nexthop
                0x0000000000009a0f                uip_ds6_route_num_routes
                0x0000000000009a1b                uip_ds6_route_lookup
                0x0000000000009af5                uip_ds6_route_add
                0x0000000000009d49                uip_ds6_route_rm
                0x0000000000009f21                uip_ds6_route_rm_by_nexthop
                0x0000000000009f66                uip_ds6_defrt_head
                0x0000000000009f7b                uip_ds6_defrt_add
                0x000000000000a038                uip_ds6_defrt_rm
                0x000000000000a0c4                uip_ds6_defrt_lookup
                0x000000000000a129                uip_ds6_defrt_choose
                0x000000000000a1a8                uip_ds6_defrt_periodic
 .text          0x000000000000a220     0x2c0a contiki-native.a(uip6.o)
                0x000000000000a220                uip_add32
                0x000000000000a3db                uip_chksum
                0x000000000000a4ca                uip_icmp6chksum
                0x000000000000a4da                uip_tcpchksum
                0x000000000000a4ea                uip_udpchksum
                0x000000000000a4fa                uip_init
                0x000000000000a5b2                uip_connect
                0x000000000000a758                remove_ext_hdr
                0x000000000000a835                uip_udp_new
                0x000000000000a994                uip_unlisten
                0x000000000000a9e5                uip_listen
                0x000000000000accd                uip_process
                0x000000000000cd02                uip_htons
                0x000000000000cd21                uip_htonl
                0x000000000000cd65                uip_send
 .text          0x000000000000ce2a      0x2eb contiki-native.a(uip-ds6-nbr.o)
                0x000000000000ce2a                uip_ds6_neighbors_init
                0x000000000000ce4c                uip_ds6_nbr_add
                0x000000000000cedb                uip_ds6_nbr_rm
                0x000000000000cf29                uip_ds6_nbr_get_ipaddr
                0x000000000000cf45                uip_ds6_nbr_get_ll
                0x000000000000cf69                uip_ds6_nbr_num
                0x000000000000cfb7                uip_ds6_nbr_lookup
                0x000000000000d029                uip_ds6_nbr_ll_lookup
                0x000000000000d04d                uip_ds6_nbr_ipaddr_from_lladdr
                0x000000000000d07d                uip_ds6_nbr_lladdr_from_ipaddr
                0x000000000000d0b5                uip_ds6_link_neighbor_callback
 .text          0x000000000000d115      0x779 contiki-native.a(uip-nd6.o)
                0x000000000000d87b                uip_nd6_init
 .text          0x000000000000d88e     0x29ce contiki-native.a(sicslowpan.o)
                0x000000000000dee6                rime_sniffer_add
                0x000000000000defc                rime_sniffer_remove
                0x00000000000101e9                sicslowpan_init
                0x0000000000010250                sicslowpan_get_last_rssi
 .text          0x000000000001025c      0x174 contiki-native.a(uip-debug.o)
                0x000000000001025c                uip_debug_ipaddr_print
 .text          0x00000000000103d0      0x197 contiki-native.a(uip-packetqueue)
                0x0000000000010408                uip_packetqueue_new
                0x000000000001041e                uip_packetqueue_alloc
                0x0000000000010494                uip_packetqueue_free
                0x00000000000104e5                uip_packetqueue_buf
                0x000000000001050d                uip_packetqueue_buflen
                0x0000000000010538                uip_packetqueue_set_buflen
 .text          0x0000000000010567      0xb27 contiki-native.a(tcpip.o)
                0x0000000000010567                tcpip_output
                0x00000000000105a1                tcpip_set_outputfunc
                0x000000000001063d                tcp_connect
                0x00000000000106a4                tcp_unlisten
                0x000000000001070c                tcp_listen
                0x0000000000010770                tcp_attach
                0x00000000000107a5                udp_attach
                0x00000000000107da                udp_new
                0x0000000000010840                udp_broadcast_new
                0x00000000000108d8                icmp6_new
                0x0000000000010913                tcpip_icmp6_call
                0x0000000000010b87                tcpip_input
                0x0000000000010bb4                tcpip_ipv6_output
                0x0000000000010e85                tcpip_poll_udp
                0x0000000000010eac                tcpip_poll_tcp
                0x0000000000010ed3                tcpip_uipcall
 .text          0x000000000001108e     0x2d96 contiki-native.a(rpl-dag.o)
                0x000000000001108e                rpl_print_neighbor_list
                0x00000000000112b4                rpl_get_nbr
                0x0000000000011311                rpl_dag_init
                0x000000000001132e                rpl_get_parent
                0x000000000001135a                rpl_get_parent_rank
                0x0000000000011398                rpl_get_parent_link_metric
                0x0000000000011409                rpl_rank_via_parent
                0x000000000001147a                rpl_get_parent_lladdr
                0x000000000001149e                rpl_get_parent_ipaddr
                0x00000000000114c8                rpl_get_parent_link_stats
                0x00000000000114f2                rpl_parent_is_fresh
                0x000000000001151c                rpl_parent_is_reachable
                0x00000000000118e6                rpl_set_root
                0x0000000000011b8d                rpl_repair_root
                0x0000000000011df8                rpl_set_prefix
                0x0000000000011eff                rpl_set_default_route
                0x0000000000011f85                rpl_alloc_instance
                0x0000000000012025                rpl_alloc_dag
                0x00000000000120ee                rpl_set_default_instance
                0x0000000000012104                rpl_get_default_instance
                0x0000000000012111                rpl_free_instance
                0x00000000000121df                rpl_free_dag
                0x000000000001226e                rpl_add_parent
                0x000000000001233f                rpl_find_parent
                0x00000000000123b7                rpl_find_parent_any_dag
                0x0000000000012408                rpl_select_dag
                0x00000000000128ab                rpl_select_parent
                0x000000000001299a                rpl_remove_parent
                0x00000000000129cb                rpl_nullify_parent
                0x0000000000012aac                rpl_move_parent
                0x0000000000012b91                rpl_has_downward_route
                0x0000000000012bec                rpl_get_dag
                0x0000000000012d46                rpl_get_any_dag
                0x0000000000012db7                rpl_get_instance
                0x0000000000012e29                rpl_find_of
                0x0000000000012e67                rpl_join_instance
                0x0000000000013180                rpl_add_dag
                0x00000000000135c1                rpl_local_repair
                0x00000000000136e1                rpl_recalculate_ranks
                0x000000000001377e                rpl_process_parent_event
                0x00000000000138d1                rpl_process_dio
 .text          0x0000000000013e24      0x99d contiki-native.a(rpl-timers.o)
                0x00000000000140e1                rpl_reset_periodic_timer
                0x0000000000014134                rpl_reset_dio_timer
                0x00000000000143a5                rpl_schedule_dao
                0x00000000000143c5                rpl_schedule_dao_immediately
                0x00000000000143e5                rpl_cancel_dao
                0x0000000000014460                rpl_schedule_unicast_dio_immediately
                0x0000000000014492                get_probing_delay
                0x0000000000014521                get_probing_target
                0x0000000000014781                rpl_schedule_probing
 .text          0x00000000000147c1      0xb76 contiki-native.a(rpl-ext-header.)
                0x00000000000147c1                rpl_verify_hbh_header
                0x00000000000150aa                rpl_remove_header
                0x000000000001524d                rpl_update_header
 .text          0x0000000000015337      0x698 contiki-native.a(rpl.o)
                0x0000000000015337                rpl_get_mode
                0x0000000000015343                rpl_set_mode
                0x00000000000153e9                rpl_purge_routes
                0x0000000000015505                rpl_remove_routes
                0x000000000001555b                rpl_remove_routes_by_nexthop
                0x00000000000155d0                rpl_add_route
                0x000000000001567f                rpl_link_neighbor_callback
                0x0000000000015768                rpl_ipv6_neighbor_callback
                0x00000000000157ef                rpl_purge_dags
                0x000000000001594b                rpl_init
 .text          0x00000000000159cf      0x376 contiki-native.a(rpl-mrhof.o)
 .text          0x0000000000015d45      0x32c contiki-native.a(queuebuf.o)
                0x0000000000015d56                queuebuf_init
                0x0000000000015d75                queuebuf_numfree
                0x0000000000015d87                queuebuf_new_from_packetbuf
                0x0000000000015e30                queuebuf_update_attr_from_packetbuf
                0x0000000000015e6f                queuebuf_update_from_packetbuf
                0x0000000000015ec7                queuebuf_free
                0x0000000000015f16                queuebuf_to_packetbuf
                0x0000000000015f88                queuebuf_dataptr
                0x0000000000015fc8                queuebuf_datalen
                0x0000000000015ff4                queuebuf_addr
                0x0000000000016033                queuebuf_attr
                0x000000000001606a                queuebuf_debug_print
 .text          0x0000000000016071      0x9ba contiki-native.a(nbr-table.o)
                0x0000000000016619                nbr_table_register
                0x0000000000016680                nbr_table_head
                0x00000000000166e7                nbr_table_next
                0x000000000001675d                nbr_table_add_lladdr
                0x000000000001684f                nbr_table_get_from_lladdr
                0x00000000000168a7                nbr_table_remove
                0x00000000000168f7                nbr_table_lock
                0x0000000000016925                nbr_table_unlock
                0x0000000000016953                nbr_table_get_lladdr
                0x0000000000016992                nbr_table_update_lladdr
 .text          0x0000000000016a2b      0x4ca contiki-native.a(packetbuf.o)
                0x0000000000016a2b                packetbuf_clear
                0x0000000000016a55                packetbuf_copyfrom
                0x0000000000016aab                packetbuf_compact
                0x0000000000016b32                packetbuf_copyto
                0x0000000000016bd5                packetbuf_hdralloc
                0x0000000000016c60                packetbuf_hdrreduce
                0x0000000000016cac                packetbuf_set_datalen
                0x0000000000016cc4                packetbuf_dataptr
                0x0000000000016ce6                packetbuf_hdrptr
                0x0000000000016cf3                packetbuf_datalen
                0x0000000000016d00                packetbuf_hdrlen
                0x0000000000016d18                packetbuf_totlen
                0x0000000000016d2f                packetbuf_remaininglen
                0x0000000000016d43                packetbuf_attr_clear
                0x0000000000016d9d                packetbuf_attr_copyto
                0x0000000000016de1                packetbuf_attr_copyfrom
                0x0000000000016e25                packetbuf_set_attr
                0x0000000000016e54                packetbuf_attr
                0x0000000000016e74                packetbuf_set_addr
                0x0000000000016eb6                packetbuf_addr
                0x0000000000016edc                packetbuf_holds_broadcast
 .text          0x0000000000016ef5       0x22 contiki-native.a(netstack.o)
                0x0000000000016ef5                netstack_init
 .text          0x0000000000016f17       0x71 contiki-native.a(linkaddr.o)
                0x0000000000016f17                linkaddr_copy
                0x0000000000016f34                linkaddr_cmp
                0x0000000000016f66                linkaddr_set_node_addr
 .text          0x0000000000016f88      0x369 contiki-native.a(link-stats.o)
                0x0000000000016f88                link_stats_from_lladdr
                0x0000000000016fac                link_stats_is_fresh
                0x0000000000016ff7                guess_etx_from_rssi
                0x0000000000017078                link_stats_packet_sent
                0x000000000001719e                link_stats_input_callback
                0x00000000000172b9                link_stats_init
 .text          0x00000000000172f1       0x76 contiki-native.a(nullmac.o)
 .text          0x0000000000017367      0x352 contiki-native.a(framer-802154.o)
 .text          0x00000000000176b9      0x1ea contiki-native.a(nullrdc.o)
 .text          0x00000000000178a3       0x50 contiki-native.a(nullsec.o)
 .text          0x00000000000178f3       0xbd contiki-native.a(clock.o)
                0x00000000000178f3                clock_time
                0x0000000000017964                clock_seconds
                0x00000000000179a6                clock_delay
 .text          0x00000000000179b0       0xf8 contiki-native.a(rtimer-arch.o)
                0x00000000000179d4                rtimer_arch_init
                0x00000000000179ec                rtimer_arch_schedule
 .text          0x0000000000017aa8       0x2a contiki-native.a(watchdog.o)
                0x0000000000017aa8                watchdog_init
                0x0000000000017aaf                watchdog_start
                0x0000000000017ab6                watchdog_periodic
                0x0000000000017abd                watchdog_stop
                0x0000000000017ac4                watchdog_reboot
 .text          0x0000000000017ad2      0x106 contiki-native.a(stimer.o)
                0x0000000000017ad2                stimer_set
                0x0000000000017b00                stimer_reset
                0x0000000000017b24                stimer_restart
                0x0000000000017b42                stimer_expired
                0x0000000000017b83                stimer_remaining
                0x0000000000017bb5                stimer_elapsed
 .text          0x0000000000017bd8       0xfd contiki-native.a(nullradio.o)
 .text          0x0000000000017cd5      0x20e contiki-native.a(memb.o)
                0x0000000000017cd5                memb_init
                0x0000000000017d34                memb_alloc
                0x0000000000017dac                memb_free
                0x0000000000017e44                memb_inmemb
                0x0000000000017e97                memb_numfree
 .text          0x0000000000017ee3       0x27 contiki-native.a(random.o)
                0x0000000000017ee3                random_init
                0x0000000000017eff                random_rand
 .text          0x0000000000017f0a      0xa43 contiki-native.a(uip-icmp6.o)
                0x0000000000017f83                uip_icmp6_input
                0x0000000000017fdd                uip_icmp6_register_input_handler
                0x0000000000018210                uip_icmp6_error_output
                0x00000000000185c2                uip_icmp6_send
                0x00000000000188c6                uip_icmp6_echo_reply_callback_add
                0x0000000000018909                uip_icmp6_echo_reply_callback_rm
                0x000000000001892e                uip_icmp6_init
 .text          0x000000000001894d     0x1f2e contiki-native.a(rpl-icmp6.o)
                0x0000000000018c5a                rpl_icmp6_update_nbr_table
                0x0000000000018d65                dis_output
                0x00000000000194be                dio_output
                0x000000000001a3ac                dao_output
                0x000000000001a482                dao_output_target
                0x000000000001a82d                dao_ack_output
                0x000000000001a844                rpl_icmp6_register_handlers
 .text          0x000000000001a87b      0x38d contiki-native.a(rpl-nbr-policy.)
                0x000000000001aa7d                find_removable_dis
                0x000000000001aaa9                find_removable_dio
                0x000000000001ab3e                find_removable_dao
                0x000000000001ab9f                rpl_nbr_policy_find_removable
 .text          0x000000000001ac08      0xc72 contiki-native.a(frame802154.o)
                0x000000000001ac36                frame802154_get_pan_id
                0x000000000001ac43                frame802154_set_pan_id
                0x000000000001ac5b                frame802154_has_panid
                0x000000000001ae36                frame802154_check_dest_panid
                0x000000000001aed1                frame802154_is_broadcast_addr
                0x000000000001af24                frame802154_extract_linkaddr
                0x000000000001b1b4                frame802154_hdrlen
                0x000000000001b22f                frame802154_create_fcf
                0x000000000001b2fd                frame802154_create
                0x000000000001b4a3                frame802154_parse_fcf
                0x000000000001b596                frame802154_parse
 .text          0x000000000001b87a       0x48 contiki-native.a(mac.o)
                0x000000000001b87a                mac_call_sent_callback
 *fill*         0x000000000001b8c2        0xe 
 .text          0x000000000001b8d0       0x72 /usr/lib/x86_64-linux-gnu/libc_nonshared.a(elf-init.oS)
                0x000000000001b8d0                __libc_csu_init
                0x000000000001b940                __libc_csu_fini
 .text          0x000000000001b942        0x0 /usr/lib/gcc/x86_64-linux-gnu/7/crtendS.o
 .text          0x000000000001b942        0x0 /usr/lib/gcc/x86_64-linux-gnu/7/../../../x86_64-linux-gnu/crtn.o
 *(.gnu.warning)

.fini           0x000000000001b944        0x9
 *(SORT_NONE(.fini))
 .fini          0x000000000001b944        0x4 /usr/lib/gcc/x86_64-linux-gnu/7/../../../x86_64-linux-gnu/crti.o
                0x000000000001b944                _fini
 .fini          0x000000000001b948        0x5 /usr/lib/gcc/x86_64-linux-gnu/7/../../../x86_64-linux-gnu/crtn.o
                [!provide]                        PROVIDE (__etext = .)
                [!provide]                        PROVIDE (_etext = .)
                [!provide]                        PROVIDE (etext = .)

.rodata         0x000000000001b950      0x360
 *(.rodata .rodata.* .gnu.linkonce.r.*)
 .rodata.cst4   0x000000000001b950        0x4 /usr/lib/gcc/x86_64-linux-gnu/7/../../../x86_64-linux-gnu/Scrt1.o
                0x000000000001b950                _IO_stdin_used
 .rodata        0x000000000001b954       0x21 hello-world.co
 *fill*         0x000000000001b975        0x3 
 .rodata        0x000000000001b978       0xb8 contiki-native.a(contiki-main.o)
 .rodata        0x000000000001ba30        0x7 contiki-native.a(button-sensor.o)
 .rodata        0x000000000001ba37        0x4 contiki-native.a(pir-sensor.o)
 .rodata        0x000000000001ba3b        0xa contiki-native.a(vib-sensor.o)
 .rodata        0x000000000001ba45        0x8 contiki-native.a(sensors.o)
 .rodata        0x000000000001ba4d        0xf contiki-native.a(ctimer.o)
 .rodata        0x000000000001ba5c        0xc contiki-native.a(etimer.o)
 .rodata        0x000000000001ba68        0xe contiki-native.a(serial-line.o)
 *fill*         0x000000000001ba76        0x2 
 .rodata        0x000000000001ba78      0x13c contiki-native.a(uip6.o)
 .rodata        0x000000000001bbb4       0x1d contiki-native.a(sicslowpan.o)
                0x000000000001bbb4                unc_llconf
                0x000000000001bbb8                unc_ctxconf
                0x000000000001bbbc                unc_mxconf
                0x000000000001bbc0                llprefix
 .rodata        0x000000000001bbd1       0x28 contiki-native.a(uip-debug.o)
 .rodata        0x000000000001bbf9        0xd contiki-native.a(tcpip.o)
 *fill*         0x000000000001bc06        0x2 
 .rodata        0x000000000001bc08       0x88 contiki-native.a(rpl-dag.o)
 .rodata        0x000000000001bc90        0x8 contiki-native.a(linkaddr.o)
                0x000000000001bc90                linkaddr_null
 .rodata        0x000000000001bc98        0x8 contiki-native.a(nullmac.o)
 .rodata        0x000000000001bca0        0x8 contiki-native.a(nullrdc.o)
 .rodata        0x000000000001bca8        0x8 contiki-native.a(nullsec.o)

.rodata1
 *(.rodata1)

.eh_frame_hdr   0x000000000001bcb0      0xf9c
 *(.eh_frame_hdr)
 .eh_frame_hdr  0x000000000001bcb0      0xf9c /usr/lib/gcc/x86_64-linux-gnu/7/../../../x86_64-linux-gnu/Scrt1.o
                0x000000000001bcb0                __GNU_EH_FRAME_HDR
 *(.eh_frame_entry .eh_frame_entry.*)

.eh_frame       0x000000000001cc50     0x3f00
 *(.eh_frame)
 .eh_frame      0x000000000001cc50       0x30 /usr/lib/gcc/x86_64-linux-gnu/7/../../../x86_64-linux-gnu/Scrt1.o
                                         0x2c (size before relaxing)
 *fill*         0x000000000001cc80        0x0 
 .eh_frame      0x000000000001cc80       0x40 /usr/lib/gcc/x86_64-linux-gnu/7/../../../x86_64-linux-gnu/Scrt1.o
 .eh_frame      0x000000000001ccc0       0x18 /usr/lib/gcc/x86_64-linux-gnu/7/../../../x86_64-linux-gnu/Scrt1.o
                                         0x30 (size before relaxing)
 .eh_frame      0x000000000001ccd8       0x20 hello-world.co
                                         0x38 (size before relaxing)
 .eh_frame      0x000000000001ccf8       0xe0 contiki-native.a(contiki-main.o)
                                         0xf8 (size before relaxing)
 .eh_frame      0x000000000001cdd8       0x80 contiki-native.a(button-sensor.o)
                                         0x98 (size before relaxing)
 .eh_frame      0x000000000001ce58       0x80 contiki-native.a(pir-sensor.o)
                                         0x98 (size before relaxing)
 .eh_frame      0x000000000001ced8       0x80 contiki-native.a(vib-sensor.o)
                                         0x98 (size before relaxing)
 .eh_frame      0x000000000001cf58       0xc0 contiki-native.a(sensors.o)
                                         0xd8 (size before relaxing)
 .eh_frame      0x000000000001d018       0x40 contiki-native.a(autostart.o)
                                         0x58 (size before relaxing)
 .eh_frame      0x000000000001d058      0x100 contiki-native.a(ctimer.o)
                                        0x118 (size before relaxing)
 .eh_frame      0x000000000001d158      0x1e0 contiki-native.a(etimer.o)
                                        0x1f8 (size before relaxing)
 .eh_frame      0x000000000001d338      0x1c8 contiki-native.a(process.o)
                                        0x1e0 (size before relaxing)
 .eh_frame      0x000000000001d500       0x60 contiki-native.a(rtimer.o)
                                         0x78 (size before relaxing)
 .eh_frame      0x000000000001d560       0xa0 contiki-native.a(timer.o)
                                         0xb8 (size before relaxing)
 .eh_frame      0x000000000001d600       0x60 contiki-native.a(serial-line.o)
                                         0x78 (size before relaxing)
 .eh_frame      0x000000000001d660      0x180 contiki-native.a(list.o)
                                        0x198 (size before relaxing)
 .eh_frame      0x000000000001d7e0       0xa0 contiki-native.a(ringbuf.o)
                                         0xb8 (size before relaxing)
 .eh_frame      0x000000000001d880      0x2c8 contiki-native.a(uip-ds6.o)
                                        0x2e0 (size before relaxing)
 .eh_frame      0x000000000001db48      0x2c0 contiki-native.a(uip-ds6-route.o)
                                        0x2d8 (size before relaxing)
 .eh_frame      0x000000000001de08      0x270 contiki-native.a(uip6.o)
                                        0x288 (size before relaxing)
 .eh_frame      0x000000000001e078      0x160 contiki-native.a(uip-ds6-nbr.o)
                                        0x178 (size before relaxing)
 .eh_frame      0x000000000001e1d8       0x80 contiki-native.a(uip-nd6.o)
                                         0x98 (size before relaxing)
 .eh_frame      0x000000000001e258      0x2a0 contiki-native.a(sicslowpan.o)
                                        0x2b8 (size before relaxing)
 .eh_frame      0x000000000001e4f8       0x20 contiki-native.a(uip-debug.o)
                                         0x38 (size before relaxing)
 .eh_frame      0x000000000001e518       0xe0 contiki-native.a(uip-packetqueue)
                                         0xf8 (size before relaxing)
 .eh_frame      0x000000000001e5f8      0x2a8 contiki-native.a(tcpip.o)
                                        0x2c0 (size before relaxing)
 .eh_frame      0x000000000001e8a0      0x710 contiki-native.a(rpl-dag.o)
                                        0x728 (size before relaxing)
 .eh_frame      0x000000000001efb0      0x228 contiki-native.a(rpl-timers.o)
                                        0x240 (size before relaxing)
 .eh_frame      0x000000000001f1d8       0xa0 contiki-native.a(rpl-ext-header.)
                                         0xb8 (size before relaxing)
 .eh_frame      0x000000000001f278      0x140 contiki-native.a(rpl.o)
                                        0x158 (size before relaxing)
 .eh_frame      0x000000000001f3b8      0x128 contiki-native.a(rpl-mrhof.o)
                                        0x140 (size before relaxing)
 .eh_frame      0x000000000001f4e0      0x1a0 contiki-native.a(queuebuf.o)
                                        0x1b8 (size before relaxing)
 .eh_frame      0x000000000001f680      0x2a0 contiki-native.a(nbr-table.o)
                                        0x2b8 (size before relaxing)
 .eh_frame      0x000000000001f920      0x2a8 contiki-native.a(packetbuf.o)
                                        0x2c0 (size before relaxing)
 .eh_frame      0x000000000001fbc8       0x20 contiki-native.a(netstack.o)
                                         0x38 (size before relaxing)
 .eh_frame      0x000000000001fbe8       0x60 contiki-native.a(linkaddr.o)
                                         0x78 (size before relaxing)
 .eh_frame      0x000000000001fc48       0xe0 contiki-native.a(link-stats.o)
                                         0xf8 (size before relaxing)
 .eh_frame      0x000000000001fd28       0xc0 contiki-native.a(nullmac.o)
                                         0xd8 (size before relaxing)
 .eh_frame      0x000000000001fde8       0x88 contiki-native.a(framer-802154.o)
                                         0xa0 (size before relaxing)
 .eh_frame      0x000000000001fe70      0x108 contiki-native.a(nullrdc.o)
                                        0x120 (size before relaxing)
 .eh_frame      0x000000000001ff78       0x60 contiki-native.a(nullsec.o)
                                         0x78 (size before relaxing)
 .eh_frame      0x000000000001ffd8       0x60 contiki-native.a(clock.o)
                                         0x78 (size before relaxing)
 .eh_frame      0x0000000000020038       0x60 contiki-native.a(rtimer-arch.o)
                                         0x78 (size before relaxing)
 .eh_frame      0x0000000000020098       0xa0 contiki-native.a(watchdog.o)
                                         0xb8 (size before relaxing)
 .eh_frame      0x0000000000020138       0xc0 contiki-native.a(stimer.o)
                                         0xd8 (size before relaxing)
 .eh_frame      0x00000000000201f8      0x1c0 contiki-native.a(nullradio.o)
                                        0x1d8 (size before relaxing)
 .eh_frame      0x00000000000203b8       0xa0 contiki-native.a(memb.o)
                                         0xb8 (size before relaxing)
 .eh_frame      0x0000000000020458       0x40 contiki-native.a(random.o)
                                         0x58 (size before relaxing)
 .eh_frame      0x0000000000020498      0x148 contiki-native.a(uip-icmp6.o)
                                        0x160 (size before relaxing)
 .eh_frame      0x00000000000205e0      0x288 contiki-native.a(rpl-icmp6.o)
                                        0x2a0 (size before relaxing)
 .eh_frame      0x0000000000020868       0xc0 contiki-native.a(rpl-nbr-policy.)
                                         0xd8 (size before relaxing)
 .eh_frame      0x0000000000020928      0x1a8 contiki-native.a(frame802154.o)
                                        0x1c0 (size before relaxing)
 .eh_frame      0x0000000000020ad0       0x20 contiki-native.a(mac.o)
                                         0x38 (size before relaxing)
 .eh_frame      0x0000000000020af0       0x5c /usr/lib/x86_64-linux-gnu/libc_nonshared.a(elf-init.oS)
                                         0x78 (size before relaxing)
 .eh_frame      0x0000000000020b4c        0x4 /usr/lib/gcc/x86_64-linux-gnu/7/crtendS.o
 *(.eh_frame.*)

.gcc_except_table
 *(.gcc_except_table .gcc_except_table.*)

.gnu_extab
 *(.gnu_extab*)

.exception_ranges
 *(.exception_ranges .exception_ranges*)
                0x0000000000221b30                . = DATA_SEGMENT_ALIGN (CONSTANT (MAXPAGESIZE), CONSTANT (COMMONPAGESIZE))

.eh_frame
 *(.eh_frame)
 *(.eh_frame.*)

.gnu_extab
 *(.gnu_extab)

.gcc_except_table
 *(.gcc_except_table .gcc_except_table.*)

.exception_ranges
 *(.exception_ranges .exception_ranges*)

.tdata
 *(.tdata .tdata.* .gnu.linkonce.td.*)

.tbss
 *(.tbss .tbss.* .gnu.linkonce.tb.*)
 *(.tcommon)

.preinit_array  0x0000000000221b30        0x0
                [!provide]                        PROVIDE (__preinit_array_start = .)
 *(.preinit_array)
                [!provide]                        PROVIDE (__preinit_array_end = .)

.init_array     0x0000000000221b30        0x8
                0x0000000000221b30                PROVIDE (__init_array_start = .)
 *(SORT_BY_INIT_PRIORITY(.init_array.*) SORT_BY_INIT_PRIORITY(.ctors.*))
 *(.init_array EXCLUDE_FILE(*crtend?.o *crtend.o *crtbegin?.o *crtbegin.o) .ctors)
 .init_array    0x0000000000221b30        0x8 /usr/lib/gcc/x86_64-linux-gnu/7/crtbeginS.o
                0x0000000000221b38                PROVIDE (__init_array_end = .)

.fini_array     0x0000000000221b38        0x8
                [!provide]                        PROVIDE (__fini_array_start = .)
 *(SORT_BY_INIT_PRIORITY(.fini_array.*) SORT_BY_INIT_PRIORITY(.dtors.*))
 *(.fini_array EXCLUDE_FILE(*crtend?.o *crtend.o *crtbegin?.o *crtbegin.o) .dtors)
 .fini_array    0x0000000000221b38        0x8 /usr/lib/gcc/x86_64-linux-gnu/7/crtbeginS.o
                [!provide]                        PROVIDE (__fini_array_end = .)

.ctors
 *crtbegin.o(.ctors)
 *crtbegin?.o(.ctors)
 *(EXCLUDE_FILE(*crtend?.o *crtend.o) .ctors)
 *(SORT_BY_NAME(.ctors.*))
 *(.ctors)

.dtors
 *crtbegin.o(.dtors)
 *crtbegin?.o(.dtors)
 *(EXCLUDE_FILE(*crtend?.o *crtend.o) .dtors)
 *(SORT_BY_NAME(.dtors.*))
 *(.dtors)

.jcr
 *(.jcr)

.data.rel.ro    0x0000000000221b40      0x1d8
 *(.data.rel.ro.local* .gnu.linkonce.d.rel.ro.local.*)
 .data.rel.ro.local
                0x0000000000221b40       0x10 hello-world.co
                0x0000000000221b40                autostart_processes
 .data.rel.ro.local
                0x0000000000221b50       0x10 contiki-native.a(contiki-main.o)
 .data.rel.ro.local
                0x0000000000221b60       0x20 contiki-native.a(button-sensor.o)
                0x0000000000221b60                button_sensor
 .data.rel.ro.local
                0x0000000000221b80       0x20 contiki-native.a(pir-sensor.o)
                0x0000000000221b80                pir_sensor
 .data.rel.ro.local
                0x0000000000221ba0       0x20 contiki-native.a(vib-sensor.o)
                0x0000000000221ba0                vib_sensor
 .data.rel.ro.local
                0x0000000000221bc0       0x18 contiki-native.a(sicslowpan.o)
                0x0000000000221bc0                sicslowpan_driver
 *fill*         0x0000000000221bd8        0x8 
 .data.rel.ro.local
                0x0000000000221be0       0x38 contiki-native.a(nullmac.o)
                0x0000000000221be0                nullmac_driver
 *fill*         0x0000000000221c18        0x8 
 .data.rel.ro.local
                0x0000000000221c20       0x18 contiki-native.a(framer-802154.o)
                0x0000000000221c20                framer_802154
 *fill*         0x0000000000221c38        0x8 
 .data.rel.ro.local
                0x0000000000221c40       0x40 contiki-native.a(nullrdc.o)
                0x0000000000221c40                nullrdc_driver
 .data.rel.ro.local
                0x0000000000221c80       0x20 contiki-native.a(nullsec.o)
                0x0000000000221c80                nullsec_driver
 .data.rel.ro.local
                0x0000000000221ca0       0x70 contiki-native.a(nullradio.o)
                0x0000000000221ca0                nullradio_driver
 *(.data.rel.ro .data.rel.ro.* .gnu.linkonce.d.rel.ro.*)
 .data.rel.ro   0x0000000000221d10        0x0 /usr/lib/gcc/x86_64-linux-gnu/7/../../../x86_64-linux-gnu/Scrt1.o
 .data.rel.ro   0x0000000000221d10        0x8 contiki-native.a(rpl-dag.o)

.dynamic        0x0000000000221d18      0x1f0
 *(.dynamic)
 .dynamic       0x0000000000221d18      0x1f0 /usr/lib/gcc/x86_64-linux-gnu/7/../../../x86_64-linux-gnu/Scrt1.o
                0x0000000000221d18                _DYNAMIC

.got            0x0000000000221f08       0xf0
 *(.got.plt)
 .got.plt       0x0000000000221f08       0xc8 /usr/lib/gcc/x86_64-linux-gnu/7/../../../x86_64-linux-gnu/Scrt1.o
                0x0000000000221f08                _GLOBAL_OFFSET_TABLE_
 *(.igot.plt)
 *(.got)
 .got           0x0000000000221fd0       0x28 /usr/lib/gcc/x86_64-linux-gnu/7/../../../x86_64-linux-gnu/Scrt1.o
 *(.igot)
                0x0000000000222000                . = DATA_SEGMENT_RELRO_END (., 0x0)

.data           0x0000000000222000      0x3ea
 *(.data .data.* .gnu.linkonce.d.*)
 .data          0x0000000000222000        0x4 /usr/lib/gcc/x86_64-linux-gnu/7/../../../x86_64-linux-gnu/Scrt1.o
                0x0000000000222000                data_start
                0x0000000000222000                __data_start
 .data          0x0000000000222004        0x0 /usr/lib/gcc/x86_64-linux-gnu/7/../../../x86_64-linux-gnu/crti.o
 .data          0x0000000000222004        0x0 /usr/lib/gcc/x86_64-linux-gnu/7/crtbeginS.o
 *fill*         0x0000000000222004        0x4 
 .data.rel.local
                0x0000000000222008        0x8 /usr/lib/gcc/x86_64-linux-gnu/7/crtbeginS.o
                0x0000000000222008                __dso_handle
 .data          0x0000000000222010        0x0 hello-world.co
 *fill*         0x0000000000222010       0x10 
 .data.rel.local
                0x0000000000222020       0x20 hello-world.co
                0x0000000000222020                hello_world_process
 .data          0x0000000000222040        0x8 contiki-native.a(contiki-main.o)
 *fill*         0x0000000000222048       0x18 
 .data.rel      0x0000000000222060       0x20 contiki-native.a(contiki-main.o)
                0x0000000000222060                sensors
 .data          0x0000000000222080        0x0 contiki-native.a(button-sensor.o)
 .data          0x0000000000222080        0x0 contiki-native.a(pir-sensor.o)
 .data          0x0000000000222080        0x0 contiki-native.a(vib-sensor.o)
 .data          0x0000000000222080        0x0 contiki-native.a(sensors.o)
 .data.rel.local
                0x0000000000222080       0x20 contiki-native.a(sensors.o)
                0x0000000000222080                sensors_process
 .data          0x00000000002220a0        0x0 contiki-native.a(autostart.o)
 .data          0x00000000002220a0        0x0 contiki-native.a(ctimer.o)
 .data.rel.local
                0x00000000002220a0       0x40 contiki-native.a(ctimer.o)
                0x00000000002220c0                ctimer_process
 .data          0x00000000002220e0        0x0 contiki-native.a(etimer.o)
 .data.rel.local
                0x00000000002220e0       0x20 contiki-native.a(etimer.o)
                0x00000000002220e0                etimer_process
 .data          0x0000000000222100        0x0 contiki-native.a(process.o)
 .data          0x0000000000222100        0x0 contiki-native.a(rtimer.o)
 .data          0x0000000000222100        0x0 contiki-native.a(timer.o)
 .data          0x0000000000222100        0x0 contiki-native.a(serial-line.o)
 .data.rel.local
                0x0000000000222100       0x20 contiki-native.a(serial-line.o)
                0x0000000000222100                serial_line_process
 .data          0x0000000000222120        0x0 contiki-native.a(list.o)
 .data          0x0000000000222120        0x0 contiki-native.a(ringbuf.o)
 .data          0x0000000000222120        0x0 contiki-native.a(uip-ds6.o)
 .data          0x0000000000222120        0x0 contiki-native.a(uip-ds6-route.o)
 .data.rel.local
                0x0000000000222120       0x80 contiki-native.a(uip-ds6-route.o)
                0x0000000000222138                nbr_routes
 .data          0x00000000002221a0        0x0 contiki-native.a(uip6.o)
 .data          0x00000000002221a0        0x0 contiki-native.a(uip-ds6-nbr.o)
 .data.rel.local
                0x00000000002221a0       0x20 contiki-native.a(uip-ds6-nbr.o)
                0x00000000002221b8                ds6_neighbors
 .data          0x00000000002221c0        0x0 contiki-native.a(uip-nd6.o)
 .data.rel.local
                0x00000000002221c0       0x18 contiki-native.a(uip-nd6.o)
 .data          0x00000000002221d8        0x0 contiki-native.a(sicslowpan.o)
 .data          0x00000000002221d8        0x0 contiki-native.a(uip-debug.o)
 .data          0x00000000002221d8        0x0 contiki-native.a(uip-packetqueue)
 *fill*         0x00000000002221d8        0x8 
 .data.rel.local
                0x00000000002221e0       0x18 contiki-native.a(uip-packetqueue)
 .data          0x00000000002221f8        0x0 contiki-native.a(tcpip.o)
 *fill*         0x00000000002221f8        0x8 
 .data.rel.local
                0x0000000000222200       0x20 contiki-native.a(tcpip.o)
                0x0000000000222200                tcpip_process
 .data          0x0000000000222220        0x0 contiki-native.a(rpl-dag.o)
 .data.rel.local
                0x0000000000222220       0x20 contiki-native.a(rpl-dag.o)
                0x0000000000222238                rpl_parents
 .data          0x0000000000222240        0x0 contiki-native.a(rpl-timers.o)
 .data          0x0000000000222240        0x0 contiki-native.a(rpl-ext-header.)
 .data          0x0000000000222240        0x0 contiki-native.a(rpl.o)
 .data          0x0000000000222240        0x0 contiki-native.a(rpl-mrhof.o)
 .data.rel.local
                0x0000000000222240       0x48 contiki-native.a(rpl-mrhof.o)
                0x0000000000222240                rpl_mrhof
 .data          0x0000000000222288        0x0 contiki-native.a(queuebuf.o)
 *fill*         0x0000000000222288        0x8 
 .data.rel.local
                0x0000000000222290       0x38 contiki-native.a(queuebuf.o)
 .data          0x00000000002222c8        0x0 contiki-native.a(nbr-table.o)
 *fill*         0x00000000002222c8        0x8 
 .data.rel.local
                0x00000000002222d0       0x20 contiki-native.a(nbr-table.o)
 .data          0x00000000002222f0        0x0 contiki-native.a(packetbuf.o)
 .data.rel.local
                0x00000000002222f0        0x8 contiki-native.a(packetbuf.o)
 .data          0x00000000002222f8        0x0 contiki-native.a(netstack.o)
 .data          0x00000000002222f8        0x0 contiki-native.a(linkaddr.o)
 .data          0x00000000002222f8        0x0 contiki-native.a(link-stats.o)
 *fill*         0x00000000002222f8        0x8 
 .data.rel.local
                0x0000000000222300       0x20 contiki-native.a(link-stats.o)
 .data          0x0000000000222320        0x0 contiki-native.a(nullmac.o)
 .data          0x0000000000222320        0x0 contiki-native.a(framer-802154.o)
 .data          0x0000000000222320        0x0 contiki-native.a(nullrdc.o)
 .data          0x0000000000222320        0x0 contiki-native.a(nullsec.o)
 .data          0x0000000000222320        0x0 contiki-native.a(clock.o)
 .data          0x0000000000222320        0x0 contiki-native.a(rtimer-arch.o)
 .data          0x0000000000222320        0x0 contiki-native.a(watchdog.o)
 .data          0x0000000000222320        0x0 contiki-native.a(stimer.o)
 .data          0x0000000000222320        0x0 contiki-native.a(nullradio.o)
 .data          0x0000000000222320        0x0 contiki-native.a(memb.o)
 .data          0x0000000000222320        0x0 contiki-native.a(random.o)
 .data          0x0000000000222320        0x0 contiki-native.a(uip-icmp6.o)
 .data.rel.local
                0x0000000000222320       0x48 contiki-native.a(uip-icmp6.o)
 .data          0x0000000000222368        0x1 contiki-native.a(rpl-icmp6.o)
 *fill*         0x0000000000222369        0x7 
 .data.rel.local
                0x0000000000222370       0x78 contiki-native.a(rpl-icmp6.o)
 .data          0x00000000002223e8        0x0 contiki-native.a(rpl-nbr-policy.)
 .data          0x00000000002223e8        0x2 contiki-native.a(frame802154.o)
 .data          0x00000000002223ea        0x0 contiki-native.a(mac.o)
 .data          0x00000000002223ea        0x0 /usr/lib/x86_64-linux-gnu/libc_nonshared.a(elf-init.oS)
 .data          0x00000000002223ea        0x0 /usr/lib/gcc/x86_64-linux-gnu/7/crtendS.o
 .data          0x00000000002223ea        0x0 /usr/lib/gcc/x86_64-linux-gnu/7/../../../x86_64-linux-gnu/crtn.o

.tm_clone_table
                0x00000000002223f0        0x0
 .tm_clone_table
                0x00000000002223f0        0x0 /usr/lib/gcc/x86_64-linux-gnu/7/crtbeginS.o
 .tm_clone_table
                0x00000000002223f0        0x0 /usr/lib/gcc/x86_64-linux-gnu/7/crtendS.o

.data1
 *(.data1)
                0x00000000002223f0                _edata = .
                [!provide]                        PROVIDE (edata = .)
                0x00000000002223f0                . = .
                0x00000000002223f0                __bss_start = .

.bss            0x0000000000222400     0x4420
 *(.dynbss)
 .dynbss        0x0000000000222400       0x28 /usr/lib/gcc/x86_64-linux-gnu/7/../../../x86_64-linux-gnu/Scrt1.o
                0x0000000000222400                stdout@@GLIBC_2.2.5
                0x0000000000222420                stderr@@GLIBC_2.2.5
 *(.bss .bss.* .gnu.linkonce.b.*)
 .bss           0x0000000000222428        0x0 /usr/lib/gcc/x86_64-linux-gnu/7/../../../x86_64-linux-gnu/Scrt1.o
 .bss           0x0000000000222428        0x0 /usr/lib/gcc/x86_64-linux-gnu/7/../../../x86_64-linux-gnu/crti.o
 .bss           0x0000000000222428        0x1 /usr/lib/gcc/x86_64-linux-gnu/7/crtbeginS.o
 .bss           0x0000000000222429        0x0 hello-world.co
 *fill*         0x0000000000222429       0x17 
 .bss           0x0000000000222440       0x64 contiki-native.a(contiki-main.o)
                0x0000000000222440                contiki_argc
 .bss           0x00000000002224a4        0x0 contiki-native.a(button-sensor.o)
 .bss           0x00000000002224a4        0x4 contiki-native.a(pir-sensor.o)
 .bss           0x00000000002224a8        0x4 contiki-native.a(vib-sensor.o)
 .bss           0x00000000002224ac        0xc contiki-native.a(sensors.o)
 .bss           0x00000000002224b8        0x0 contiki-native.a(autostart.o)
 .bss           0x00000000002224b8        0x9 contiki-native.a(ctimer.o)
 *fill*         0x00000000002224c1        0x7 
 .bss           0x00000000002224c8       0x10 contiki-native.a(etimer.o)
 *fill*         0x00000000002224d8        0x8 
 .bss           0x00000000002224e0      0x321 contiki-native.a(process.o)
                0x00000000002224e0                process_list
                0x00000000002224e8                process_current
 *fill*         0x0000000000222801        0x7 
 .bss           0x0000000000222808        0x8 contiki-native.a(rtimer.o)
 .bss           0x0000000000222810        0x0 contiki-native.a(timer.o)
 *fill*         0x0000000000222810       0x10 
 .bss           0x0000000000222820      0x140 contiki-native.a(serial-line.o)
 .bss           0x0000000000222960        0x0 contiki-native.a(list.o)
 .bss           0x0000000000222960        0x0 contiki-native.a(ringbuf.o)
 .bss           0x0000000000222960       0x30 contiki-native.a(uip-ds6.o)
 *fill*         0x0000000000222990       0x10 
 .bss           0x00000000002229a0      0xc28 contiki-native.a(uip-ds6-route.o)
 .bss           0x00000000002235c8        0xa contiki-native.a(uip6.o)
                0x00000000002235c8                uip_ext_bitmap
                0x00000000002235c9                uip_ext_len
                0x00000000002235ca                uip_ext_opt_offset
 *fill*         0x00000000002235d2        0xe 
 .bss           0x00000000002235e0      0x3c0 contiki-native.a(uip-ds6-nbr.o)
 .bss           0x00000000002239a0       0x20 contiki-native.a(uip-nd6.o)
 .bss           0x00000000002239c0      0x728 contiki-native.a(sicslowpan.o)
 .bss           0x00000000002240e8        0x0 contiki-native.a(uip-debug.o)
 *fill*         0x00000000002240e8       0x18 
 .bss           0x0000000000224100      0x410 contiki-native.a(uip-packetqueue)
 *fill*         0x0000000000224510       0x10 
 .bss           0x0000000000224520      0x2b0 contiki-native.a(tcpip.o)
 *fill*         0x00000000002247d0       0x10 
 .bss           0x00000000002247e0      0x1e0 contiki-native.a(rpl-dag.o)
 .bss           0x00000000002249c0       0x43 contiki-native.a(rpl-timers.o)
 .bss           0x0000000000224a03        0x0 contiki-native.a(rpl-ext-header.)
 *fill*         0x0000000000224a03        0x1 
 .bss           0x0000000000224a04        0x4 contiki-native.a(rpl.o)
 .bss           0x0000000000224a08        0x0 contiki-native.a(rpl-mrhof.o)
 *fill*         0x0000000000224a08       0x18 
 .bss           0x0000000000224a20      0x600 contiki-native.a(queuebuf.o)
 .bss           0x0000000000225020      0x2a8 contiki-native.a(nbr-table.o)
 *fill*         0x00000000002252c8       0x18 
 .bss           0x00000000002252e0       0xa0 contiki-native.a(packetbuf.o)
 .bss           0x0000000000225380        0x0 contiki-native.a(netstack.o)
 .bss           0x0000000000225380        0x0 contiki-native.a(linkaddr.o)
 .bss           0x0000000000225380      0x1e0 contiki-native.a(link-stats.o)
 .bss           0x0000000000225560        0x0 contiki-native.a(nullmac.o)
 .bss           0x0000000000225560        0x2 contiki-native.a(framer-802154.o)
 .bss           0x0000000000225562        0x0 contiki-native.a(nullrdc.o)
 .bss           0x0000000000225562        0x0 contiki-native.a(nullsec.o)
 .bss           0x0000000000225562        0x0 contiki-native.a(clock.o)
 .bss           0x0000000000225562        0x0 contiki-native.a(rtimer-arch.o)
 .bss           0x0000000000225562        0x0 contiki-native.a(watchdog.o)
 .bss           0x0000000000225562        0x0 contiki-native.a(stimer.o)
 .bss           0x0000000000225562        0x0 contiki-native.a(nullradio.o)
 .bss           0x0000000000225562        0x0 contiki-native.a(memb.o)
 .bss           0x0000000000225562        0x0 contiki-native.a(random.o)
 *fill*         0x0000000000225562        0xe 
 .bss           0x0000000000225570       0x20 contiki-native.a(uip-icmp6.o)
 .bss           0x0000000000225590        0x0 contiki-native.a(rpl-icmp6.o)
 *fill*         0x0000000000225590       0x10 
 .bss           0x00000000002255a0       0x64 contiki-native.a(rpl-nbr-policy.)
 .bss           0x0000000000225604        0x0 contiki-native.a(frame802154.o)
 .bss           0x0000000000225604        0x0 contiki-native.a(mac.o)
 .bss           0x0000000000225604        0x0 /usr/lib/x86_64-linux-gnu/libc_nonshared.a(elf-init.oS)
 .bss           0x0000000000225604        0x0 /usr/lib/gcc/x86_64-linux-gnu/7/crtendS.o
 .bss           0x0000000000225604        0x0 /usr/lib/gcc/x86_64-linux-gnu/7/../../../x86_64-linux-gnu/crtn.o
 *(COMMON)
 *fill*         0x0000000000225604        0x4 
 COMMON         0x0000000000225608        0xc contiki-native.a(contiki-main.o)
                0x0000000000225608                contiki_argv
                0x0000000000225610                sensors_flags
 COMMON         0x0000000000225614        0x1 contiki-native.a(sensors.o)
                0x0000000000225614                sensors_event
 COMMON         0x0000000000225615        0x1 contiki-native.a(serial-line.o)
                0x0000000000225615                serial_line_event_message
 *fill*         0x0000000000225616        0xa 
 COMMON         0x0000000000225620      0x1c1 contiki-native.a(uip-ds6.o)
                0x0000000000225620                uip_ds6_prefix_list
                0x0000000000225680                uip_ds6_timer_periodic
                0x00000000002256a0                uip_ds6_netif_addr_list_offset
                0x00000000002256c0                uip_ds6_if
                0x00000000002257d0                uip_ds6_timer_ra
                0x00000000002257e0                uip_ds6_addr_size
 *fill*         0x00000000002257e1       0x1f 
 COMMON         0x0000000000225800      0xd38 contiki-native.a(uip6.o)
                0x0000000000225800                uip_slen
                0x0000000000225802                uip_acc32
                0x0000000000225820                uip_conns
                0x00000000002260e0                uip_icmp6_conns
                0x00000000002260f0                uip_lladdr
                0x00000000002260f8                uip_appdata
                0x0000000000226100                uip_flags
                0x0000000000226120                uip_aligned_buf
                0x00000000002262e0                uip_listenports
                0x0000000000226330                uip_len
                0x0000000000226338                uip_sappdata
                0x0000000000226340                uip_udp_conns
                0x0000000000226520                uip_udp_conn
                0x0000000000226528                uip_next_hdr
                0x0000000000226530                uip_conn
 COMMON         0x0000000000226538        0x2 contiki-native.a(tcpip.o)
                0x0000000000226538                tcpip_icmp6_event
                0x0000000000226539                tcpip_event
 *fill*         0x000000000022653a        0x6 
 COMMON         0x0000000000226540      0x250 contiki-native.a(rpl-dag.o)
                0x0000000000226540                default_instance
                0x0000000000226560                instance_table
 COMMON         0x0000000000226790       0x30 contiki-native.a(packetbuf.o)
                0x0000000000226790                packetbuf_attrs
                0x00000000002267b0                packetbuf_addrs
 COMMON         0x00000000002267c0        0x8 contiki-native.a(linkaddr.o)
                0x00000000002267c0                linkaddr_node_addr
 *fill*         0x00000000002267c8       0x18 
 COMMON         0x00000000002267e0       0x40 contiki-native.a(link-stats.o)
                0x00000000002267e0                periodic_timer
                0x0000000000226820                . = ALIGN ((. != 0x0)?0x8:0x1)

.lbss
 *(.dynlbss)
 *(.lbss .lbss.* .gnu.linkonce.lb.*)
 *(LARGE_COMMON)
                0x0000000000226820                . = ALIGN (0x8)
                0x0000000000226820                . = SEGMENT_START ("ldata-segment", .)

.lrodata
 *(.lrodata .lrodata.* .gnu.linkonce.lr.*)

.ldata          0x0000000000626820        0x0
 *(.ldata .ldata.* .gnu.linkonce.l.*)
                0x0000000000626820                . = ALIGN ((. != 0x0)?0x8:0x1)
                0x0000000000626820                . = ALIGN (0x8)
                0x0000000000626820                _end = .
                [!provide]                        PROVIDE (end = .)
                0x0000000000626820                . = DATA_SEGMENT_END (.)

.stab
 *(.stab)

.stabstr
 *(.stabstr)

.stab.excl
 *(.stab.excl)

.stab.exclstr
 *(.stab.exclstr)

.stab.index
 *(.stab.index)

.stab.indexstr
 *(.stab.indexstr)

.comment        0x0000000000000000       0x2a
 *(.comment)
 .comment       0x0000000000000000       0x2a /usr/lib/gcc/x86_64-linux-gnu/7/crtbeginS.o
                                         0x2b (size before relaxing)
 .comment       0x000000000000002a       0x2b hello-world.co
 .comment       0x000000000000002a       0x2b contiki-native.a(contiki-main.o)
 .comment       0x000000000000002a       0x2b contiki-native.a(button-sensor.o)
 .comment       0x000000000000002a       0x2b contiki-native.a(pir-sensor.o)
 .comment       0x000000000000002a       0x2b contiki-native.a(vib-sensor.o)
 .comment       0x000000000000002a       0x2b contiki-native.a(sensors.o)
 .comment       0x000000000000002a       0x2b contiki-native.a(autostart.o)
 .comment       0x000000000000002a       0x2b contiki-native.a(ctimer.o)
 .comment       0x000000000000002a       0x2b contiki-native.a(etimer.o)
 .comment       0x000000000000002a       0x2b contiki-native.a(process.o)
 .comment       0x000000000000002a       0x2b contiki-native.a(rtimer.o)
 .comment       0x000000000000002a       0x2b contiki-native.a(timer.o)
 .comment       0x000000000000002a       0x2b contiki-native.a(serial-line.o)
 .comment       0x000000000000002a       0x2b contiki-native.a(list.o)
 .comment       0x000000000000002a       0x2b contiki-native.a(ringbuf.o)
 .comment       0x000000000000002a       0x2b contiki-native.a(uip-ds6.o)
 .comment       0x000000000000002a       0x2b contiki-native.a(uip-ds6-route.o)
 .comment       0x000000000000002a       0x2b contiki-native.a(uip6.o)
 .comment       0x000000000000002a       0x2b contiki-native.a(uip-ds6-nbr.o)
 .comment       0x000000000000002a       0x2b contiki-native.a(uip-nd6.o)
 .comment       0x000000000000002a       0x2b contiki-native.a(sicslowpan.o)
 .comment       0x000000000000002a       0x2b contiki-native.a(uip-debug.o)
 .comment       0x000000000000002a       0x2b contiki-native.a(uip-packetqueue)
 .comment       0x000000000000002a       0x2b contiki-native.a(tcpip.o)
 .comment       0x000000000000002a       0x2b contiki-native.a(rpl-dag.o)
 .comment       0x000000000000002a       0x2b contiki-native.a(rpl-timers.o)
 .comment       0x000000000000002a       0x2b contiki-native.a(rpl-ext-header.)
 .comment       0x000000000000002a       0x2b contiki-native.a(rpl.o)
 .comment       0x000000000000002a       0x2b contiki-native.a(rpl-mrhof.o)
 .comment       0x000000000000002a       0x2b contiki-native.a(queuebuf.o)
 .comment       0x000000000000002a       0x2b contiki-native.a(nbr-table.o)
 .comment       0x000000000000002a       0x2b contiki-native.a(packetbuf.o)
 .comment       0x000000000000002a       0x2b contiki-native.a(netstack.o)
 .comment       0x000000000000002a       0x2b contiki-native.a(linkaddr.o)
 .comment       0x000000000000002a       0x2b contiki-native.a(link-stats.o)
 .comment       0x000000000000002a       0x2b contiki-native.a(nullmac.o)
 .comment       0x000000000000002a       0x2b contiki-native.a(framer-802154.o)
 .comment       0x000000000000002a       0x2b contiki-native.a(nullrdc.o)
 .comment       0x000000000000002a       0x2b contiki-native.a(nullsec.o)
 .comment       0x000000000000002a       0x2b contiki-native.a(clock.o)
 .comment       0x000000000000002a       0x2b contiki-native.a(rtimer-arch.o)
 .comment       0x000000000000002a       0x2b contiki-native.a(watchdog.o)
 .comment       0x000000000000002a       0x2b contiki-native.a(stimer.o)
 .comment       0x000000000000002a       0x2b contiki-native.a(nullradio.o)
 .comment       0x000000000000002a       0x2b contiki-native.a(memb.o)
 .comment       0x000000000000002a       0x2b contiki-native.a(random.o)
 .comment       0x000000000000002a       0x2b contiki-native.a(uip-icmp6.o)
 .comment       0x000000000000002a       0x2b contiki-native.a(rpl-icmp6.o)
 .comment       0x000000000000002a       0x2b contiki-native.a(rpl-nbr-policy.)
 .comment       0x000000000000002a       0x2b contiki-native.a(frame802154.o)
 .comment       0x000000000000002a       0x2b contiki-native.a(mac.o)
 .comment       0x000000000000002a       0x2b /usr/lib/gcc/x86_64-linux-gnu/7/crtendS.o

.debug
 *(.debug)

.line
 *(.line)

.debug_srcinfo
 *(.debug_srcinfo)

.debug_sfnames
 *(.debug_sfnames)

.debug_aranges  0x0000000000000000      0x990
 *(.debug_aranges)
 .debug_aranges
                0x0000000000000000       0x30 hello-world.co
 .debug_aranges
                0x0000000000000030       0x30 contiki-native.a(contiki-main.o)
 .debug_aranges
                0x0000000000000060       0x30 contiki-native.a(button-sensor.o)
 .debug_aranges
                0x0000000000000090       0x30 contiki-native.a(pir-sensor.o)
 .debug_aranges
                0x00000000000000c0       0x30 contiki-native.a(vib-sensor.o)
 .debug_aranges
                0x00000000000000f0       0x30 contiki-native.a(sensors.o)
 .debug_aranges
                0x0000000000000120       0x30 contiki-native.a(autostart.o)
 .debug_aranges
                0x0000000000000150       0x30 contiki-native.a(ctimer.o)
 .debug_aranges
                0x0000000000000180       0x30 contiki-native.a(etimer.o)
 .debug_aranges
                0x00000000000001b0       0x30 contiki-native.a(process.o)
 .debug_aranges
                0x00000000000001e0       0x30 contiki-native.a(rtimer.o)
 .debug_aranges
                0x0000000000000210       0x30 contiki-native.a(timer.o)
 .debug_aranges
                0x0000000000000240       0x30 contiki-native.a(serial-line.o)
 .debug_aranges
                0x0000000000000270       0x30 contiki-native.a(list.o)
 .debug_aranges
                0x00000000000002a0       0x30 contiki-native.a(ringbuf.o)
 .debug_aranges
                0x00000000000002d0       0x30 contiki-native.a(uip-ds6.o)
 .debug_aranges
                0x0000000000000300       0x30 contiki-native.a(uip-ds6-route.o)
 .debug_aranges
                0x0000000000000330       0x30 contiki-native.a(uip6.o)
 .debug_aranges
                0x0000000000000360       0x30 contiki-native.a(uip-ds6-nbr.o)
 .debug_aranges
                0x0000000000000390       0x30 contiki-native.a(uip-nd6.o)
 .debug_aranges
                0x00000000000003c0       0x30 contiki-native.a(sicslowpan.o)
 .debug_aranges
                0x00000000000003f0       0x30 contiki-native.a(uip-debug.o)
 .debug_aranges
                0x0000000000000420       0x30 contiki-native.a(uip-packetqueue)
 .debug_aranges
                0x0000000000000450       0x30 contiki-native.a(tcpip.o)
 .debug_aranges
                0x0000000000000480       0x30 contiki-native.a(rpl-dag.o)
 .debug_aranges
                0x00000000000004b0       0x30 contiki-native.a(rpl-timers.o)
 .debug_aranges
                0x00000000000004e0       0x30 contiki-native.a(rpl-ext-header.)
 .debug_aranges
                0x0000000000000510       0x30 contiki-native.a(rpl.o)
 .debug_aranges
                0x0000000000000540       0x30 contiki-native.a(rpl-mrhof.o)
 .debug_aranges
                0x0000000000000570       0x30 contiki-native.a(queuebuf.o)
 .debug_aranges
                0x00000000000005a0       0x30 contiki-native.a(nbr-table.o)
 .debug_aranges
                0x00000000000005d0       0x30 contiki-native.a(packetbuf.o)
 .debug_aranges
                0x0000000000000600       0x30 contiki-native.a(netstack.o)
 .debug_aranges
                0x0000000000000630       0x30 contiki-native.a(linkaddr.o)
 .debug_aranges
                0x0000000000000660       0x30 contiki-native.a(link-stats.o)
 .debug_aranges
                0x0000000000000690       0x30 contiki-native.a(nullmac.o)
 .debug_aranges
                0x00000000000006c0       0x30 contiki-native.a(framer-802154.o)
 .debug_aranges
                0x00000000000006f0       0x30 contiki-native.a(nullrdc.o)
 .debug_aranges
                0x0000000000000720       0x30 contiki-native.a(nullsec.o)
 .debug_aranges
                0x0000000000000750       0x30 contiki-native.a(clock.o)
 .debug_aranges
                0x0000000000000780       0x30 contiki-native.a(rtimer-arch.o)
 .debug_aranges
                0x00000000000007b0       0x30 contiki-native.a(watchdog.o)
 .debug_aranges
                0x00000000000007e0       0x30 contiki-native.a(stimer.o)
 .debug_aranges
                0x0000000000000810       0x30 contiki-native.a(nullradio.o)
 .debug_aranges
                0x0000000000000840       0x30 contiki-native.a(memb.o)
 .debug_aranges
                0x0000000000000870       0x30 contiki-native.a(random.o)
 .debug_aranges
                0x00000000000008a0       0x30 contiki-native.a(uip-icmp6.o)
 .debug_aranges
                0x00000000000008d0       0x30 contiki-native.a(rpl-icmp6.o)
 .debug_aranges
                0x0000000000000900       0x30 contiki-native.a(rpl-nbr-policy.)
 .debug_aranges
                0x0000000000000930       0x30 contiki-native.a(frame802154.o)
 .debug_aranges
                0x0000000000000960       0x30 contiki-native.a(mac.o)

.debug_pubnames
 *(.debug_pubnames)

.debug_info     0x0000000000000000    0x295e2
 *(.debug_info .gnu.linkonce.wi.*)
 .debug_info    0x0000000000000000      0x48e hello-world.co
 .debug_info    0x000000000000048e     0x15f6 contiki-native.a(contiki-main.o)
 .debug_info    0x0000000000001a84      0x2db contiki-native.a(button-sensor.o)
 .debug_info    0x0000000000001d5f      0x2fd contiki-native.a(pir-sensor.o)
 .debug_info    0x000000000000205c      0x2ee contiki-native.a(vib-sensor.o)
 .debug_info    0x000000000000234a      0x3f9 contiki-native.a(sensors.o)
 .debug_info    0x0000000000002743      0x1e2 contiki-native.a(autostart.o)
 .debug_info    0x0000000000002925      0x513 contiki-native.a(ctimer.o)
 .debug_info    0x0000000000002e38      0x532 contiki-native.a(etimer.o)
 .debug_info    0x000000000000336a      0x7c0 contiki-native.a(process.o)
 .debug_info    0x0000000000003b2a      0x2d2 contiki-native.a(rtimer.o)
 .debug_info    0x0000000000003dfc      0x195 contiki-native.a(timer.o)
 .debug_info    0x0000000000003f91      0x355 contiki-native.a(serial-line.o)
 .debug_info    0x00000000000042e6      0x355 contiki-native.a(list.o)
 .debug_info    0x000000000000463b      0x1de contiki-native.a(ringbuf.o)
 .debug_info    0x0000000000004819     0x16d0 contiki-native.a(uip-ds6.o)
 .debug_info    0x0000000000005ee9     0x1af4 contiki-native.a(uip-ds6-route.o)
 .debug_info    0x00000000000079dd     0x1feb contiki-native.a(uip6.o)
 .debug_info    0x00000000000099c8     0x14dd contiki-native.a(uip-ds6-nbr.o)
 .debug_info    0x000000000000aea5     0x1481 contiki-native.a(uip-nd6.o)
 .debug_info    0x000000000000c326     0x1ce8 contiki-native.a(sicslowpan.o)
 .debug_info    0x000000000000e00e      0x88e contiki-native.a(uip-debug.o)
 .debug_info    0x000000000000e89c      0xb2d contiki-native.a(uip-packetqueue)
 .debug_info    0x000000000000f3c9     0x204a contiki-native.a(tcpip.o)
 .debug_info    0x0000000000011413     0x29b0 contiki-native.a(rpl-dag.o)
 .debug_info    0x0000000000013dc3     0x1b14 contiki-native.a(rpl-timers.o)
 .debug_info    0x00000000000158d7     0x1a24 contiki-native.a(rpl-ext-header.)
 .debug_info    0x00000000000172fb     0x1ab6 contiki-native.a(rpl.o)
 .debug_info    0x0000000000018db1     0x18a6 contiki-native.a(rpl-mrhof.o)
 .debug_info    0x000000000001a657     0x129b contiki-native.a(queuebuf.o)
 .debug_info    0x000000000001b8f2     0x13b0 contiki-native.a(nbr-table.o)
 .debug_info    0x000000000001cca2     0x12d2 contiki-native.a(packetbuf.o)
 .debug_info    0x000000000001df74      0xa4b contiki-native.a(netstack.o)
 .debug_info    0x000000000001e9bf      0x182 contiki-native.a(linkaddr.o)
 .debug_info    0x000000000001eb41     0x117a contiki-native.a(link-stats.o)
 .debug_info    0x000000000001fcbb      0xb14 contiki-native.a(nullmac.o)
 .debug_info    0x00000000000207cf      0x9ab contiki-native.a(framer-802154.o)
 .debug_info    0x000000000002117a      0xcd7 contiki-native.a(nullrdc.o)
 .debug_info    0x0000000000021e51      0xb29 contiki-native.a(nullsec.o)
 .debug_info    0x000000000002297a      0x1bf contiki-native.a(clock.o)
 .debug_info    0x0000000000022b39      0x205 contiki-native.a(rtimer-arch.o)
 .debug_info    0x0000000000022d3e       0xf8 contiki-native.a(watchdog.o)
 .debug_info    0x0000000000022e36      0x1aa contiki-native.a(stimer.o)
 .debug_info    0x0000000000022fe0      0x534 contiki-native.a(nullradio.o)
 .debug_info    0x0000000000023514      0x2fe contiki-native.a(memb.o)
 .debug_info    0x0000000000023812       0xc0 contiki-native.a(random.o)
 .debug_info    0x00000000000238d2     0x1221 contiki-native.a(uip-icmp6.o)
 .debug_info    0x0000000000024af3     0x2292 contiki-native.a(rpl-icmp6.o)
 .debug_info    0x0000000000026d85     0x1ae5 contiki-native.a(rpl-nbr-policy.)
 .debug_info    0x000000000002886a      0xc51 contiki-native.a(frame802154.o)
 .debug_info    0x00000000000294bb      0x127 contiki-native.a(mac.o)

.debug_abbrev   0x0000000000000000     0x6932
 *(.debug_abbrev)
 .debug_abbrev  0x0000000000000000      0x182 hello-world.co
 .debug_abbrev  0x0000000000000182      0x2d3 contiki-native.a(contiki-main.o)
 .debug_abbrev  0x0000000000000455      0x147 contiki-native.a(button-sensor.o)
 .debug_abbrev  0x000000000000059c      0x165 contiki-native.a(pir-sensor.o)
 .debug_abbrev  0x0000000000000701      0x165 contiki-native.a(vib-sensor.o)
 .debug_abbrev  0x0000000000000866      0x1cd contiki-native.a(sensors.o)
 .debug_abbrev  0x0000000000000a33      0x12b contiki-native.a(autostart.o)
 .debug_abbrev  0x0000000000000b5e      0x1be contiki-native.a(ctimer.o)
 .debug_abbrev  0x0000000000000d1c      0x21b contiki-native.a(etimer.o)
 .debug_abbrev  0x0000000000000f37      0x27b contiki-native.a(process.o)
 .debug_abbrev  0x00000000000011b2      0x1a6 contiki-native.a(rtimer.o)
 .debug_abbrev  0x0000000000001358       0xf3 contiki-native.a(timer.o)
 .debug_abbrev  0x000000000000144b      0x1a7 contiki-native.a(serial-line.o)
 .debug_abbrev  0x00000000000015f2      0x143 contiki-native.a(list.o)
 .debug_abbrev  0x0000000000001735       0xbf contiki-native.a(ringbuf.o)
 .debug_abbrev  0x00000000000017f4      0x2e8 contiki-native.a(uip-ds6.o)
 .debug_abbrev  0x0000000000001adc      0x378 contiki-native.a(uip-ds6-route.o)
 .debug_abbrev  0x0000000000001e54      0x38e contiki-native.a(uip6.o)
 .debug_abbrev  0x00000000000021e2      0x278 contiki-native.a(uip-ds6-nbr.o)
 .debug_abbrev  0x000000000000245a      0x25f contiki-native.a(uip-nd6.o)
 .debug_abbrev  0x00000000000026b9      0x302 contiki-native.a(sicslowpan.o)
 .debug_abbrev  0x00000000000029bb      0x1a7 contiki-native.a(uip-debug.o)
 .debug_abbrev  0x0000000000002b62      0x247 contiki-native.a(uip-packetqueue)
 .debug_abbrev  0x0000000000002da9      0x3bf contiki-native.a(tcpip.o)
 .debug_abbrev  0x0000000000003168      0x3a5 contiki-native.a(rpl-dag.o)
 .debug_abbrev  0x000000000000350d      0x32e contiki-native.a(rpl-timers.o)
 .debug_abbrev  0x000000000000383b      0x287 contiki-native.a(rpl-ext-header.)
 .debug_abbrev  0x0000000000003ac2      0x2c7 contiki-native.a(rpl.o)
 .debug_abbrev  0x0000000000003d89      0x290 contiki-native.a(rpl-mrhof.o)
 .debug_abbrev  0x0000000000004019      0x299 contiki-native.a(queuebuf.o)
 .debug_abbrev  0x00000000000042b2      0x2c7 contiki-native.a(nbr-table.o)
 .debug_abbrev  0x0000000000004579      0x2bb contiki-native.a(packetbuf.o)
 .debug_abbrev  0x0000000000004834      0x1b4 contiki-native.a(netstack.o)
 .debug_abbrev  0x00000000000049e8       0xfd contiki-native.a(linkaddr.o)
 .debug_abbrev  0x0000000000004ae5      0x299 contiki-native.a(link-stats.o)
 .debug_abbrev  0x0000000000004d7e      0x253 contiki-native.a(nullmac.o)
 .debug_abbrev  0x0000000000004fd1      0x200 contiki-native.a(framer-802154.o)
 .debug_abbrev  0x00000000000051d1      0x2bb contiki-native.a(nullrdc.o)
 .debug_abbrev  0x000000000000548c      0x20b contiki-native.a(nullsec.o)
 .debug_abbrev  0x0000000000005697       0xf6 contiki-native.a(clock.o)
 .debug_abbrev  0x000000000000578d      0x111 contiki-native.a(rtimer-arch.o)
 .debug_abbrev  0x000000000000589e       0x5a contiki-native.a(watchdog.o)
 .debug_abbrev  0x00000000000058f8       0xd7 contiki-native.a(stimer.o)
 .debug_abbrev  0x00000000000059cf      0x164 contiki-native.a(nullradio.o)
 .debug_abbrev  0x0000000000005b33      0x15a contiki-native.a(memb.o)
 .debug_abbrev  0x0000000000005c8d       0x6b contiki-native.a(random.o)
 .debug_abbrev  0x0000000000005cf8      0x2c7 contiki-native.a(uip-icmp6.o)
 .debug_abbrev  0x0000000000005fbf      0x390 contiki-native.a(rpl-icmp6.o)
 .debug_abbrev  0x000000000000634f      0x270 contiki-native.a(rpl-nbr-policy.)
 .debug_abbrev  0x00000000000065bf      0x2cc contiki-native.a(frame802154.o)
 .debug_abbrev  0x000000000000688b       0xa7 contiki-native.a(mac.o)

.debug_line     0x0000000000000000     0x910f
 *(.debug_line .debug_line.* .debug_line_end)
 .debug_line    0x0000000000000000      0x12e hello-world.co
 .debug_line    0x000000000000012e      0x4ed contiki-native.a(contiki-main.o)
 .debug_line    0x000000000000061b      0x103 contiki-native.a(button-sensor.o)
 .debug_line    0x000000000000071e      0x101 contiki-native.a(pir-sensor.o)
 .debug_line    0x000000000000081f      0x100 contiki-native.a(vib-sensor.o)
 .debug_line    0x000000000000091f      0x15d contiki-native.a(sensors.o)
 .debug_line    0x0000000000000a7c       0xbe contiki-native.a(autostart.o)
 .debug_line    0x0000000000000b3a      0x196 contiki-native.a(ctimer.o)
 .debug_line    0x0000000000000cd0      0x1b7 contiki-native.a(etimer.o)
 .debug_line    0x0000000000000e87      0x238 contiki-native.a(process.o)
 .debug_line    0x00000000000010bf       0xc5 contiki-native.a(rtimer.o)
 .debug_line    0x0000000000001184       0xad contiki-native.a(timer.o)
 .debug_line    0x0000000000001231      0x182 contiki-native.a(serial-line.o)
 .debug_line    0x00000000000013b3      0x115 contiki-native.a(list.o)
 .debug_line    0x00000000000014c8       0xd6 contiki-native.a(ringbuf.o)
 .debug_line    0x000000000000159e      0x4bd contiki-native.a(uip-ds6.o)
 .debug_line    0x0000000000001a5b      0x472 contiki-native.a(uip-ds6-route.o)
 .debug_line    0x0000000000001ecd      0xaa6 contiki-native.a(uip6.o)
 .debug_line    0x0000000000002973      0x371 contiki-native.a(uip-ds6-nbr.o)
 .debug_line    0x0000000000002ce4      0x425 contiki-native.a(uip-nd6.o)
 .debug_line    0x0000000000003109      0x965 contiki-native.a(sicslowpan.o)
 .debug_line    0x0000000000003a6e      0x1dc contiki-native.a(uip-debug.o)
 .debug_line    0x0000000000003c4a      0x22e contiki-native.a(uip-packetqueue)
 .debug_line    0x0000000000003e78      0x5c1 contiki-native.a(tcpip.o)
 .debug_line    0x0000000000004439      0xa9a contiki-native.a(rpl-dag.o)
 .debug_line    0x0000000000004ed3      0x46f contiki-native.a(rpl-timers.o)
 .debug_line    0x0000000000005342      0x473 contiki-native.a(rpl-ext-header.)
 .debug_line    0x00000000000057b5      0x439 contiki-native.a(rpl.o)
 .debug_line    0x0000000000005bee      0x43d contiki-native.a(rpl-mrhof.o)
 .debug_line    0x000000000000602b      0x344 contiki-native.a(queuebuf.o)
 .debug_line    0x000000000000636f      0x3ac contiki-native.a(nbr-table.o)
 .debug_line    0x000000000000671b      0x38f contiki-native.a(packetbuf.o)
 .debug_line    0x0000000000006aaa      0x1db contiki-native.a(netstack.o)
 .debug_line    0x0000000000006c85       0x76 contiki-native.a(linkaddr.o)
 .debug_line    0x0000000000006cfb      0x34d contiki-native.a(link-stats.o)
 .debug_line    0x0000000000007048      0x1f8 contiki-native.a(nullmac.o)
 .debug_line    0x0000000000007240      0x1f8 contiki-native.a(framer-802154.o)
 .debug_line    0x0000000000007438      0x241 contiki-native.a(nullrdc.o)
 .debug_line    0x0000000000007679      0x201 contiki-native.a(nullsec.o)
 .debug_line    0x000000000000787a      0x124 contiki-native.a(clock.o)
 .debug_line    0x000000000000799e      0x136 contiki-native.a(rtimer-arch.o)
 .debug_line    0x0000000000007ad4       0x5a contiki-native.a(watchdog.o)
 .debug_line    0x0000000000007b2e       0x8a contiki-native.a(stimer.o)
 .debug_line    0x0000000000007bb8       0xd7 contiki-native.a(nullradio.o)
 .debug_line    0x0000000000007c8f      0x128 contiki-native.a(memb.o)
 .debug_line    0x0000000000007db7       0x50 contiki-native.a(random.o)
 .debug_line    0x0000000000007e07      0x3ee contiki-native.a(uip-icmp6.o)
 .debug_line    0x00000000000081f5      0x786 contiki-native.a(rpl-icmp6.o)
 .debug_line    0x000000000000897b      0x3a9 contiki-native.a(rpl-nbr-policy.)
 .debug_line    0x0000000000008d24      0x374 contiki-native.a(frame802154.o)
 .debug_line    0x0000000000009098       0x77 contiki-native.a(mac.o)

.debug_frame
 *(.debug_frame)

.debug_str      0x0000000000000000     0x4bd7
 *(.debug_str)
 .debug_str     0x0000000000000000      0x31a hello-world.co
                                        0x3b4 (size before relaxing)
 .debug_str     0x000000000000031a      0x925 contiki-native.a(contiki-main.o)
                                        0xdca (size before relaxing)
 .debug_str     0x0000000000000c3f       0x37 contiki-native.a(button-sensor.o)
                                        0x201 (size before relaxing)
 .debug_str     0x0000000000000c76       0x4d contiki-native.a(pir-sensor.o)
                                        0x214 (size before relaxing)
 .debug_str     0x0000000000000cc3       0x3a contiki-native.a(vib-sensor.o)
                                        0x201 (size before relaxing)
 .debug_str     0x0000000000000cfd       0x8d contiki-native.a(sensors.o)
                                        0x28b (size before relaxing)
 .debug_str     0x0000000000000d8a       0x3a contiki-native.a(autostart.o)
                                        0x1a8 (size before relaxing)
 .debug_str     0x0000000000000dc4       0xdf contiki-native.a(ctimer.o)
                                        0x2a8 (size before relaxing)
 .debug_str     0x0000000000000ea3      0x152 contiki-native.a(etimer.o)
                                        0x2f8 (size before relaxing)
 .debug_str     0x0000000000000ff5      0x149 contiki-native.a(process.o)
                                        0x48b (size before relaxing)
 .debug_str     0x000000000000113e       0xbc contiki-native.a(rtimer.o)
                                        0x246 (size before relaxing)
 .debug_str     0x00000000000011fa       0x17 contiki-native.a(timer.o)
                                        0x166 (size before relaxing)
 .debug_str     0x0000000000001211       0x9a contiki-native.a(serial-line.o)
                                        0x270 (size before relaxing)
 .debug_str     0x00000000000012ab       0xa8 contiki-native.a(list.o)
                                        0x145 (size before relaxing)
 .debug_str     0x0000000000001353       0x5c contiki-native.a(ringbuf.o)
                                        0x183 (size before relaxing)
 .debug_str     0x00000000000013af      0x2da contiki-native.a(uip-ds6.o)
                                        0xd26 (size before relaxing)
 .debug_str     0x0000000000001689      0x5c7 contiki-native.a(uip-ds6-route.o)
                                       0x10b6 (size before relaxing)
 .debug_str     0x0000000000001c50      0x600 contiki-native.a(uip6.o)
                                       0x11ae (size before relaxing)
 .debug_str     0x0000000000002250      0x330 contiki-native.a(uip-ds6-nbr.o)
                                        0xef6 (size before relaxing)
 .debug_str     0x0000000000002580      0x11f contiki-native.a(uip-nd6.o)
                                        0xd33 (size before relaxing)
 .debug_str     0x000000000000269f      0x43a contiki-native.a(sicslowpan.o)
                                       0x11a6 (size before relaxing)
 .debug_str     0x0000000000002ad9       0x35 contiki-native.a(uip-debug.o)
                                        0x60d (size before relaxing)
 .debug_str     0x0000000000002b0e       0xf4 contiki-native.a(uip-packetqueue)
                                        0x757 (size before relaxing)
 .debug_str     0x0000000000002c02      0x1cc contiki-native.a(tcpip.o)
                                       0x11d9 (size before relaxing)
 .debug_str     0x0000000000002dce      0x580 contiki-native.a(rpl-dag.o)
                                       0x1525 (size before relaxing)
 .debug_str     0x000000000000334e      0x20c contiki-native.a(rpl-timers.o)
                                       0x1072 (size before relaxing)
 .debug_str     0x000000000000355a       0xf7 contiki-native.a(rpl-ext-header.)
                                       0x11de (size before relaxing)
 .debug_str     0x0000000000003651       0xf4 contiki-native.a(rpl.o)
                                       0x1083 (size before relaxing)
 .debug_str     0x0000000000003745       0x66 contiki-native.a(rpl-mrhof.o)
                                        0xea7 (size before relaxing)
 .debug_str     0x00000000000037ab      0x1ce contiki-native.a(queuebuf.o)
                                        0xc33 (size before relaxing)
 .debug_str     0x0000000000003979      0x29f contiki-native.a(nbr-table.o)
                                        0xa50 (size before relaxing)
 .debug_str     0x0000000000003c18      0x1c8 contiki-native.a(packetbuf.o)
                                        0xc80 (size before relaxing)
 .debug_str     0x0000000000003de0       0x28 contiki-native.a(netstack.o)
                                        0x643 (size before relaxing)
 .debug_str     0x0000000000003e08       0x58 contiki-native.a(linkaddr.o)
                                        0x16f (size before relaxing)
 .debug_str     0x0000000000003e60       0xf7 contiki-native.a(link-stats.o)
                                        0xce0 (size before relaxing)
 .debug_str     0x0000000000003f57       0x2b contiki-native.a(nullmac.o)
                                        0x664 (size before relaxing)
 .debug_str     0x0000000000003f82      0x219 contiki-native.a(framer-802154.o)
                                        0x848 (size before relaxing)
 .debug_str     0x000000000000419b       0x75 contiki-native.a(nullrdc.o)
                                        0x8f3 (size before relaxing)
 .debug_str     0x0000000000004210       0x1f contiki-native.a(nullsec.o)
                                        0x80f (size before relaxing)
 .debug_str     0x000000000000422f       0x7e contiki-native.a(clock.o)
                                        0x1b8 (size before relaxing)
 .debug_str     0x00000000000042ad       0xb3 contiki-native.a(rtimer-arch.o)
                                        0x236 (size before relaxing)
 .debug_str     0x0000000000004360       0x6b contiki-native.a(watchdog.o)
                                        0x176 (size before relaxing)
 .debug_str     0x00000000000043cb       0x6e contiki-native.a(stimer.o)
                                        0x16a (size before relaxing)
 .debug_str     0x0000000000004439       0x39 contiki-native.a(nullradio.o)
                                        0x298 (size before relaxing)