Archive member included to satisfy reference by file (symbol)

contiki-evb1000.a(autostart.o)
                              obj_evb1000/contiki-main.o (autostart_start)
contiki-evb1000.a(ctimer.o)   obj_evb1000/contiki-main.o (ctimer_init)
contiki-evb1000.a(energest.o)
                              obj_evb1000/contiki-main.o (energest_init)
contiki-evb1000.a(etimer.o)   obj_evb1000/clock.o (etimer_request_poll)
contiki-evb1000.a(process.o)  obj_evb1000/dw1000-ranging.o (process_alloc_event)
contiki-evb1000.a(rtimer.o)   obj_evb1000/contiki-main.o (rtimer_init)
contiki-evb1000.a(timer.o)    contiki-evb1000.a(etimer.o) (timer_set)
contiki-evb1000.a(serial-line.o)
                              obj_evb1000/deca_usb.o (serial_line_input_byte)
contiki-evb1000.a(leds.o)     obj_evb1000/contiki-main.o (leds_init)
contiki-evb1000.a(list.o)     contiki-evb1000.a(ctimer.o) (list_init)
contiki-evb1000.a(ringbuf.o)  contiki-evb1000.a(serial-line.o) (ringbuf_init)
contiki-evb1000.a(uip6.o)     obj_evb1000/contiki-main.o (uip_lladdr)
contiki-evb1000.a(uip-nd6.o)  contiki-evb1000.a(uip6.o) (uip_nd6_init)
contiki-evb1000.a(tcpip.o)    contiki-evb1000.a(uip6.o) (tcpip_icmp6_call)
contiki-evb1000.a(rpl-dag.o)  contiki-evb1000.a(tcpip.o) (rpl_repair_root)
contiki-evb1000.a(rpl-timers.o)
                              contiki-evb1000.a(rpl-dag.o) (rpl_reset_dio_timer)
contiki-evb1000.a(rpl-ext-header.)
                              contiki-evb1000.a(uip6.o) (rpl_verify_hbh_header)
contiki-evb1000.a(rpl.o)      contiki-evb1000.a(rpl-timers.o) (rpl_get_mode)
contiki-evb1000.a(rpl-mrhof.o)
                              contiki-evb1000.a(rpl-dag.o) (rpl_mrhof)
contiki-evb1000.a(queuebuf.o)
                              obj_evb1000/contiki-main.o (queuebuf_init)
contiki-evb1000.a(nbr-table.o)
                              contiki-evb1000.a(rpl-dag.o) (nbr_table_register)
contiki-evb1000.a(packetbuf.o)
                              contiki-evb1000.a(queuebuf.o) (packetbuf_copyto)
contiki-evb1000.a(netstack.o)
                              obj_evb1000/contiki-main.o (netstack_init)
contiki-evb1000.a(linkaddr.o)
                              contiki-evb1000.a(nbr-table.o) (linkaddr_copy)
contiki-evb1000.a(link-stats.o)
                              contiki-evb1000.a(rpl-dag.o) (link_stats_from_lladdr)
contiki-evb1000.a(nullrdc.o)  obj_evb1000/dw1000.o (nullrdc_driver)
contiki-evb1000.a(nullsec.o)  contiki-evb1000.a(netstack.o) (nullsec_driver)
contiki-evb1000.a(memb.o)     contiki-evb1000.a(queuebuf.o) (memb_init)
contiki-evb1000.a(random.o)   contiki-evb1000.a(rpl-timers.o) (random_rand)
contiki-evb1000.a(uip-icmp6.o)
                              contiki-evb1000.a(uip6.o) (uip_icmp6_input)
contiki-evb1000.a(uip-ds6.o)  contiki-evb1000.a(uip6.o) (uip_ds6_is_addr_onlink)
contiki-evb1000.a(uip-ds6-route.o)
                              contiki-evb1000.a(uip-ds6.o) (uip_ds6_route_init)
contiki-evb1000.a(uip-ds6-nbr.o)
                              contiki-evb1000.a(uip-ds6.o) (uip_ds6_neighbors_init)
contiki-evb1000.a(sicslowpan.o)
                              contiki-evb1000.a(nullsec.o) (sicslowpan_driver)
contiki-evb1000.a(uip-debug.o)
                              contiki-evb1000.a(uip-ds6-route.o) (uip_debug_ipaddr_print)
contiki-evb1000.a(rpl-icmp6.o)
                              contiki-evb1000.a(rpl-dag.o) (rpl_icmp6_update_nbr_table)
contiki-evb1000.a(rpl-nbr-policy.)
                              contiki-evb1000.a(nbr-table.o) (rpl_nbr_policy_find_removable)
contiki-evb1000.a(mac-sequence.o)
                              contiki-evb1000.a(nullrdc.o) (mac_sequence_is_duplicate)
contiki-evb1000.a(csma.o)     contiki-evb1000.a(nullrdc.o) (csma_driver)
contiki-evb1000.a(frame802154.o)
                              contiki-evb1000.a(nullrdc.o) (frame802154_parse)
contiki-evb1000.a(mac.o)      contiki-evb1000.a(nullrdc.o) (mac_call_sent_callback)
contiki-evb1000.a(framer-802154.o)
                              contiki-evb1000.a(nullrdc.o) (framer_802154)
contiki-evb1000.a(stimer.o)   contiki-evb1000.a(uip-ds6.o) (stimer_set)
/usr/lib/gcc/arm-none-eabi/6.3.1/thumb/v7-m/libgcc.a(_arm_addsubdf3.o)
                              obj_evb1000/deca_device.o (__aeabi_dsub)
/usr/lib/gcc/arm-none-eabi/6.3.1/thumb/v7-m/libgcc.a(_arm_muldivdf3.o)
                              obj_evb1000/deca_device.o (__aeabi_dmul)
/usr/lib/gcc/arm-none-eabi/6.3.1/thumb/v7-m/libgcc.a(_arm_cmpdf2.o)
                              obj_evb1000/uwb_tdoa_anchor3.o (__aeabi_dcmplt)
/usr/lib/gcc/arm-none-eabi/6.3.1/thumb/v7-m/libgcc.a(_arm_fixdfsi.o)
                              obj_evb1000/deca_device.o (__aeabi_d2iz)
/usr/lib/gcc/arm-none-eabi/6.3.1/thumb/v7-m/libgcc.a(_arm_fixunsdfsi.o)
                              obj_evb1000/uwb_tdoa_anchor3.o (__aeabi_d2uiz)
/usr/lib/gcc/arm-none-eabi/6.3.1/thumb/v7-m/libgcc.a(_arm_truncdfsf2.o)
                              obj_evb1000/dw1000-ranging.o (__aeabi_d2f)
[...]
Memory Configuration

Name             Origin             Length             Attributes
FLASH            0x0000000008000000 0x0000000000040000 xr
RAM              0x0000000020000000 0x0000000000010000 xrw
MEMORY_B1        0x0000000060000000 0x0000000000000000 xr
*default*        0x0000000000000000 0xffffffffffffffff

Linker script and memory map

LOAD /usr/lib/gcc/arm-none-eabi/6.3.1/thumb/v7-m/crti.o
LOAD /usr/lib/gcc/arm-none-eabi/6.3.1/thumb/v7-m/crtbegin.o
LOAD /usr/lib/gcc/arm-none-eabi/6.3.1/../../../arm-none-eabi/lib/crt0.o
LOAD /usr/lib/gcc/arm-none-eabi/6.3.1/../../../arm-none-eabi/lib/libm.a
LOAD /tmp/cc6EDpDG.o
LOAD hello-world.co
LOAD obj_evb1000/contiki-main.o
LOAD obj_evb1000/board.o
LOAD obj_evb1000/leds-arch.o
LOAD obj_evb1000/lcd.o
LOAD obj_evb1000/stm32f10x_it.o
LOAD obj_evb1000/syscalls.o
LOAD obj_evb1000/dw1000-arch.o
LOAD obj_evb1000/deca_device.o
LOAD obj_evb1000/deca_params_init.o
LOAD obj_evb1000/deca_range_tables.o
LOAD obj_evb1000/dw1000.o
LOAD obj_evb1000/dw1000-ranging.o
LOAD obj_evb1000/tdoa_decadriver.o
LOAD obj_evb1000/uwb.o
LOAD obj_evb1000/uwb_tdoa_anchor3.o
LOAD obj_evb1000/system_stm32f10x.o
LOAD obj_evb1000/core_cm3.o
LOAD obj_evb1000/misc.o
LOAD obj_evb1000/stm32f10x_cec.o
LOAD obj_evb1000/stm32f10x_dma.o
LOAD obj_evb1000/stm32f10x_gpio.o
LOAD obj_evb1000/stm32f10x_rcc.o
LOAD obj_evb1000/stm32f10x_tim.o
LOAD obj_evb1000/stm32f10x_adc.o
LOAD obj_evb1000/stm32f10x_crc.o
LOAD obj_evb1000/stm32f10x_exti.o
LOAD obj_evb1000/stm32f10x_i2c.o
LOAD obj_evb1000/stm32f10x_rtc.o
LOAD obj_evb1000/stm32f10x_usart.o
LOAD obj_evb1000/stm32f10x_bkp.o
LOAD obj_evb1000/stm32f10x_dac.o
LOAD obj_evb1000/stm32f10x_flash.o
LOAD obj_evb1000/stm32f10x_iwdg.o
LOAD obj_evb1000/stm32f10x_sdio.o
LOAD obj_evb1000/stm32f10x_wwdg.o
LOAD obj_evb1000/stm32f10x_can.o
LOAD obj_evb1000/stm32f10x_dbgmcu.o
LOAD obj_evb1000/stm32f10x_fsmc.o
LOAD obj_evb1000/stm32f10x_pwr.o
LOAD obj_evb1000/stm32f10x_spi.o
LOAD obj_evb1000/usbd_core.o
LOAD obj_evb1000/usbd_ioreq.o
LOAD obj_evb1000/usbd_req.o
LOAD obj_evb1000/usbd_cdc_core.o
LOAD obj_evb1000/deca_usb.o
LOAD obj_evb1000/deca_usb_bsp_evk1000.o
LOAD obj_evb1000/usbd_desc.o
LOAD obj_evb1000/usbd_usr.o
LOAD obj_evb1000/usb_core.o
LOAD obj_evb1000/usb_dcd_int.o
LOAD obj_evb1000/usb_dcd.o
LOAD obj_evb1000/clock.o
LOAD obj_evb1000/watchdog.o
LOAD obj_evb1000/rtimer-arch.o
LOAD obj_evb1000/spix.o
LOAD contiki-evb1000.a
START GROUP
LOAD /usr/lib/gcc/arm-none-eabi/6.3.1/thumb/v7-m/libgcc.a
LOAD /usr/lib/gcc/arm-none-eabi/6.3.1/../../../arm-none-eabi/lib/libc.a
END GROUP
LOAD /usr/lib/gcc/arm-none-eabi/6.3.1/thumb/v7-m/crtend.o
LOAD /usr/lib/gcc/arm-none-eabi/6.3.1/thumb/v7-m/crtn.o
                0x0000000020010000                _estack = 0x20010000
                0x0000000000000400                _Min_Heap_Size = 0x400
                0x0000000000000400                _Min_Stack_Size = 0x400

.isr_vector     0x0000000008000000      0x1e4
                0x0000000008000000                . = ALIGN (0x4)
 *(.isr_vector)
 .isr_vector    0x0000000008000000      0x1e4 /tmp/cc6EDpDG.o
                0x0000000008000000                g_pfnVectors
                0x00000000080001e4                . = ALIGN (0x4)

.text           0x00000000080001e8    0x17f88
                0x00000000080001e8                . = ALIGN (0x4)
 *(.text)
 .text          0x00000000080001e8       0xa4 /usr/lib/gcc/arm-none-eabi/6.3.1/thumb/v7-m/crtbegin.o
 .text          0x000000000800028c      0x370 /usr/lib/gcc/arm-none-eabi/6.3.1/thumb/v7-m/libgcc.a(_arm_addsubdf3.o)
                0x000000000800028c                __aeabi_drsub
                0x0000000008000294                __aeabi_dsub
                0x0000000008000294                __subdf3
                0x0000000008000298                __adddf3
                0x0000000008000298                __aeabi_dadd
                0x0000000008000510                __aeabi_ui2d
                0x0000000008000510                __floatunsidf
                0x0000000008000530                __floatsidf
                0x0000000008000530                __aeabi_i2d
                0x0000000008000554                __extendsfdf2
                0x0000000008000554                __aeabi_f2d
                0x0000000008000590                __aeabi_ul2d
                0x0000000008000590                __floatundidf
                0x00000000080005a0                __floatdidf
                0x00000000080005a0                __aeabi_l2d
 .text          0x00000000080005fc      0x424 /usr/lib/gcc/arm-none-eabi/6.3.1/thumb/v7-m/libgcc.a(_arm_muldivdf3.o)
                0x00000000080005fc                __aeabi_dmul
                0x00000000080005fc                __muldf3
                0x0000000008000850                __aeabi_ddiv
                0x0000000008000850                __divdf3
 .text          0x0000000008000a20      0x110 /usr/lib/gcc/arm-none-eabi/6.3.1/thumb/v7-m/libgcc.a(_arm_cmpdf2.o)
                0x0000000008000a20                __gtdf2
                0x0000000008000a20                __gedf2
                0x0000000008000a28                __ltdf2
                0x0000000008000a28                __ledf2
                0x0000000008000a30                __cmpdf2
                0x0000000008000a30                __eqdf2
                0x0000000008000a30                __nedf2
                0x0000000008000aac                __aeabi_cdrcmple
                0x0000000008000abc                __aeabi_cdcmple
                0x0000000008000abc                __aeabi_cdcmpeq
                0x0000000008000acc                __aeabi_dcmpeq
                0x0000000008000ae0                __aeabi_dcmplt
                0x0000000008000af4                __aeabi_dcmple
                0x0000000008000b08                __aeabi_dcmpge
                0x0000000008000b1c                __aeabi_dcmpgt
 .text          0x0000000008000b30       0x50 /usr/lib/gcc/arm-none-eabi/6.3.1/thumb/v7-m/libgcc.a(_arm_fixdfsi.o)
                0x0000000008000b30                __fixdfsi
                0x0000000008000b30                __aeabi_d2iz
 .text          0x0000000008000b80       0x40 /usr/lib/gcc/arm-none-eabi/6.3.1/thumb/v7-m/libgcc.a(_arm_fixunsdfsi.o)
                0x0000000008000b80                __fixunsdfsi
                0x0000000008000b80                __aeabi_d2uiz
 .text          0x0000000008000bc0       0xa0 /usr/lib/gcc/arm-none-eabi/6.3.1/thumb/v7-m/libgcc.a(_arm_truncdfsf2.o)
                0x0000000008000bc0                __aeabi_d2f
                0x0000000008000bc0                __truncdfsf2
 .text          0x0000000008000c60      0x21c /usr/lib/gcc/arm-none-eabi/6.3.1/thumb/v7-m/libgcc.a(_arm_addsubsf3.o)
                0x0000000008000c60                __aeabi_frsub
                0x0000000008000c68                __subsf3
                0x0000000008000c68                __aeabi_fsub
                0x0000000008000c6c                __aeabi_fadd
                0x0000000008000c6c                __addsf3
                0x0000000008000dcc                __aeabi_ui2f
                0x0000000008000dcc                __floatunsisf
                0x0000000008000dd4                __aeabi_i2f
                0x0000000008000dd4                __floatsisf
                0x0000000008000df0                __floatundisf
                0x0000000008000df0                __aeabi_ul2f
                0x0000000008000e00                __floatdisf
                0x0000000008000e00                __aeabi_l2f
 .text          0x0000000008000e7c       0x30 /usr/lib/gcc/arm-none-eabi/6.3.1/thumb/v7-m/libgcc.a(_fixdfdi.o)
                0x0000000008000e7c                __aeabi_d2lz
                0x0000000008000e7c                __fixdfdi
 .text          0x0000000008000eac       0x48 /usr/lib/gcc/arm-none-eabi/6.3.1/thumb/v7-m/libgcc.a(_fixunsdfdi.o)
                0x0000000008000eac                __aeabi_d2ulz
                0x0000000008000eac                __fixunsdfdi
 .text          0x0000000008000ef4       0x20 /usr/lib/gcc/arm-none-eabi/6.3.1/../../../arm-none-eabi/lib/libc.a(lib_a-atexit.o)
                0x0000000008000ef4                atexit
 .text          0x0000000008000f14       0x44 /usr/lib/gcc/arm-none-eabi/6.3.1/../../../arm-none-eabi/lib/libc.a(lib_a-fini.o)
                0x0000000008000f14                __libc_fini_array
 .text          0x0000000008000f58       0x80 /usr/lib/gcc/arm-none-eabi/6.3.1/../../../arm-none-eabi/lib/libc.a(lib_a-init.o)
                0x0000000008000f58                __libc_init_array
 .text          0x0000000008000fd8       0xb0 /usr/lib/gcc/arm-none-eabi/6.3.1/../../../arm-none-eabi/lib/libc.a(lib_a-memcmp.o)
                0x0000000008000fd8                memcmp
 .text          0x0000000008001088       0xf0 /usr/lib/gcc/arm-none-eabi/6.3.1/../../../arm-none-eabi/lib/libc.a(lib_a-memcpy-stub.o)
                0x0000000008001088                memcpy
 .text          0x0000000008001178      0x12c /usr/lib/gcc/arm-none-eabi/6.3.1/../../../arm-none-eabi/lib/libc.a(lib_a-memmove.o)
                0x0000000008001178                memmove
 .text          0x00000000080012a4       0xf4 /usr/lib/gcc/arm-none-eabi/6.3.1/../../../arm-none-eabi/lib/libc.a(lib_a-memset.o)
                0x00000000080012a4                memset
 .text          0x0000000008001398       0x74 /usr/lib/gcc/arm-none-eabi/6.3.1/../../../arm-none-eabi/lib/libc.a(lib_a-printf.o)
                0x0000000008001398                _printf_r
                0x00000000080013cc                printf
 .text          0x000000000800140c       0x3c /usr/lib/gcc/arm-none-eabi/6.3.1/../../../arm-none-eabi/lib/libc.a(lib_a-putchar.o)
                0x000000000800140c                _putchar_r
                0x0000000008001420                putchar
 .text          0x0000000008001448       0xc0 /usr/lib/gcc/arm-none-eabi/6.3.1/../../../arm-none-eabi/lib/libc.a(lib_a-puts.o)
                0x0000000008001448                _puts_r
                0x00000000080014f4                puts
 .text          0x0000000008001508       0x70 /usr/lib/gcc/arm-none-eabi/6.3.1/../../../arm-none-eabi/lib/libc.a(lib_a-rand.o)
                0x0000000008001508                srand
                0x0000000008001524                rand
 .text          0x0000000008001578       0x60 /usr/lib/gcc/arm-none-eabi/6.3.1/../../../arm-none-eabi/lib/libc.a(lib_a-strlen-stub.o)
                0x0000000008001578                strlen
 .text          0x00000000080015d8     0x239c /usr/lib/gcc/arm-none-eabi/6.3.1/../../../arm-none-eabi/lib/libc.a(lib_a-vfprintf.o)
                0x00000000080015d8                _vfprintf_r
                0x00000000080038ac                vfprintf
 .text          0x0000000008003974      0x164 /usr/lib/gcc/arm-none-eabi/6.3.1/../../../arm-none-eabi/lib/libc.a(lib_a-wsetup.o)
                0x0000000008003974                __swsetup_r
 .text          0x0000000008003ad8       0xe0 /usr/lib/gcc/arm-none-eabi/6.3.1/../../../arm-none-eabi/lib/libc.a(lib_a-__atexit.o)
                0x0000000008003ad8                __register_exitproc
 .text          0x0000000008003bb8     0x18b8 /usr/lib/gcc/arm-none-eabi/6.3.1/../../../arm-none-eabi/lib/libc.a(lib_a-dtoa.o)
                0x0000000008003d90                _dtoa_r
 .text          0x0000000008005470      0x2cc /usr/lib/gcc/arm-none-eabi/6.3.1/../../../arm-none-eabi/lib/libc.a(lib_a-fflush.o)
                0x0000000008005470                __sflush_r
                0x00000000080056b0                _fflush_r
                0x0000000008005704                fflush
 .text          0x000000000800573c      0x350 /usr/lib/gcc/arm-none-eabi/6.3.1/../../../arm-none-eabi/lib/libc.a(lib_a-findfp.o)
                0x0000000008005744                _cleanup_r
                0x00000000080058c4                __sfmoreglue
                0x0000000008005914                __sfp
                0x0000000008005a00                _cleanup
                0x0000000008005a24                __sinit
                0x0000000008005a34                __sfp_lock_acquire
                0x0000000008005a38                __sfp_lock_release
                0x0000000008005a3c                __sinit_lock_acquire
                0x0000000008005a40                __sinit_lock_release
                0x0000000008005a44                __fp_lock_all
                0x0000000008005a68                __fp_unlock_all
 .text          0x0000000008005a8c      0x3ec /usr/lib/gcc/arm-none-eabi/6.3.1/../../../arm-none-eabi/lib/libc.a(lib_a-freer.o)
                0x0000000008005a8c                _malloc_trim_r
                0x0000000008005b8c                _free_r
 .text          0x0000000008005e78      0x4c8 /usr/lib/gcc/arm-none-eabi/6.3.1/../../../arm-none-eabi/lib/libc.a(lib_a-fvwrite.o)
                0x0000000008005e78                __sfvwrite_r
 .text          0x0000000008006340      0x110 /usr/lib/gcc/arm-none-eabi/6.3.1/../../../arm-none-eabi/lib/libc.a(lib_a-fwalk.o)
                0x0000000008006340                _fwalk
                0x00000000080063c4                _fwalk_reent
 .text          0x0000000008006450       0xd4 /usr/lib/gcc/arm-none-eabi/6.3.1/../../../arm-none-eabi/lib/libc.a(lib_a-locale.o)
                0x0000000008006450                _setlocale_r
                0x00000000080064c4                __locale_charset
                0x00000000080064d0                __locale_mb_cur_max
                0x00000000080064e0                __locale_msgcharset
                0x00000000080064ec                __locale_cjk_lang
                0x00000000080064f4                _localeconv_r
                0x0000000008006500                setlocale
                0x0000000008006518                localeconv
 .text          0x0000000008006524      0x17c /usr/lib/gcc/arm-none-eabi/6.3.1/../../../arm-none-eabi/lib/libc.a(lib_a-makebuf.o)
                0x0000000008006524                __swhatbuf_r
                0x00000000080065b8                __smakebuf_r
 .text          0x00000000080066a0      0x778 /usr/lib/gcc/arm-none-eabi/6.3.1/../../../arm-none-eabi/lib/libc.a(lib_a-mallocr.o)
                0x00000000080066a0                _malloc_r
 .text          0x0000000008006e18      0x114 /usr/lib/gcc/arm-none-eabi/6.3.1/../../../arm-none-eabi/lib/libc.a(lib_a-memchr-stub.o)
                0x0000000008006e18                memchr
 .text          0x0000000008006f2c        0x8 /usr/lib/gcc/arm-none-eabi/6.3.1/../../../arm-none-eabi/lib/libc.a(lib_a-mlock.o)
                0x0000000008006f2c                __malloc_lock
                0x0000000008006f30                __malloc_unlock
 .text          0x0000000008006f34      0xdcc /usr/lib/gcc/arm-none-eabi/6.3.1/../../../arm-none-eabi/lib/libc.a(lib_a-mprec.o)
                0x0000000008006f34                _Balloc
                0x0000000008006fc4                _Bfree
                0x0000000008006fe0                __multadd
                0x00000000080070bc                __s2b
                0x00000000080071a4                __hi0bits
                0x0000000008007200                __lo0bits
                0x0000000008007294                __i2b
                0x00000000080072b8                __multiply
                0x00000000080074a8                __pow5mult
                0x00000000080075ac                __lshift
                0x00000000080076a0                __mcmp
                0x0000000008007704                __mdiff
                0x00000000080078b4                __ulp
                0x000000000800791c                __b2d
                0x0000000008007a14                __d2b
                0x0000000008007b20                __ratio
                0x0000000008007bb8                _mprec_log10
                0x0000000008007c10                __copybits
                0x0000000008007c80                __any_on
 .text          0x0000000008007d00      0x110 /usr/lib/gcc/arm-none-eabi/6.3.1/../../../arm-none-eabi/lib/libc.a(lib_a-putc.o)
                0x0000000008007d00                _putc_r
                0x0000000008007d80                putc
 .text          0x0000000008007e10      0x580 /usr/lib/gcc/arm-none-eabi/6.3.1/../../../arm-none-eabi/lib/libc.a(lib_a-reallocr.o)
                0x0000000008007e10                _realloc_r
 .text          0x0000000008008390       0x44 /usr/lib/gcc/arm-none-eabi/6.3.1/../../../arm-none-eabi/lib/libc.a(lib_a-sbrkr.o)
                0x0000000008008390                _sbrk_r
 .text          0x00000000080083d4       0xd8 /usr/lib/gcc/arm-none-eabi/6.3.1/../../../arm-none-eabi/lib/libc.a(lib_a-stdio.o)
                0x00000000080083d4                __sread
                0x0000000008008408                __seofread
                0x0000000008008410                __swrite
                0x0000000008008468                __sseek
                0x0000000008008498                __sclose
 .text          0x00000000080084ac      0x224 /usr/lib/gcc/arm-none-eabi/6.3.1/../../../arm-none-eabi/lib/libc.a(lib_a-strcmp.o)
                0x00000000080084ac                strcmp
 .text          0x00000000080086d0     0x16ec /usr/lib/gcc/arm-none-eabi/6.3.1/../../../arm-none-eabi/lib/libc.a(lib_a-vfiprintf.o)
                0x000000000800877c                __sprint_r
                0x0000000008008794                _vfiprintf_r
                0x0000000008009cf4                vfiprintf
 .text          0x0000000008009dbc      0x148 /usr/lib/gcc/arm-none-eabi/6.3.1/../../../arm-none-eabi/lib/libc.a(lib_a-wbuf.o)
                0x0000000008009dbc                __swbuf_r
                0x0000000008009eec                __swbuf
 .text          0x0000000008009f04       0x48 /usr/lib/gcc/arm-none-eabi/6.3.1/../../../arm-none-eabi/lib/libc.a(lib_a-writer.o)
                0x0000000008009f04                _write_r
 .text          0x0000000008009f4c       0x98 /usr/lib/gcc/arm-none-eabi/6.3.1/../../../arm-none-eabi/lib/libc.a(lib_a-callocr.o)
                0x0000000008009f4c                _calloc_r
 .text          0x0000000008009fe4       0x3c /usr/lib/gcc/arm-none-eabi/6.3.1/../../../arm-none-eabi/lib/libc.a(lib_a-closer.o)
                0x0000000008009fe4                _close_r
 .text          0x000000000800a020      0x110 /usr/lib/gcc/arm-none-eabi/6.3.1/../../../arm-none-eabi/lib/libc.a(lib_a-fclose.o)
                0x000000000800a020                _fclose_r
                0x000000000800a11c                fclose
 .text          0x000000000800a130      0x198 /usr/lib/gcc/arm-none-eabi/6.3.1/../../../arm-none-eabi/lib/libc.a(lib_a-fputwc.o)
                0x000000000800a130                __fputwc
                0x000000000800a240                _fputwc_r
                0x000000000800a260                fputwc
 .text          0x000000000800a2c8       0x44 /usr/lib/gcc/arm-none-eabi/6.3.1/../../../arm-none-eabi/lib/libc.a(lib_a-fstatr.o)
                0x000000000800a2c8                _fstat_r
 .text          0x000000000800a30c       0x3c /usr/lib/gcc/arm-none-eabi/6.3.1/../../../arm-none-eabi/lib/libc.a(lib_a-isattyr.o)
                0x000000000800a30c                _isatty_r
 .text          0x000000000800a348       0x48 /usr/lib/gcc/arm-none-eabi/6.3.1/../../../arm-none-eabi/lib/libc.a(lib_a-lseekr.o)
                0x000000000800a348                _lseek_r
 .text          0x000000000800a390       0x48 /usr/lib/gcc/arm-none-eabi/6.3.1/../../../arm-none-eabi/lib/libc.a(lib_a-readr.o)
                0x000000000800a390                _read_r
 .text          0x000000000800a3d8      0x130 /usr/lib/gcc/arm-none-eabi/6.3.1/../../../arm-none-eabi/lib/libc.a(lib_a-wcrtomb.o)
                0x000000000800a3d8                _wcrtomb_r
                0x000000000800a46c                wcrtomb
 .text          0x000000000800a508       0x78 /usr/lib/gcc/arm-none-eabi/6.3.1/../../../arm-none-eabi/lib/libc.a(lib_a-wctomb_r.o)
                0x000000000800a508                __ascii_wctomb
                0x000000000800a530                _wctomb_r
 .text          0x000000000800a580       0x24 /usr/lib/gcc/arm-none-eabi/6.3.1/thumb/v7-m/libgcc.a(_udivsi3.o)
                0x000000000800a580                __udivsi3
                0x000000000800a580                __aeabi_uidiv
                0x000000000800a594                __aeabi_uidivmod
 .text          0x000000000800a5a4       0x2c /usr/lib/gcc/arm-none-eabi/6.3.1/thumb/v7-m/libgcc.a(_divsi3.o)
                0x000000000800a5a4                __aeabi_idiv
                0x000000000800a5a4                __divsi3
                0x000000000800a5c0                __aeabi_idivmod
 .text          0x000000000800a5d0        0x4 /usr/lib/gcc/arm-none-eabi/6.3.1/thumb/v7-m/libgcc.a(_dvmd_tls.o)
                0x000000000800a5d0                __aeabi_ldiv0
                0x000000000800a5d0                __aeabi_idiv0
 .text          0x000000000800a5d4       0x2c /usr/lib/gcc/arm-none-eabi/6.3.1/thumb/v7-m/libgcc.a(_arm_unorddf2.o)
                0x000000000800a5d4                __aeabi_dcmpun
                0x000000000800a5d4                __unorddf2
 .text          0x000000000800a600       0x30 /usr/lib/gcc/arm-none-eabi/6.3.1/thumb/v7-m/libgcc.a(_aeabi_uldivmod.o)
                0x000000000800a600                __aeabi_uldivmod
 .text          0x000000000800a630      0x2dc /usr/lib/gcc/arm-none-eabi/6.3.1/thumb/v7-m/libgcc.a(_udivmoddi4.o)
                0x000000000800a630                __udivmoddi4
 *(.text*)
 .text.Reset_Handler
                0x000000000800a90c       0x48 /tmp/cc6EDpDG.o
                0x000000000800a90c                Reset_Handler
 .text.Default_Handler
                0x000000000800a954        0x2 /tmp/cc6EDpDG.o
                0x000000000800a954                EXTI2_IRQHandler
                0x000000000800a954                DebugMon_Handler
                0x000000000800a954                TIM1_CC_IRQHandler
                0x000000000800a954                HardFault_Handler
                0x000000000800a954                TIM6_IRQHandler
                0x000000000800a954                PVD_IRQHandler
                0x000000000800a954                PendSV_Handler
                0x000000000800a954                NMI_Handler
                0x000000000800a954                CAN2_RX1_IRQHandler
                0x000000000800a954                EXTI3_IRQHandler
                0x000000000800a954                EXTI0_IRQHandler
                0x000000000800a954                I2C2_EV_IRQHandler
                0x000000000800a954                CAN1_RX0_IRQHandler
                0x000000000800a954                UsageFault_Handler
                0x000000000800a954                CAN2_SCE_IRQHandler
                0x000000000800a954                ADC1_2_IRQHandler
                0x000000000800a954                SPI1_IRQHandler
                0x000000000800a954                TAMPER_IRQHandler
                0x000000000800a954                CAN2_RX0_IRQHandler
                0x000000000800a954                DMA2_Channel2_IRQHandler
                0x000000000800a954                DMA1_Channel4_IRQHandler
                0x000000000800a954                USART3_IRQHandler
                0x000000000800a954                RTC_IRQHandler
                0x000000000800a954                DMA1_Channel7_IRQHandler
                0x000000000800a954                CAN1_RX1_IRQHandler
                0x000000000800a954                UART5_IRQHandler
                0x000000000800a954                TIM4_IRQHandler
                0x000000000800a954                DMA2_Channel1_IRQHandler
                0x000000000800a954                I2C1_EV_IRQHandler
                0x000000000800a954                DMA1_Channel6_IRQHandler
                0x000000000800a954                UART4_IRQHandler
                0x000000000800a954                DMA2_Channel4_IRQHandler
                0x000000000800a954                TIM3_IRQHandler
                0x000000000800a954                RCC_IRQHandler
                0x000000000800a954                TIM1_TRG_COM_IRQHandler
                0x000000000800a954                DMA1_Channel1_IRQHandler
                0x000000000800a954                Default_Handler
                0x000000000800a954                EXTI15_10_IRQHandler
                0x000000000800a954                TIM7_IRQHandler
                0x000000000800a954                CAN2_TX_IRQHandler
                0x000000000800a954                TIM5_IRQHandler
                0x000000000800a954                ETH_WKUP_IRQHandler
                0x000000000800a954                SPI2_IRQHandler
                0x000000000800a954                MemManage_Handler
                0x000000000800a954                CAN1_TX_IRQHandler
                0x000000000800a954                SVC_Handler
                0x000000000800a954                DMA2_Channel5_IRQHandler
                0x000000000800a954                DMA1_Channel5_IRQHandler
                0x000000000800a954                EXTI4_IRQHandler
                0x000000000800a954                DMA1_Channel3_IRQHandler
                0x000000000800a954                ETH_IRQHandler
                0x000000000800a954                TIM1_UP_IRQHandler
                0x000000000800a954                WWDG_IRQHandler
                0x000000000800a954                TIM2_IRQHandler
                0x000000000800a954                TIM1_BRK_IRQHandler
                0x000000000800a954                EXTI1_IRQHandler
                0x000000000800a954                USART2_IRQHandler
                0x000000000800a954                I2C2_ER_IRQHandler
                0x000000000800a954                DMA1_Channel2_IRQHandler
                0x000000000800a954                CAN1_SCE_IRQHandler
                0x000000000800a954                FLASH_IRQHandler
                0x000000000800a954                BusFault_Handler
                0x000000000800a954                USART1_IRQHandler
                0x000000000800a954                SPI3_IRQHandler
                0x000000000800a954                I2C1_ER_IRQHandler
                0x000000000800a954                DMA2_Channel3_IRQHandler
 *fill*         0x000000000800a956        0x2 
 .text.process_thread_hello_world_process
                0x000000000800a958       0x1c hello-world.co
 .text.startup.main
                0x000000000800a974      0x170 obj_evb1000/contiki-main.o
                0x000000000800a974                main
 .text.rtc_init
                0x000000000800aae4       0x4c obj_evb1000/board.o
                0x000000000800aae4                rtc_init
 .text.rcc_init
                0x000000000800ab30       0xa8 obj_evb1000/board.o
                0x000000000800ab30                rcc_init
 .text.gpio_init
                0x000000000800abd8       0x5c obj_evb1000/board.o
                0x000000000800abd8                gpio_init
 .text.nvic_init
                0x000000000800ac34        0x8 obj_evb1000/board.o
                0x000000000800ac34                nvic_init
 .text.leds_arch_init
                0x000000000800ac3c       0x40 obj_evb1000/leds-arch.o
                0x000000000800ac3c                leds_arch_init
 .text.leds_arch_set
                0x000000000800ac7c       0x5c obj_evb1000/leds-arch.o
                0x000000000800ac7c                leds_arch_set
 .text.lcd_write
                0x000000000800acd8       0x9c obj_evb1000/lcd.o
                0x000000000800acd8                lcd_write
 .text.lcd_clear
                0x000000000800ad74       0x2c obj_evb1000/lcd.o
 .text.lcd_display_str
                0x000000000800ada0       0x1c obj_evb1000/lcd.o
                0x000000000800ada0                lcd_display_str
 .text.lcd_init
                0x000000000800adbc       0xd8 obj_evb1000/lcd.o
                0x000000000800adbc                lcd_init
 .text.OTG_FS_WKUP_IRQHandler
                0x000000000800ae94       0x30 obj_evb1000/stm32f10x_it.o
                0x000000000800ae94                OTG_FS_WKUP_IRQHandler
 .text.OTG_FS_IRQHandler
                0x000000000800aec4        0xc obj_evb1000/stm32f10x_it.o
                0x000000000800aec4                OTG_FS_IRQHandler
 .text._sbrk    0x000000000800aed0       0x30 obj_evb1000/syscalls.o
                0x000000000800aed0                _sbrk
 .text._write   0x000000000800af00       0x18 obj_evb1000/syscalls.o
                0x000000000800af00                _write
 .text._close   0x000000000800af18        0x4 obj_evb1000/syscalls.o
                0x000000000800af18                _close
 .text._lseek   0x000000000800af1c        0x4 obj_evb1000/syscalls.o
                0x000000000800af1c                _lseek
 .text._read    0x000000000800af20        0x4 obj_evb1000/syscalls.o
                0x000000000800af20                _read
 .text._fstat   0x000000000800af24        0x4 obj_evb1000/syscalls.o
                0x000000000800af24                _fstat
 .text._isatty  0x000000000800af28        0x4 obj_evb1000/syscalls.o
                0x000000000800af28                _isatty
 .text.EXTI9_5_IRQHandler
                0x000000000800af2c       0x28 obj_evb1000/dw1000-arch.o
                0x000000000800af2c                EXTI9_5_IRQHandler
 .text.dw1000_disable_interrupt
                0x000000000800af54       0x20 obj_evb1000/dw1000-arch.o
                0x000000000800af54                dw1000_disable_interrupt
 .text.dw1000_enable_interrupt
                0x000000000800af74       0x10 obj_evb1000/dw1000-arch.o
                0x000000000800af74                dw1000_enable_interrupt
 .text.dw1000_set_isr
                0x000000000800af84       0x38 obj_evb1000/dw1000-arch.o
                0x000000000800af84                dw1000_set_isr
 .text.dw1000_spi_read
                0x000000000800afbc       0xa8 obj_evb1000/dw1000-arch.o
                0x000000000800afbc                dw1000_spi_read
 .text.dw1000_spi_write
                0x000000000800b064       0xa8 obj_evb1000/dw1000-arch.o
                0x000000000800b064                dw1000_spi_write
 .text.dw1000_arch_reset
                0x000000000800b10c       0x4c obj_evb1000/dw1000-arch.o
                0x000000000800b10c                dw1000_arch_reset
 .text.dw1000_arch_init
                0x000000000800b158      0x100 obj_evb1000/dw1000-arch.o
                0x000000000800b158                dw1000_arch_init
 .text.dwt_getpartid
                0x000000000800b258        0xc obj_evb1000/deca_device.o
                0x000000000800b258                dwt_getpartid
 .text.dwt_getlotid
                0x000000000800b264        0xc obj_evb1000/deca_device.o
                0x000000000800b264                dwt_getlotid
 .text.dwt_readrxtimestamp
                0x000000000800b270       0x1c obj_evb1000/deca_device.o
                0x000000000800b270                dwt_readrxtimestamp
 .text.dwt_writetodevice
                0x000000000800b28c       0x50 obj_evb1000/deca_device.o
                0x000000000800b28c                dwt_writetodevice
 .text.dwt_writetxdata
                0x000000000800b2dc       0x20 obj_evb1000/deca_device.o
                0x000000000800b2dc                dwt_writetxdata
 .text.dwt_setrxantennadelay
                0x000000000800b2fc       0x24 obj_evb1000/deca_device.o
                0x000000000800b2fc                dwt_setrxantennadelay
 .text.dwt_settxantennadelay
                0x000000000800b320       0x20 obj_evb1000/deca_device.o
                0x000000000800b320                dwt_settxantennadelay
 .text.dwt_writetxfctrl
                0x000000000800b340       0x40 obj_evb1000/deca_device.o
                0x000000000800b340                dwt_writetxfctrl
 .text.dwt_readfromdevice
                0x000000000800b380       0x4c obj_evb1000/deca_device.o
                0x000000000800b380                dwt_readfromdevice
 .text.dwt_readrxdata
                0x000000000800b3cc       0x14 obj_evb1000/deca_device.o
                0x000000000800b3cc                dwt_readrxdata
 .text.dwt_readdevid
                0x000000000800b3e0       0x2c obj_evb1000/deca_device.o
                0x000000000800b3e0                dwt_readdevid
 .text.dwt_enableframefilter
                0x000000000800b40c       0x7c obj_evb1000/deca_device.o
                0x000000000800b40c                dwt_enableframefilter
 .text.dwt_setpanid
                0x000000000800b488       0x20 obj_evb1000/deca_device.o
                0x000000000800b488                dwt_setpanid
 .text.dwt_setaddress16
                0x000000000800b4a8       0x20 obj_evb1000/deca_device.o
                0x000000000800b4a8                dwt_setaddress16
 .text.dwt_seteui
                0x000000000800b4c8       0x1c obj_evb1000/deca_device.o
                0x000000000800b4c8                dwt_seteui
 .text.dwt_geteui
                0x000000000800b4e4       0x1c obj_evb1000/deca_device.o
                0x000000000800b4e4                dwt_geteui
 .text._dwt_otpread
                0x000000000800b500       0x68 obj_evb1000/deca_device.o
                0x000000000800b500                _dwt_otpread
 .text._dwt_aonarrayupload
                0x000000000800b568       0x2c obj_evb1000/deca_device.o
                0x000000000800b568                _dwt_aonarrayupload
 .text._dwt_configlde
                0x000000000800b594       0x40 obj_evb1000/deca_device.o
                0x000000000800b594                _dwt_configlde
 .text.dwt_configure
                0x000000000800b5d4      0x3a4 obj_evb1000/deca_device.o
                0x000000000800b5d4                dwt_configure
 .text.dwt_setrxaftertxdelay
                0x000000000800b978       0x58 obj_evb1000/deca_device.o
                0x000000000800b978                dwt_setrxaftertxdelay
 .text.dwt_setcallbacks
                0x000000000800b9d0       0x18 obj_evb1000/deca_device.o
                0x000000000800b9d0                dwt_setcallbacks
 .text.dwt_setleds
                0x000000000800b9e8      0x144 obj_evb1000/deca_device.o
                0x000000000800b9e8                dwt_setleds
 .text._dwt_enableclocks
                0x000000000800bb2c      0x10c obj_evb1000/deca_device.o
                0x000000000800bb2c                _dwt_enableclocks
 .text._dwt_loaducodefromrom
                0x000000000800bc38       0x34 obj_evb1000/deca_device.o
                0x000000000800bc38                _dwt_loaducodefromrom
 .text._dwt_disablesequencing
                0x000000000800bc6c       0x24 obj_evb1000/deca_device.o
                0x000000000800bc6c                _dwt_disablesequencing
 .text.dwt_starttx
                0x000000000800bc90       0xa8 obj_evb1000/deca_device.o
                0x000000000800bc90                dwt_starttx
 .text.dwt_syncrxbufptrs
                0x000000000800bd38       0x38 obj_evb1000/deca_device.o
                0x000000000800bd38                dwt_syncrxbufptrs
 .text.dwt_forcetrxoff
                0x000000000800bd70       0xc4 obj_evb1000/deca_device.o
                0x000000000800bd70                dwt_forcetrxoff
 .text.dwt_rxenable
                0x000000000800be34       0x98 obj_evb1000/deca_device.o
                0x000000000800be34                dwt_rxenable
 .text.dwt_setrxtimeout
                0x000000000800becc       0x7c obj_evb1000/deca_device.o
                0x000000000800becc                dwt_setrxtimeout
 .text.dwt_setinterrupt
                0x000000000800bf48       0x68 obj_evb1000/deca_device.o
                0x000000000800bf48                dwt_setinterrupt
 .text.dwt_rxreset
                0x000000000800bfb0       0x30 obj_evb1000/deca_device.o
                0x000000000800bfb0                dwt_rxreset
 .text.dwt_isr  0x000000000800bfe0      0x1dc obj_evb1000/deca_device.o
                0x000000000800bfe0                dwt_isr
 .text.dwt_softreset
                0x000000000800c1bc       0x68 obj_evb1000/deca_device.o
                0x000000000800c1bc                dwt_softreset
 .text.dwt_initialise
                0x000000000800c224      0x154 obj_evb1000/deca_device.o
                0x000000000800c224                dwt_initialise
 .text.dwt_getrangebias
                0x000000000800c378      0x18c obj_evb1000/deca_range_tables.o
                0x000000000800c378                dwt_getrangebias
 .text.dw1000_receiving_packet
                0x000000000800c504        0xc obj_evb1000/dw1000.o
 .text.dw1000_pending_packet
                0x000000000800c510        0xc obj_evb1000/dw1000.o
 .text.dw1000_off
                0x000000000800c51c        0x4 obj_evb1000/dw1000.o
 .text.dw1000_get_value
                0x000000000800c520        0x4 obj_evb1000/dw1000.o
 .text.dw1000_on
                0x000000000800c524       0x14 obj_evb1000/dw1000.o
 .text.rx_err_cb
                0x000000000800c538       0x18 obj_evb1000/dw1000.o
 .text.rx_to_cb
                0x000000000800c550       0x1c obj_evb1000/dw1000.o
 .text.rx_ok_cb
                0x000000000800c56c       0x54 obj_evb1000/dw1000.o
 .text.process_thread_dw1000_process
                0x000000000800c5c0       0x98 obj_evb1000/dw1000.o
 .text.dw1000_set_object
                0x000000000800c658       0x20 obj_evb1000/dw1000.o
 .text.dw1000_get_object
                0x000000000800c678       0x20 obj_evb1000/dw1000.o
 .text.dw1000_set_value
                0x000000000800c698       0x48 obj_evb1000/dw1000.o
 .text.dw1000_channel_clear
                0x000000000800c6e0       0x1c obj_evb1000/dw1000.o
 .text.dw1000_transmit
                0x000000000800c6fc       0x58 obj_evb1000/dw1000.o
 .text.dw1000_send
                0x000000000800c754       0x34 obj_evb1000/dw1000.o
 .text.tx_conf_cb
                0x000000000800c788       0x24 obj_evb1000/dw1000.o
 .text.dw1000_radio_read
                0x000000000800c7ac       0x20 obj_evb1000/dw1000.o
 .text.dw1000_prepare
                0x000000000800c7cc       0x30 obj_evb1000/dw1000.o
 .text.dw1000_configure
                0x000000000800c7fc       0x34 obj_evb1000/dw1000.o
                0x000000000800c7fc                dw1000_configure
 .text.dw1000_init
                0x000000000800c830       0xb0 obj_evb1000/dw1000.o
 .text.process_thread_dw1000_rng_process
                0x000000000800c8e0      0x248 obj_evb1000/dw1000-ranging.o
 .text.dw1000_ranging_init
                0x000000000800cb28       0x68 obj_evb1000/dw1000-ranging.o
                0x000000000800cb28                dw1000_ranging_init
 .text.dw1000_is_ranging
                0x000000000800cb90       0x10 obj_evb1000/dw1000-ranging.o
                0x000000000800cb90                dw1000_is_ranging
 .text.dw1000_range_reset
                0x000000000800cba0       0x20 obj_evb1000/dw1000-ranging.o
                0x000000000800cba0                dw1000_range_reset
 .text.dw1000_range_reconfigure
                0x000000000800cbc0       0x80 obj_evb1000/dw1000-ranging.o
                0x000000000800cbc0                dw1000_range_reconfigure
 .text.SystemInit
                0x000000000800cc40      0x134 obj_evb1000/system_stm32f10x.o
                0x000000000800cc40                SystemInit
 .text.__get_MSP
                0x000000000800cd74        0x8 obj_evb1000/core_cm3.o
                0x000000000800cd74                __get_MSP
 .text.NVIC_PriorityGroupConfig
                0x000000000800cd7c       0x14 obj_evb1000/misc.o
                0x000000000800cd7c                NVIC_PriorityGroupConfig
 .text.NVIC_Init
                0x000000000800cd90       0x64 obj_evb1000/misc.o
                0x000000000800cd90                NVIC_Init
 .text.GPIO_Init
                0x000000000800cdf4       0xbc obj_evb1000/stm32f10x_gpio.o
                0x000000000800cdf4                GPIO_Init
 .text.GPIO_ReadInputDataBit
                0x000000000800ceb0        0xc obj_evb1000/stm32f10x_gpio.o
                0x000000000800ceb0                GPIO_ReadInputDataBit
 .text.GPIO_SetBits
                0x000000000800cebc        0x4 obj_evb1000/stm32f10x_gpio.o
                0x000000000800cebc                GPIO_SetBits
 .text.GPIO_ResetBits
                0x000000000800cec0        0x4 obj_evb1000/stm32f10x_gpio.o
                0x000000000800cec0                GPIO_ResetBits
 .text.GPIO_WriteBit
                0x000000000800cec4        0xc obj_evb1000/stm32f10x_gpio.o
                0x000000000800cec4                GPIO_WriteBit
 .text.GPIO_EXTILineConfig
                0x000000000800ced0       0x30 obj_evb1000/stm32f10x_gpio.o
                0x000000000800ced0                GPIO_EXTILineConfig
 .text.RCC_DeInit
                0x000000000800cf00       0x50 obj_evb1000/stm32f10x_rcc.o
                0x000000000800cf00                RCC_DeInit
 .text.RCC_HSEConfig
                0x000000000800cf50       0x38 obj_evb1000/stm32f10x_rcc.o
                0x000000000800cf50                RCC_HSEConfig
 .text.RCC_WaitForHSEStartUp
                0x000000000800cf88       0x34 obj_evb1000/stm32f10x_rcc.o
                0x000000000800cf88                RCC_WaitForHSEStartUp
 .text.RCC_PLLConfig
                0x000000000800cfbc       0x14 obj_evb1000/stm32f10x_rcc.o
                0x000000000800cfbc                RCC_PLLConfig
 .text.RCC_PLLCmd
                0x000000000800cfd0        0xc obj_evb1000/stm32f10x_rcc.o
                0x000000000800cfd0                RCC_PLLCmd
 .text.RCC_PREDIV1Config
                0x000000000800cfdc       0x18 obj_evb1000/stm32f10x_rcc.o
                0x000000000800cfdc                RCC_PREDIV1Config
 .text.RCC_PREDIV2Config
                0x000000000800cff4       0x14 obj_evb1000/stm32f10x_rcc.o
                0x000000000800cff4                RCC_PREDIV2Config
 .text.RCC_PLL2Config
                0x000000000800d008       0x14 obj_evb1000/stm32f10x_rcc.o
                0x000000000800d008                RCC_PLL2Config
 .text.RCC_PLL2Cmd
                0x000000000800d01c        0xc obj_evb1000/stm32f10x_rcc.o
                0x000000000800d01c                RCC_PLL2Cmd
 .text.RCC_SYSCLKConfig
                0x000000000800d028       0x14 obj_evb1000/stm32f10x_rcc.o
                0x000000000800d028                RCC_SYSCLKConfig
 .text.RCC_GetSYSCLKSource
                0x000000000800d03c       0x10 obj_evb1000/stm32f10x_rcc.o
                0x000000000800d03c                RCC_GetSYSCLKSource
 .text.RCC_HCLKConfig
                0x000000000800d04c       0x14 obj_evb1000/stm32f10x_rcc.o
                0x000000000800d04c                RCC_HCLKConfig
 .text.RCC_PCLK1Config
                0x000000000800d060       0x14 obj_evb1000/stm32f10x_rcc.o
                0x000000000800d060                RCC_PCLK1Config
 .text.RCC_PCLK2Config
                0x000000000800d074       0x14 obj_evb1000/stm32f10x_rcc.o
                0x000000000800d074                RCC_PCLK2Config
 .text.RCC_ADCCLKConfig
                0x000000000800d088       0x14 obj_evb1000/stm32f10x_rcc.o
                0x000000000800d088                RCC_ADCCLKConfig
 .text.RCC_RTCCLKConfig
                0x000000000800d09c       0x10 obj_evb1000/stm32f10x_rcc.o
                0x000000000800d09c                RCC_RTCCLKConfig
 .text.RCC_RTCCLKCmd
                0x000000000800d0ac        0xc obj_evb1000/stm32f10x_rcc.o
                0x000000000800d0ac                RCC_RTCCLKCmd
 .text.RCC_GetClocksFreq
                0x000000000800d0b8       0xe4 obj_evb1000/stm32f10x_rcc.o
                0x000000000800d0b8                RCC_GetClocksFreq
 .text.RCC_AHBPeriphClockCmd
                0x000000000800d19c       0x18 obj_evb1000/stm32f10x_rcc.o
                0x000000000800d19c                RCC_AHBPeriphClockCmd
 .text.RCC_APB2PeriphClockCmd
                0x000000000800d1b4       0x18 obj_evb1000/stm32f10x_rcc.o
                0x000000000800d1b4                RCC_APB2PeriphClockCmd
 .text.RCC_APB1PeriphClockCmd
                0x000000000800d1cc       0x18 obj_evb1000/stm32f10x_rcc.o
                0x000000000800d1cc                RCC_APB1PeriphClockCmd
 .text.RCC_BackupResetCmd
                0x000000000800d1e4        0xc obj_evb1000/stm32f10x_rcc.o
                0x000000000800d1e4                RCC_BackupResetCmd
 .text.RCC_GetFlagStatus
                0x000000000800d1f0       0x34 obj_evb1000/stm32f10x_rcc.o
                0x000000000800d1f0                RCC_GetFlagStatus
 .text.EXTI_Init
                0x000000000800d224       0x7c obj_evb1000/stm32f10x_exti.o
                0x000000000800d224                EXTI_Init
 .text.EXTI_ClearITPendingBit
                0x000000000800d2a0        0xc obj_evb1000/stm32f10x_exti.o
                0x000000000800d2a0                EXTI_ClearITPendingBit
 .text.RTC_ITConfig
                0x000000000800d2ac       0x1c obj_evb1000/stm32f10x_rtc.o
                0x000000000800d2ac                RTC_ITConfig
 .text.RTC_GetCounter
                0x000000000800d2c8       0x14 obj_evb1000/stm32f10x_rtc.o
                0x000000000800d2c8                RTC_GetCounter
 .text.RTC_SetPrescaler
                0x000000000800d2dc       0x28 obj_evb1000/stm32f10x_rtc.o
                0x000000000800d2dc                RTC_SetPrescaler
 .text.RTC_SetAlarm
                0x000000000800d304       0x28 obj_evb1000/stm32f10x_rtc.o
                0x000000000800d304                RTC_SetAlarm
 .text.RTC_WaitForLastTask
                0x000000000800d32c       0x10 obj_evb1000/stm32f10x_rtc.o
                0x000000000800d32c                RTC_WaitForLastTask
 .text.RTC_WaitForSynchro
                0x000000000800d33c       0x1c obj_evb1000/stm32f10x_rtc.o
                0x000000000800d33c                RTC_WaitForSynchro
 .text.RTC_GetITStatus
                0x000000000800d358       0x20 obj_evb1000/stm32f10x_rtc.o
                0x000000000800d358                RTC_GetITStatus
 .text.RTC_ClearITPendingBit
                0x000000000800d378       0x14 obj_evb1000/stm32f10x_rtc.o
                0x000000000800d378                RTC_ClearITPendingBit
 .text.BKP_DeInit
                0x000000000800d38c       0x14 obj_evb1000/stm32f10x_bkp.o
                0x000000000800d38c                BKP_DeInit
 .text.FLASH_SetLatency
                0x000000000800d3a0       0x14 obj_evb1000/stm32f10x_flash.o
                0x000000000800d3a0                FLASH_SetLatency
 .text.FLASH_PrefetchBufferCmd
                0x000000000800d3b4       0x18 obj_evb1000/stm32f10x_flash.o
                0x000000000800d3b4                FLASH_PrefetchBufferCmd
 .text.IWDG_WriteAccessCmd
                0x000000000800d3cc        0xc obj_evb1000/stm32f10x_iwdg.o
                0x000000000800d3cc                IWDG_WriteAccessCmd
 .text.IWDG_SetPrescaler
                0x000000000800d3d8        0xc obj_evb1000/stm32f10x_iwdg.o
                0x000000000800d3d8                IWDG_SetPrescaler
 .text.IWDG_SetReload
                0x000000000800d3e4        0xc obj_evb1000/stm32f10x_iwdg.o
                0x000000000800d3e4                IWDG_SetReload
 .text.IWDG_ReloadCounter
                0x000000000800d3f0       0x10 obj_evb1000/stm32f10x_iwdg.o
                0x000000000800d3f0                IWDG_ReloadCounter
 .text.IWDG_Enable
                0x000000000800d400       0x10 obj_evb1000/stm32f10x_iwdg.o
                0x000000000800d400                IWDG_Enable
 .text.PWR_BackupAccessCmd
                0x000000000800d410        0xc obj_evb1000/stm32f10x_pwr.o
                0x000000000800d410                PWR_BackupAccessCmd
 .text.PWR_GetFlagStatus
                0x000000000800d41c       0x14 obj_evb1000/stm32f10x_pwr.o
                0x000000000800d41c                PWR_GetFlagStatus
 .text.PWR_ClearFlag
                0x000000000800d430       0x10 obj_evb1000/stm32f10x_pwr.o
                0x000000000800d430                PWR_ClearFlag
 .text.SPI_Init
                0x000000000800d440       0x40 obj_evb1000/stm32f10x_spi.o
                0x000000000800d440                SPI_Init
 .text.SPI_StructInit
                0x000000000800d480       0x18 obj_evb1000/stm32f10x_spi.o
                0x000000000800d480                SPI_StructInit
 .text.SPI_Cmd  0x000000000800d498       0x1c obj_evb1000/stm32f10x_spi.o
                0x000000000800d498                SPI_Cmd
 .text.SPI_I2S_SendData
                0x000000000800d4b4        0x4 obj_evb1000/stm32f10x_spi.o
                0x000000000800d4b4                SPI_I2S_SendData
 .text.SPI_I2S_ReceiveData
                0x000000000800d4b8        0x8 obj_evb1000/stm32f10x_spi.o
                0x000000000800d4b8                SPI_I2S_ReceiveData
 .text.SPI_SSOutputCmd
                0x000000000800d4c0       0x1c obj_evb1000/stm32f10x_spi.o
                0x000000000800d4c0                SPI_SSOutputCmd
 .text.SPI_I2S_GetFlagStatus
                0x000000000800d4dc        0xc obj_evb1000/stm32f10x_spi.o
                0x000000000800d4dc                SPI_I2S_GetFlagStatus
 .text.USBD_Resume
                0x000000000800d4e8       0x18 obj_evb1000/usbd_core.o
 .text.USBD_Suspend
                0x000000000800d500       0x1c obj_evb1000/usbd_core.o
 .text.USBD_SOF
                0x000000000800d51c       0x10 obj_evb1000/usbd_core.o
 .text.USBD_IsoINIncomplete
                0x000000000800d52c       0x10 obj_evb1000/usbd_core.o
 .text.USBD_IsoOUTIncomplete
                0x000000000800d53c       0x10 obj_evb1000/usbd_core.o
 .text.USBD_DevConnected
                0x000000000800d54c       0x18 obj_evb1000/usbd_core.o
 .text.USBD_DevDisconnected
                0x000000000800d564       0x20 obj_evb1000/usbd_core.o
 .text.USBD_Reset
                0x000000000800d584       0x30 obj_evb1000/usbd_core.o
 .text.USBD_SetupStage
                0x000000000800d5b4       0x58 obj_evb1000/usbd_core.o
 .text.USBD_DataInStage
                0x000000000800d60c       0xd0 obj_evb1000/usbd_core.o
 .text.USBD_DataOutStage
                0x000000000800d6dc       0x74 obj_evb1000/usbd_core.o
 .text.USBD_Init
                0x000000000800d750       0x38 obj_evb1000/usbd_core.o
                0x000000000800d750                USBD_Init
 .text.USBD_SetCfg
                0x000000000800d788       0x18 obj_evb1000/usbd_core.o
                0x000000000800d788                USBD_SetCfg
 .text.USBD_ClrCfg
                0x000000000800d7a0       0x10 obj_evb1000/usbd_core.o
                0x000000000800d7a0                USBD_ClrCfg
 .text.USBD_CtlSendData
                0x000000000800d7b0       0x20 obj_evb1000/usbd_ioreq.o
                0x000000000800d7b0                USBD_CtlSendData
 .text.USBD_CtlContinueSendData
                0x000000000800d7d0       0x10 obj_evb1000/usbd_ioreq.o
                0x000000000800d7d0                USBD_CtlContinueSendData
 .text.USBD_CtlPrepareRx
                0x000000000800d7e0       0x20 obj_evb1000/usbd_ioreq.o
                0x000000000800d7e0                USBD_CtlPrepareRx
 .text.USBD_CtlContinueRx
                0x000000000800d800       0x10 obj_evb1000/usbd_ioreq.o
                0x000000000800d800                USBD_CtlContinueRx
 .text.USBD_CtlSendStatus
                0x000000000800d810       0x20 obj_evb1000/usbd_ioreq.o
                0x000000000800d810                USBD_CtlSendStatus
 .text.USBD_CtlReceiveStatus
                0x000000000800d830       0x20 obj_evb1000/usbd_ioreq.o
                0x000000000800d830                USBD_CtlReceiveStatus
 .text.USBD_CtlError.constprop.0
                0x000000000800d850       0x1c obj_evb1000/usbd_req.o
 .text.USBD_StdDevReq
                0x000000000800d86c      0x2cc obj_evb1000/usbd_req.o
                0x000000000800d86c                USBD_StdDevReq
 .text.USBD_StdItfReq
                0x000000000800db38       0x34 obj_evb1000/usbd_req.o
                0x000000000800db38                USBD_StdItfReq
 .text.USBD_StdEPReq
                0x000000000800db6c       0xdc obj_evb1000/usbd_req.o
                0x000000000800db6c                USBD_StdEPReq
 .text.USBD_ParseSetupRequest
                0x000000000800dc48       0x48 obj_evb1000/usbd_req.o
                0x000000000800dc48                USBD_ParseSetupRequest
 .text.USBD_CtlError
                0x000000000800dc90       0x1c obj_evb1000/usbd_req.o
                0x000000000800dc90                USBD_CtlError
 .text.USBD_GetString
                0x000000000800dcac       0x4c obj_evb1000/usbd_req.o
                0x000000000800dcac                USBD_GetString
 .text.usbd_cdc_EP0_RxReady
                0x000000000800dcf8       0x30 obj_evb1000/usbd_cdc_core.o
                0x000000000800dcf8                usbd_cdc_EP0_RxReady
 .text.USBD_cdc_GetCfgDesc
                0x000000000800dd28        0xc obj_evb1000/usbd_cdc_core.o
 .text.usbd_cdc_Init
                0x000000000800dd34       0x54 obj_evb1000/usbd_cdc_core.o
                0x000000000800dd34                usbd_cdc_Init
 .text.usbd_cdc_DataOut
                0x000000000800dd88       0x34 obj_evb1000/usbd_cdc_core.o
                0x000000000800dd88                usbd_cdc_DataOut
 .text.usbd_cdc_DeInit
                0x000000000800ddbc       0x28 obj_evb1000/usbd_cdc_core.o
                0x000000000800ddbc                usbd_cdc_DeInit
 .text.usbd_cdc_Setup
                0x000000000800dde4       0xa8 obj_evb1000/usbd_cdc_core.o
                0x000000000800dde4                usbd_cdc_Setup
 .text.usbd_cdc_SOF
                0x000000000800de8c       0xa8 obj_evb1000/usbd_cdc_core.o
                0x000000000800de8c                usbd_cdc_SOF
 .text.usbd_cdc_DataIn
                0x000000000800df34       0x80 obj_evb1000/usbd_cdc_core.o
                0x000000000800df34                usbd_cdc_DataIn
 .text.DW_VCP_DeInit
                0x000000000800dfb4        0x4 obj_evb1000/deca_usb.o
                0x000000000800dfb4                DW_VCP_DeInit
 .text.DW_VCP_Ctrl
                0x000000000800dfb8        0x4 obj_evb1000/deca_usb.o
                0x000000000800dfb8                DW_VCP_Ctrl
 .text.DW_VCP_DataRx
                0x000000000800dfbc       0x1c obj_evb1000/deca_usb.o
                0x000000000800dfbc                DW_VCP_DataRx
 .text.DW_VCP_DataTx
                0x000000000800dfd8       0x48 obj_evb1000/deca_usb.o
                0x000000000800dfd8                DW_VCP_DataTx
 .text.DW_VCP_Init
                0x000000000800e020        0x4 obj_evb1000/deca_usb.o
                0x000000000800e020                DW_VCP_Init
 .text.usb_init
                0x000000000800e024       0x2c obj_evb1000/deca_usb.o
                0x000000000800e024                usb_init
 .text.USB_OTG_BSP_Init
                0x000000000800e050       0x6c obj_evb1000/deca_usb_bsp_evk1000.o
                0x000000000800e050                USB_OTG_BSP_Init
 .text.USB_OTG_BSP_EnableInterrupt
                0x000000000800e0bc       0x30 obj_evb1000/deca_usb_bsp_evk1000.o
                0x000000000800e0bc                USB_OTG_BSP_EnableInterrupt
 .text.USB_OTG_BSP_uDelay
                0x000000000800e0ec       0x24 obj_evb1000/deca_usb_bsp_evk1000.o
                0x000000000800e0ec                USB_OTG_BSP_uDelay
 .text.USB_OTG_BSP_mDelay
                0x000000000800e110       0x28 obj_evb1000/deca_usb_bsp_evk1000.o
                0x000000000800e110                USB_OTG_BSP_mDelay
 .text.USBD_USR_DeviceDescriptor
                0x000000000800e138        0xc obj_evb1000/usbd_desc.o
                0x000000000800e138                USBD_USR_DeviceDescriptor
 .text.USBD_USR_LangIDStrDescriptor
                0x000000000800e144        0xc obj_evb1000/usbd_desc.o
                0x000000000800e144                USBD_USR_LangIDStrDescriptor
 .text.USBD_USR_ManufacturerStrDescriptor
                0x000000000800e150       0x1c obj_evb1000/usbd_desc.o
                0x000000000800e150                USBD_USR_ManufacturerStrDescriptor
 .text.USBD_USR_ProductStrDescriptor
                0x000000000800e16c       0x28 obj_evb1000/usbd_desc.o
                0x000000000800e16c                USBD_USR_ProductStrDescriptor
 .text.USBD_USR_SerialStrDescriptor
                0x000000000800e194       0x28 obj_evb1000/usbd_desc.o
                0x000000000800e194                USBD_USR_SerialStrDescriptor
 .text.USBD_USR_ConfigStrDescriptor
                0x000000000800e1bc       0x1c obj_evb1000/usbd_desc.o
                0x000000000800e1bc                USBD_USR_ConfigStrDescriptor
 .text.USBD_USR_InterfaceStrDescriptor
                0x000000000800e1d8       0x1c obj_evb1000/usbd_desc.o
                0x000000000800e1d8                USBD_USR_InterfaceStrDescriptor
 .text.USBD_USR_DeviceReset
                0x000000000800e1f4        0x4 obj_evb1000/usbd_usr.o
                0x000000000800e1f4                USBD_USR_DeviceReset
 .text.USBD_USR_DeviceDisconnected
                0x000000000800e1f8        0x4 obj_evb1000/usbd_usr.o
                0x000000000800e1f8                USBD_USR_DeviceDisconnected
 .text.USBD_USR_DeviceConnected
                0x000000000800e1fc        0x4 obj_evb1000/usbd_usr.o
                0x000000000800e1fc                USBD_USR_DeviceConnected
 .text.USBD_USR_Init
                0x000000000800e200        0x4 obj_evb1000/usbd_usr.o
                0x000000000800e200                USBD_USR_Init
 .text.USBD_USR_DeviceConfigured
                0x000000000800e204        0x4 obj_evb1000/usbd_usr.o
                0x000000000800e204                USBD_USR_DeviceConfigured
 .text.USBD_USR_DeviceSuspended
                0x000000000800e208        0x4 obj_evb1000/usbd_usr.o
                0x000000000800e208                USBD_USR_DeviceSuspended
 .text.USBD_USR_DeviceResumed
                0x000000000800e20c        0x4 obj_evb1000/usbd_usr.o
                0x000000000800e20c                USBD_USR_DeviceResumed
 .text.USB_OTG_CoreReset.isra.1
                0x000000000800e210       0x64 obj_evb1000/usb_core.o
 .text.USB_OTG_WritePacket
                0x000000000800e274       0x28 obj_evb1000/usb_core.o
                0x000000000800e274                USB_OTG_WritePacket
 .text.USB_OTG_ReadPacket
                0x000000000800e29c       0x28 obj_evb1000/usb_core.o
                0x000000000800e29c                USB_OTG_ReadPacket
 .text.USB_OTG_SelectCore
                0x000000000800e2c4      0x128 obj_evb1000/usb_core.o
                0x000000000800e2c4                USB_OTG_SelectCore
 .text.USB_OTG_CoreInit
                0x000000000800e3ec       0x98 obj_evb1000/usb_core.o
                0x000000000800e3ec                USB_OTG_CoreInit
 .text.USB_OTG_EnableGlobalInt
                0x000000000800e484       0x10 obj_evb1000/usb_core.o
                0x000000000800e484                USB_OTG_EnableGlobalInt
 .text.USB_OTG_DisableGlobalInt
                0x000000000800e494       0x10 obj_evb1000/usb_core.o
                0x000000000800e494                USB_OTG_DisableGlobalInt
 .text.USB_OTG_FlushTxFifo
                0x000000000800e4a4       0x48 obj_evb1000/usb_core.o
                0x000000000800e4a4                USB_OTG_FlushTxFifo
 .text.USB_OTG_FlushRxFifo
                0x000000000800e4ec       0x40 obj_evb1000/usb_core.o
                0x000000000800e4ec                USB_OTG_FlushRxFifo
 .text.USB_OTG_SetCurrentMode
                0x000000000800e52c       0x2c obj_evb1000/usb_core.o
                0x000000000800e52c                USB_OTG_SetCurrentMode
 .text.USB_OTG_IsDeviceMode
                0x000000000800e558        0xc obj_evb1000/usb_core.o
                0x000000000800e558                USB_OTG_IsDeviceMode
 .text.USB_OTG_ReadCoreItr
                0x000000000800e564        0xc obj_evb1000/usb_core.o
                0x000000000800e564                USB_OTG_ReadCoreItr
 .text.USB_OTG_EnableDevInt
                0x000000000800e570       0x44 obj_evb1000/usb_core.o
                0x000000000800e570                USB_OTG_EnableDevInt
 .text.USB_OTG_CoreInitDev
                0x000000000800e5b4      0x10c obj_evb1000/usb_core.o
                0x000000000800e5b4                USB_OTG_CoreInitDev
 .text.USB_OTG_GetDeviceSpeed
                0x000000000800e6c0       0x14 obj_evb1000/usb_core.o
                0x000000000800e6c0                USB_OTG_GetDeviceSpeed
 .text.USB_OTG_EP0Activate
                0x000000000800e6d4       0x38 obj_evb1000/usb_core.o
                0x000000000800e6d4                USB_OTG_EP0Activate
 .text.USB_OTG_EPActivate
                0x000000000800e70c       0x5c obj_evb1000/usb_core.o
                0x000000000800e70c                USB_OTG_EPActivate
 .text.USB_OTG_EPDeactivate
                0x000000000800e768       0x44 obj_evb1000/usb_core.o
                0x000000000800e768                USB_OTG_EPDeactivate
 .text.USB_OTG_EPStartXfer
                0x000000000800e7ac      0x130 obj_evb1000/usb_core.o
                0x000000000800e7ac                USB_OTG_EPStartXfer
 .text.USB_OTG_EP0StartXfer
                0x000000000800e8dc       0xa4 obj_evb1000/usb_core.o
                0x000000000800e8dc                USB_OTG_EP0StartXfer
 .text.USB_OTG_EPSetStall
                0x000000000800e980       0x30 obj_evb1000/usb_core.o
                0x000000000800e980                USB_OTG_EPSetStall
 .text.USB_OTG_EPClearStall
                0x000000000800e9b0       0x2c obj_evb1000/usb_core.o
                0x000000000800e9b0                USB_OTG_EPClearStall
 .text.USB_OTG_ReadDevAllOutEp_itr
                0x000000000800e9dc        0xc obj_evb1000/usb_core.o
                0x000000000800e9dc                USB_OTG_ReadDevAllOutEp_itr
 .text.USB_OTG_ReadDevOutEP_itr
                0x000000000800e9e8       0x10 obj_evb1000/usb_core.o
                0x000000000800e9e8                USB_OTG_ReadDevOutEP_itr
 .text.USB_OTG_ReadDevAllInEPItr
                0x000000000800e9f8        0xc obj_evb1000/usb_core.o
                0x000000000800e9f8                USB_OTG_ReadDevAllInEPItr
 .text.USB_OTG_EP0_OutStart
                0x000000000800ea04       0x28 obj_evb1000/usb_core.o
                0x000000000800ea04                USB_OTG_EP0_OutStart
 .text.USB_OTG_UngateClock
                0x000000000800ea2c       0x20 obj_evb1000/usb_core.o
                0x000000000800ea2c                USB_OTG_UngateClock
 .text.USBD_OTG_ISR_Handler
                0x000000000800ea4c      0x624 obj_evb1000/usb_dcd_int.o
                0x000000000800ea4c                USBD_OTG_ISR_Handler
 .text.DCD_Init
                0x000000000800f070       0x98 obj_evb1000/usb_dcd.o
                0x000000000800f070                DCD_Init
 .text.DCD_EP_Open
                0x000000000800f108       0x64 obj_evb1000/usb_dcd.o
                0x000000000800f108                DCD_EP_Open
 .text.DCD_EP_Close
                0x000000000800f16c       0x38 obj_evb1000/usb_dcd.o
                0x000000000800f16c                DCD_EP_Close
 .text.DCD_EP_PrepareRx
                0x000000000800f1a4       0x4c obj_evb1000/usb_dcd.o
                0x000000000800f1a4                DCD_EP_PrepareRx
 .text.DCD_EP_Tx
                0x000000000800f1f0       0x44 obj_evb1000/usb_dcd.o
                0x000000000800f1f0                DCD_EP_Tx
 .text.DCD_EP_Stall
                0x000000000800f234       0x3c obj_evb1000/usb_dcd.o
                0x000000000800f234                DCD_EP_Stall
 .text.DCD_EP_ClrStall
                0x000000000800f270       0x3c obj_evb1000/usb_dcd.o
                0x000000000800f270                DCD_EP_ClrStall
 .text.DCD_EP_SetAddress
                0x000000000800f2ac       0x10 obj_evb1000/usb_dcd.o
                0x000000000800f2ac                DCD_EP_SetAddress
 .text.SysTick_Handler
                0x000000000800f2bc       0x3c obj_evb1000/clock.o
                0x000000000800f2bc                SysTick_Handler
 .text.clock_init
                0x000000000800f2f8       0x40 obj_evb1000/clock.o
                0x000000000800f2f8                clock_init
 .text.clock_time
                0x000000000800f338        0xc obj_evb1000/clock.o
                0x000000000800f338                clock_time
 .text.clock_seconds
                0x000000000800f344        0xc obj_evb1000/clock.o
                0x000000000800f344                clock_seconds
 .text.clock_wait
                0x000000000800f350       0x14 obj_evb1000/clock.o
                0x000000000800f350                clock_wait
 .text.watchdog_init
                0x000000000800f364       0x1c obj_evb1000/watchdog.o
                0x000000000800f364                watchdog_init
 .text.watchdog_start
                0x000000000800f380       0x10 obj_evb1000/watchdog.o
                0x000000000800f380                watchdog_start
 .text.watchdog_periodic
                0x000000000800f390        0x4 obj_evb1000/watchdog.o
                0x000000000800f390                watchdog_periodic
 .text.RTCAlarm_IRQHandler
                0x000000000800f394       0x3c obj_evb1000/rtimer-arch.o
                0x000000000800f394                RTCAlarm_IRQHandler
 .text.rtimer_arch_init
                0x000000000800f3d0       0x4c obj_evb1000/rtimer-arch.o
                0x000000000800f3d0                rtimer_arch_init
 .text.rtimer_arch_schedule
                0x000000000800f41c        0x4 obj_evb1000/rtimer-arch.o
                0x000000000800f41c                rtimer_arch_schedule
 .text.rtimer_arch_now
                0x000000000800f420        0x4 obj_evb1000/rtimer-arch.o
                0x000000000800f420                rtimer_arch_now
 .text.spix_init
                0x000000000800f424       0xb4 obj_evb1000/spix.o
                0x000000000800f424                spix_init
 .text.spix_change_speed
                0x000000000800f4d8       0x10 obj_evb1000/spix.o
                0x000000000800f4d8                spix_change_speed
 .text.autostart_start
                0x000000000800f4e8       0x18 contiki-evb1000.a(autostart.o)
                0x000000000800f4e8                autostart_start
 .text.process_thread_ctimer_process
                0x000000000800f500       0x94 contiki-evb1000.a(ctimer.o)
 .text.ctimer_init
                0x000000000800f594       0x28 contiki-evb1000.a(ctimer.o)
                0x000000000800f594                ctimer_init
 .text.ctimer_set_with_process
                0x000000000800f5bc       0x4c contiki-evb1000.a(ctimer.o)
                0x000000000800f5bc                ctimer_set_with_process
 .text.ctimer_set
                0x000000000800f608       0x18 contiki-evb1000.a(ctimer.o)
                0x000000000800f608                ctimer_set
 .text.ctimer_reset
                0x000000000800f620       0x38 contiki-evb1000.a(ctimer.o)
                0x000000000800f620                ctimer_reset
 .text.ctimer_restart
                0x000000000800f658       0x38 contiki-evb1000.a(ctimer.o)
                0x000000000800f658                ctimer_restart
 .text.ctimer_stop
                0x000000000800f690       0x34 contiki-evb1000.a(ctimer.o)
                0x000000000800f690                ctimer_stop
 .text.energest_init
                0x000000000800f6c4        0x4 contiki-evb1000.a(energest.o)
                0x000000000800f6c4                energest_init
 .text.update_time
                0x000000000800f6c8       0x44 contiki-evb1000.a(etimer.o)
 .text.process_thread_etimer_process
                0x000000000800f70c       0xcc contiki-evb1000.a(etimer.o)
 .text.add_timer
                0x000000000800f7d8       0x54 contiki-evb1000.a(etimer.o)
 .text.etimer_request_poll
                0x000000000800f82c        0xc contiki-evb1000.a(etimer.o)
                0x000000000800f82c                etimer_request_poll
 .text.etimer_set
                0x000000000800f838       0x14 contiki-evb1000.a(etimer.o)
                0x000000000800f838                etimer_set
 .text.etimer_reset
                0x000000000800f84c       0x14 contiki-evb1000.a(etimer.o)
                0x000000000800f84c                etimer_reset
 .text.etimer_restart
                0x000000000800f860       0x14 contiki-evb1000.a(etimer.o)
                0x000000000800f860                etimer_restart
 .text.etimer_expired
                0x000000000800f874        0xc contiki-evb1000.a(etimer.o)
                0x000000000800f874                etimer_expired
 .text.etimer_expiration_time
                0x000000000800f880        0x8 contiki-evb1000.a(etimer.o)
                0x000000000800f880                etimer_expiration_time
 .text.etimer_pending
                0x000000000800f888       0x10 contiki-evb1000.a(etimer.o)
                0x000000000800f888                etimer_pending
 .text.etimer_stop
                0x000000000800f898       0x44 contiki-evb1000.a(etimer.o)
                0x000000000800f898                etimer_stop
 .text.exit_process
                0x000000000800f8dc       0xa8 contiki-evb1000.a(process.o)
 .text.call_process.part.0
                0x000000000800f984       0x38 contiki-evb1000.a(process.o)
 .text.do_poll  0x000000000800f9bc       0x3c contiki-evb1000.a(process.o)
 .text.process_alloc_event
                0x000000000800f9f8       0x10 contiki-evb1000.a(process.o)
                0x000000000800f9f8                process_alloc_event
 .text.process_start
                0x000000000800fa08       0x48 contiki-evb1000.a(process.o)
                0x000000000800fa08                process_start
 .text.process_init
                0x000000000800fa50       0x34 contiki-evb1000.a(process.o)
                0x000000000800fa50                process_init
 .text.process_run
                0x000000000800fa84       0xa8 contiki-evb1000.a(process.o)
                0x000000000800fa84                process_run
 .text.process_post
                0x000000000800fb2c       0x40 contiki-evb1000.a(process.o)
                0x000000000800fb2c                process_post
 .text.process_post_synch
                0x000000000800fb6c       0x18 contiki-evb1000.a(process.o)
                0x000000000800fb6c                process_post_synch
 .text.process_poll
                0x000000000800fb84       0x18 contiki-evb1000.a(process.o)
                0x000000000800fb84                process_poll
 .text.rtimer_init
                0x000000000800fb9c        0x4 contiki-evb1000.a(rtimer.o)
                0x000000000800fb9c                rtimer_init
 .text.rtimer_run_next
                0x000000000800fba0       0x28 contiki-evb1000.a(rtimer.o)
                0x000000000800fba0                rtimer_run_next
 .text.timer_set
                0x000000000800fbc8       0x10 contiki-evb1000.a(timer.o)
                0x000000000800fbc8                timer_set
 .text.timer_reset
                0x000000000800fbd8        0xc contiki-evb1000.a(timer.o)
                0x000000000800fbd8                timer_reset
 .text.timer_restart
                0x000000000800fbe4        0xc contiki-evb1000.a(timer.o)
                0x000000000800fbe4                timer_restart
 .text.timer_expired
                0x000000000800fbf0       0x1c contiki-evb1000.a(timer.o)
                0x000000000800fbf0                timer_expired
 .text.process_thread_serial_line_process
                0x000000000800fc0c       0xa8 contiki-evb1000.a(serial-line.o)
 .text.serial_line_input_byte
                0x000000000800fcb4       0x58 contiki-evb1000.a(serial-line.o)
                0x000000000800fcb4                serial_line_input_byte
 .text.serial_line_init
                0x000000000800fd0c       0x24 contiki-evb1000.a(serial-line.o)
                0x000000000800fd0c                serial_line_init
 .text.leds_init
                0x000000000800fd30       0x14 contiki-evb1000.a(leds.o)
                0x000000000800fd30                leds_init
 .text.leds_set
                0x000000000800fd44        0xc contiki-evb1000.a(leds.o)
                0x000000000800fd44                leds_set
 .text.leds_on  0x000000000800fd50       0x14 contiki-evb1000.a(leds.o)
                0x000000000800fd50                leds_on
 .text.leds_off
                0x000000000800fd64       0x14 contiki-evb1000.a(leds.o)
                0x000000000800fd64                leds_off
 .text.leds_toggle
                0x000000000800fd78       0x14 contiki-evb1000.a(leds.o)
                0x000000000800fd78                leds_toggle
 .text.list_init
                0x000000000800fd8c        0x8 contiki-evb1000.a(list.o)
                0x000000000800fd8c                list_init
 .text.list_head
                0x000000000800fd94        0x4 contiki-evb1000.a(list.o)
                0x000000000800fd94                list_head
 .text.list_add
                0x000000000800fd98       0x58 contiki-evb1000.a(list.o)
                0x000000000800fd98                list_add
 .text.list_push
                0x000000000800fdf0       0x44 contiki-evb1000.a(list.o)
                0x000000000800fdf0                list_push
 .text.list_remove
                0x000000000800fe34       0x38 contiki-evb1000.a(list.o)
                0x000000000800fe34                list_remove
 .text.list_length
                0x000000000800fe6c       0x14 contiki-evb1000.a(list.o)
                0x000000000800fe6c                list_length
 .text.list_item_next
                0x000000000800fe80        0x8 contiki-evb1000.a(list.o)
                0x000000000800fe80                list_item_next
 .text.ringbuf_init
                0x000000000800fe88       0x10 contiki-evb1000.a(ringbuf.o)
                0x000000000800fe88                ringbuf_init
 .text.ringbuf_put
                0x000000000800fe98       0x2c contiki-evb1000.a(ringbuf.o)
                0x000000000800fe98                ringbuf_put
 .text.ringbuf_get
                0x000000000800fec4       0x24 contiki-evb1000.a(ringbuf.o)
                0x000000000800fec4                ringbuf_get
 .text.chksum   0x000000000800fee8       0x50 contiki-evb1000.a(uip6.o)
 .text.upper_layer_chksum
                0x000000000800ff38       0x58 contiki-evb1000.a(uip6.o)
 .text.ext_hdr_options_process
                0x000000000800ff90       0xe0 contiki-evb1000.a(uip6.o)
 .text.uip_add32
                0x0000000008010070       0x58 contiki-evb1000.a(uip6.o)
                0x0000000008010070                uip_add32
 .text.unlikely.uip_add_rcv_nxt
                0x00000000080100c8       0x2c contiki-evb1000.a(uip6.o)
 .text.uip_icmp6chksum
                0x00000000080100f4        0x8 contiki-evb1000.a(uip6.o)
                0x00000000080100f4                uip_icmp6chksum
 .text.uip_init
                0x00000000080100fc       0x5c contiki-evb1000.a(uip6.o)
                0x00000000080100fc                uip_init
 .text.remove_ext_hdr
                0x0000000008010158       0x54 contiki-evb1000.a(uip6.o)
                0x0000000008010158                remove_ext_hdr
 .text.uip_unlisten
                0x00000000080101ac       0x28 contiki-evb1000.a(uip6.o)
                0x00000000080101ac                uip_unlisten
 .text.uip_process
                0x00000000080101d4     0x1014 contiki-evb1000.a(uip6.o)
                0x00000000080101d4                uip_process
 .text.uip_htonl
                0x00000000080111e8       0x1c contiki-evb1000.a(uip6.o)
                0x00000000080111e8                uip_htonl
 .text.ns_input
                0x0000000008011204      0x28c contiki-evb1000.a(uip-nd6.o)
 .text.uip_nd6_init
                0x0000000008011490        0xc contiki-evb1000.a(uip-nd6.o)
                0x0000000008011490                uip_nd6_init
 .text.start_periodic_tcp_timer
                0x000000000801149c       0x1c contiki-evb1000.a(tcpip.o)
 .text.tcpip_set_outputfunc
                0x00000000080114b8        0xc contiki-evb1000.a(tcpip.o)
                0x00000000080114b8                tcpip_set_outputfunc
 .text.tcpip_icmp6_call
                0x00000000080114c4       0x28 contiki-evb1000.a(tcpip.o)
                0x00000000080114c4                tcpip_icmp6_call
 .text.tcpip_input
                0x00000000080114ec       0x24 contiki-evb1000.a(tcpip.o)
                0x00000000080114ec                tcpip_input
 .text.tcpip_ipv6_output
                0x0000000008011510       0xbc contiki-evb1000.a(tcpip.o)
                0x0000000008011510                tcpip_ipv6_output
 .text.process_thread_tcpip_process
                0x00000000080115cc      0x1cc contiki-evb1000.a(tcpip.o)
 .text.tcpip_uipcall
                0x0000000008011798       0x70 contiki-evb1000.a(tcpip.o)
                0x0000000008011798                tcpip_uipcall
 .text.rpl_set_preferred_parent
                0x0000000008011808       0x2c contiki-evb1000.a(rpl-dag.o)
 .text.set_ip_from_prefix
                0x0000000008011834       0x24 contiki-evb1000.a(rpl-dag.o)
 .text.check_prefix
                0x0000000008011858       0x78 contiki-evb1000.a(rpl-dag.o)
 .text.find_parent_any_dag_any_instance
                0x00000000080118d0       0x1c contiki-evb1000.a(rpl-dag.o)
 .text.lollipop_greater_than
                0x00000000080118ec       0x3c contiki-evb1000.a(rpl-dag.o)
 .text.rpl_dag_init
                0x0000000008011928       0x14 contiki-evb1000.a(rpl-dag.o)
                0x0000000008011928                rpl_dag_init
 .text.rpl_get_parent
                0x000000000801193c       0x10 contiki-evb1000.a(rpl-dag.o)
                0x000000000801193c                rpl_get_parent
 .text.rpl_rank_via_parent
                0x000000000801194c       0x1c contiki-evb1000.a(rpl-dag.o)
                0x000000000801194c                rpl_rank_via_parent
 .text.rpl_get_parent_ipaddr
                0x0000000008011968       0x18 contiki-evb1000.a(rpl-dag.o)
                0x0000000008011968                rpl_get_parent_ipaddr
 .text.rpl_get_parent_link_stats
                0x0000000008011980       0x18 contiki-evb1000.a(rpl-dag.o)
                0x0000000008011980                rpl_get_parent_link_stats
 .text.best_parent
                0x0000000008011998       0x94 contiki-evb1000.a(rpl-dag.o)
 .text.rpl_parent_is_fresh
                0x0000000008011a2c       0x10 contiki-evb1000.a(rpl-dag.o)
                0x0000000008011a2c                rpl_parent_is_fresh
 .text.rpl_parent_is_reachable
                0x0000000008011a3c       0x3c contiki-evb1000.a(rpl-dag.o)
                0x0000000008011a3c                rpl_parent_is_reachable
 .text.rpl_repair_root
                0x0000000008011a78       0x58 contiki-evb1000.a(rpl-dag.o)
                0x0000000008011a78                rpl_repair_root
 .text.rpl_set_prefix
                0x0000000008011ad0       0x94 contiki-evb1000.a(rpl-dag.o)
                0x0000000008011ad0                rpl_set_prefix
 .text.rpl_set_default_route
                0x0000000008011b64       0x30 contiki-evb1000.a(rpl-dag.o)
                0x0000000008011b64                rpl_set_default_route
 .text.rpl_alloc_instance
                0x0000000008011b94       0x34 contiki-evb1000.a(rpl-dag.o)
                0x0000000008011b94                rpl_alloc_instance
 .text.rpl_alloc_dag
                0x0000000008011bc8       0x5c contiki-evb1000.a(rpl-dag.o)
                0x0000000008011bc8                rpl_alloc_dag
 .text.rpl_add_parent
                0x0000000008011c24       0x30 contiki-evb1000.a(rpl-dag.o)
                0x0000000008011c24                rpl_add_parent
 .text.rpl_find_parent
                0x0000000008011c54       0x18 contiki-evb1000.a(rpl-dag.o)
                0x0000000008011c54                rpl_find_parent
 .text.rpl_find_parent_any_dag
                0x0000000008011c6c       0x20 contiki-evb1000.a(rpl-dag.o)
                0x0000000008011c6c                rpl_find_parent_any_dag
 .text.rpl_select_parent
                0x0000000008011c8c       0x54 contiki-evb1000.a(rpl-dag.o)
                0x0000000008011c8c                rpl_select_parent
 .text.rpl_select_dag
                0x0000000008011ce0      0x178 contiki-evb1000.a(rpl-dag.o)
                0x0000000008011ce0                rpl_select_dag
 .text.rpl_nullify_parent
                0x0000000008011e58       0x54 contiki-evb1000.a(rpl-dag.o)
                0x0000000008011e58                rpl_nullify_parent
 .text.nbr_callback
                0x0000000008011eac       0x1c contiki-evb1000.a(rpl-dag.o)
 .text.remove_parents.constprop.6
                0x0000000008011ec8       0x48 contiki-evb1000.a(rpl-dag.o)
 .text.rpl_free_dag
                0x0000000008011f10       0x3c contiki-evb1000.a(rpl-dag.o)
                0x0000000008011f10                rpl_free_dag
 .text.rpl_move_parent
                0x0000000008011f4c       0x58 contiki-evb1000.a(rpl-dag.o)
                0x0000000008011f4c                rpl_move_parent
 .text.rpl_get_dag
                0x0000000008011fa4       0x54 contiki-evb1000.a(rpl-dag.o)
                0x0000000008011fa4                rpl_get_dag
 .text.rpl_get_any_dag
                0x0000000008011ff8       0x18 contiki-evb1000.a(rpl-dag.o)
                0x0000000008011ff8                rpl_get_any_dag
 .text.rpl_get_instance
                0x0000000008012010       0x20 contiki-evb1000.a(rpl-dag.o)
                0x0000000008012010                rpl_get_instance
 .text.rpl_join_instance
                0x0000000008012030      0x14c contiki-evb1000.a(rpl-dag.o)
                0x0000000008012030                rpl_join_instance
 .text.rpl_local_repair
                0x000000000801217c       0x90 contiki-evb1000.a(rpl-dag.o)
                0x000000000801217c                rpl_local_repair
 .text.rpl_process_parent_event
                0x000000000801220c       0x9c contiki-evb1000.a(rpl-dag.o)
                0x000000000801220c                rpl_process_parent_event
 .text.rpl_add_dag
                0x00000000080122a8      0x148 contiki-evb1000.a(rpl-dag.o)
                0x00000000080122a8                rpl_add_dag
 .text.rpl_recalculate_ranks
                0x00000000080123f0       0x50 contiki-evb1000.a(rpl-dag.o)
                0x00000000080123f0                rpl_recalculate_ranks
 .text.rpl_process_dio
                0x0000000008012440      0x324 contiki-evb1000.a(rpl-dag.o)
                0x0000000008012440                rpl_process_dio
 .text.new_dio_interval
                0x0000000008012764       0x60 contiki-evb1000.a(rpl-timers.o)
 .text.handle_periodic_timer
                0x00000000080127c4       0x58 contiki-evb1000.a(rpl-timers.o)
 .text.set_dao_lifetime_timer
                0x000000000801281c       0x4c contiki-evb1000.a(rpl-timers.o)
 .text.handle_unicast_dio_timer
                0x0000000008012868       0x1c contiki-evb1000.a(rpl-timers.o)
 .text.handle_dio_timer
                0x0000000008012884       0x8c contiki-evb1000.a(rpl-timers.o)
 .text.schedule_dao
                0x0000000008012910       0x54 contiki-evb1000.a(rpl-timers.o)
 .text.handle_dao_timer
                0x0000000008012964       0x5c contiki-evb1000.a(rpl-timers.o)
 .text.rpl_reset_periodic_timer
                0x00000000080129c0       0x3c contiki-evb1000.a(rpl-timers.o)
                0x00000000080129c0                rpl_reset_periodic_timer
 .text.rpl_reset_dio_timer
                0x00000000080129fc       0x1c contiki-evb1000.a(rpl-timers.o)
                0x00000000080129fc                rpl_reset_dio_timer
 .text.rpl_schedule_dao
                0x0000000008012a18        0x8 contiki-evb1000.a(rpl-timers.o)
                0x0000000008012a18                rpl_schedule_dao
 .text.rpl_schedule_unicast_dio_immediately
                0x0000000008012a20       0x14 contiki-evb1000.a(rpl-timers.o)
                0x0000000008012a20                rpl_schedule_unicast_dio_immediately
 .text.get_probing_delay
                0x0000000008012a34       0x38 contiki-evb1000.a(rpl-timers.o)
                0x0000000008012a34                get_probing_delay
 .text.get_probing_target
                0x0000000008012a6c       0xdc contiki-evb1000.a(rpl-timers.o)
                0x0000000008012a6c                get_probing_target
 .text.rpl_schedule_probing
                0x0000000008012b48       0x20 contiki-evb1000.a(rpl-timers.o)
                0x0000000008012b48                rpl_schedule_probing
 .text.handle_probing_timer
                0x0000000008012b68       0x34 contiki-evb1000.a(rpl-timers.o)
 .text.update_hbh_header
                0x0000000008012b9c       0xd0 contiki-evb1000.a(rpl-ext-header.)
 .text.insert_hbh_header.isra.0
                0x0000000008012c6c       0xb0 contiki-evb1000.a(rpl-ext-header.)
 .text.rpl_verify_hbh_header
                0x0000000008012d1c       0xec contiki-evb1000.a(rpl-ext-header.)
                0x0000000008012d1c                rpl_verify_hbh_header
 .text.rpl_remove_header
                0x0000000008012e08       0x78 contiki-evb1000.a(rpl-ext-header.)
                0x0000000008012e08                rpl_remove_header
 .text.rpl_update_header
                0x0000000008012e80       0x74 contiki-evb1000.a(rpl-ext-header.)
                0x0000000008012e80                rpl_update_header
 .text.rpl_get_mode
                0x0000000008012ef4        0xc contiki-evb1000.a(rpl.o)
                0x0000000008012ef4                rpl_get_mode
 .text.rpl_purge_routes
                0x0000000008012f00       0x80 contiki-evb1000.a(rpl.o)
                0x0000000008012f00                rpl_purge_routes
 .text.rpl_remove_routes
                0x0000000008012f80       0x24 contiki-evb1000.a(rpl.o)
                0x0000000008012f80                rpl_remove_routes
 .text.rpl_remove_routes_by_nexthop
                0x0000000008012fa4       0x34 contiki-evb1000.a(rpl.o)
                0x0000000008012fa4                rpl_remove_routes_by_nexthop
 .text.rpl_add_route
                0x0000000008012fd8       0x38 contiki-evb1000.a(rpl.o)
                0x0000000008012fd8                rpl_add_route
 .text.rpl_link_neighbor_callback
                0x0000000008013010       0x60 contiki-evb1000.a(rpl.o)
                0x0000000008013010                rpl_link_neighbor_callback
 .text.rpl_ipv6_neighbor_callback
                0x0000000008013070       0x30 contiki-evb1000.a(rpl.o)
                0x0000000008013070                rpl_ipv6_neighbor_callback
 .text.rpl_purge_dags
                0x00000000080130a0       0x60 contiki-evb1000.a(rpl.o)
                0x00000000080130a0                rpl_purge_dags
 .text.rpl_init
                0x0000000008013100       0x4c contiki-evb1000.a(rpl.o)
                0x0000000008013100                rpl_init
 .text.reset    0x000000000801314c        0x4 contiki-evb1000.a(rpl-mrhof.o)
 .text.update_metric_container
                0x0000000008013150        0x8 contiki-evb1000.a(rpl-mrhof.o)
 .text.parent_link_metric
                0x0000000008013158       0x14 contiki-evb1000.a(rpl-mrhof.o)
 .text.parent_has_usable_link
                0x000000000801316c       0x18 contiki-evb1000.a(rpl-mrhof.o)
 .text.best_dag
                0x0000000008013184       0x30 contiki-evb1000.a(rpl-mrhof.o)
 .text.parent_path_cost
                0x00000000080131b4       0x4c contiki-evb1000.a(rpl-mrhof.o)
 .text.parent_is_acceptable
                0x0000000008013200       0x34 contiki-evb1000.a(rpl-mrhof.o)
 .text.rank_via_parent
                0x0000000008013234       0x3c contiki-evb1000.a(rpl-mrhof.o)
 .text.best_parent
                0x0000000008013270       0x68 contiki-evb1000.a(rpl-mrhof.o)
 .text.queuebuf_init
                0x00000000080132d8       0x1c contiki-evb1000.a(queuebuf.o)
                0x00000000080132d8                queuebuf_init
 .text.queuebuf_numfree
                0x00000000080132f4        0xc contiki-evb1000.a(queuebuf.o)
                0x00000000080132f4                queuebuf_numfree
 .text.queuebuf_new_from_packetbuf
                0x0000000008013300       0x44 contiki-evb1000.a(queuebuf.o)
                0x0000000008013300                queuebuf_new_from_packetbuf
 .text.queuebuf_update_attr_from_packetbuf
                0x0000000008013344        0xc contiki-evb1000.a(queuebuf.o)
                0x0000000008013344                queuebuf_update_attr_from_packetbuf
 .text.queuebuf_free
                0x0000000008013350       0x2c contiki-evb1000.a(queuebuf.o)
                0x0000000008013350                queuebuf_free
 .text.queuebuf_to_packetbuf
                0x000000000801337c       0x30 contiki-evb1000.a(queuebuf.o)
                0x000000000801337c                queuebuf_to_packetbuf
 .text.queuebuf_attr
                0x00000000080133ac        0xc contiki-evb1000.a(queuebuf.o)
                0x00000000080133ac                queuebuf_attr
 .text.index_from_lladdr
                0x00000000080133b8       0x50 contiki-evb1000.a(nbr-table.o)
 .text.remove_key
                0x0000000008013408       0x90 contiki-evb1000.a(nbr-table.o)
 .text.nbr_table_register
                0x0000000008013498       0x2c contiki-evb1000.a(nbr-table.o)
                0x0000000008013498                nbr_table_register
 .text.nbr_table_next
                0x00000000080134c4       0x78 contiki-evb1000.a(nbr-table.o)
                0x00000000080134c4                nbr_table_next
 .text.nbr_table_head
                0x000000000801353c       0x58 contiki-evb1000.a(nbr-table.o)
                0x000000000801353c                nbr_table_head
 .text.nbr_table_add_lladdr
                0x0000000008013594      0x15c contiki-evb1000.a(nbr-table.o)
                0x0000000008013594                nbr_table_add_lladdr
 .text.nbr_table_get_from_lladdr
                0x00000000080136f0       0x38 contiki-evb1000.a(nbr-table.o)
                0x00000000080136f0                nbr_table_get_from_lladdr
 .text.nbr_table_remove
                0x0000000008013728       0x5c contiki-evb1000.a(nbr-table.o)
                0x0000000008013728                nbr_table_remove
 .text.nbr_table_lock
                0x0000000008013784       0x34 contiki-evb1000.a(nbr-table.o)
                0x0000000008013784                nbr_table_lock
 .text.nbr_table_unlock
                0x00000000080137b8       0x34 contiki-evb1000.a(nbr-table.o)
                0x00000000080137b8                nbr_table_unlock
 .text.nbr_table_get_lladdr
                0x00000000080137ec       0x2c contiki-evb1000.a(nbr-table.o)
                0x00000000080137ec                nbr_table_get_lladdr
 .text.nbr_table_update_lladdr
                0x0000000008013818       0x58 contiki-evb1000.a(nbr-table.o)
                0x0000000008013818                nbr_table_update_lladdr
 .text.packetbuf_copyto
                0x0000000008013870       0x50 contiki-evb1000.a(packetbuf.o)
                0x0000000008013870                packetbuf_copyto
 .text.packetbuf_hdralloc
                0x00000000080138c0       0x54 contiki-evb1000.a(packetbuf.o)
                0x00000000080138c0                packetbuf_hdralloc
 .text.packetbuf_hdrreduce
                0x0000000008013914       0x2c contiki-evb1000.a(packetbuf.o)
                0x0000000008013914                packetbuf_hdrreduce
 .text.packetbuf_set_datalen
                0x0000000008013940        0xc contiki-evb1000.a(packetbuf.o)
                0x0000000008013940                packetbuf_set_datalen
 .text.packetbuf_dataptr
                0x000000000801394c       0x20 contiki-evb1000.a(packetbuf.o)
                0x000000000801394c                packetbuf_dataptr
 .text.packetbuf_hdrptr
                0x000000000801396c        0x8 contiki-evb1000.a(packetbuf.o)
                0x000000000801396c                packetbuf_hdrptr
 .text.packetbuf_datalen
                0x0000000008013974        0xc contiki-evb1000.a(packetbuf.o)
                0x0000000008013974                packetbuf_datalen
 .text.packetbuf_totlen
                0x0000000008013980       0x24 contiki-evb1000.a(packetbuf.o)
                0x0000000008013980                packetbuf_totlen
 .text.packetbuf_attr_clear
                0x00000000080139a4       0x34 contiki-evb1000.a(packetbuf.o)
                0x00000000080139a4                packetbuf_attr_clear
 .text.packetbuf_clear
                0x00000000080139d8       0x20 contiki-evb1000.a(packetbuf.o)
                0x00000000080139d8                packetbuf_clear
 .text.packetbuf_copyfrom
                0x00000000080139f8       0x40 contiki-evb1000.a(packetbuf.o)
                0x00000000080139f8                packetbuf_copyfrom
 .text.packetbuf_attr_copyto
                0x0000000008013a38       0x44 contiki-evb1000.a(packetbuf.o)
                0x0000000008013a38                packetbuf_attr_copyto
 .text.packetbuf_attr_copyfrom
                0x0000000008013a7c       0x44 contiki-evb1000.a(packetbuf.o)
                0x0000000008013a7c                packetbuf_attr_copyfrom
 .text.packetbuf_set_attr
                0x0000000008013ac0       0x10 contiki-evb1000.a(packetbuf.o)
                0x0000000008013ac0                packetbuf_set_attr
 .text.packetbuf_attr
                0x0000000008013ad0        0xc contiki-evb1000.a(packetbuf.o)
                0x0000000008013ad0                packetbuf_attr
 .text.packetbuf_set_addr
                0x0000000008013adc       0x18 contiki-evb1000.a(packetbuf.o)
                0x0000000008013adc                packetbuf_set_addr
 .text.packetbuf_addr
                0x0000000008013af4       0x10 contiki-evb1000.a(packetbuf.o)
                0x0000000008013af4                packetbuf_addr
 .text.packetbuf_holds_broadcast
                0x0000000008013b04       0x10 contiki-evb1000.a(packetbuf.o)
                0x0000000008013b04                packetbuf_holds_broadcast
 .text.netstack_init
                0x0000000008013b14       0x24 contiki-evb1000.a(netstack.o)
                0x0000000008013b14                netstack_init
 .text.linkaddr_copy
                0x0000000008013b38        0xc contiki-evb1000.a(linkaddr.o)
                0x0000000008013b38                linkaddr_copy
 .text.linkaddr_cmp
                0x0000000008013b44       0x10 contiki-evb1000.a(linkaddr.o)
                0x0000000008013b44                linkaddr_cmp
 .text.periodic
                0x0000000008013b54       0x30 contiki-evb1000.a(link-stats.o)
 .text.link_stats_from_lladdr
                0x0000000008013b84        0xc contiki-evb1000.a(link-stats.o)
                0x0000000008013b84                link_stats_from_lladdr
 .text.link_stats_is_fresh
                0x0000000008013b90       0x2c contiki-evb1000.a(link-stats.o)