Archive member included to satisfy reference by file (symbol)

contiki-evb1000.a(autostart.o)
                              obj_evb1000/contiki-main.o (autostart_start)
contiki-evb1000.a(ctimer.o)   obj_evb1000/contiki-main.o (ctimer_init)
contiki-evb1000.a(energest.o)
                              obj_evb1000/contiki-main.o (energest_init)
contiki-evb1000.a(etimer.o)   obj_evb1000/clock.o (etimer_request_poll)
contiki-evb1000.a(process.o)  obj_evb1000/dw1000-ranging.o (process_alloc_event)
contiki-evb1000.a(rtimer.o)   obj_evb1000/contiki-main.o (rtimer_init)
contiki-evb1000.a(timer.o)    contiki-evb1000.a(etimer.o) (timer_set)
contiki-evb1000.a(serial-line.o)
                              obj_evb1000/deca_usb.o (serial_line_input_byte)
contiki-evb1000.a(leds.o)     obj_evb1000/contiki-main.o (leds_init)
contiki-evb1000.a(list.o)     contiki-evb1000.a(ctimer.o) (list_init)
contiki-evb1000.a(ringbuf.o)  contiki-evb1000.a(serial-line.o) (ringbuf_init)
contiki-evb1000.a(packetbuf.o)
                              obj_evb1000/dw1000.o (packetbuf_set_datalen)
contiki-evb1000.a(netstack.o)
                              obj_evb1000/contiki-main.o (netstack_init)
contiki-evb1000.a(linkaddr.o)
                              contiki-evb1000.a(packetbuf.o) (linkaddr_copy)
contiki-evb1000.a(nullrdc.o)  obj_evb1000/dw1000.o (nullrdc_driver)
contiki-evb1000.a(nullsec.o)  contiki-evb1000.a(netstack.o) (nullsec_driver)
contiki-evb1000.a(rime.o)     contiki-evb1000.a(nullsec.o) (rime_driver)
contiki-evb1000.a(broadcast-annou)
                              contiki-evb1000.a(rime.o) (broadcast_announcement_init)
contiki-evb1000.a(abc.o)      contiki-evb1000.a(rime.o) (abc_input)
contiki-evb1000.a(broadcast.o)
                              contiki-evb1000.a(broadcast-annou) (broadcast_open)
contiki-evb1000.a(chameleon.o)
                              contiki-evb1000.a(rime.o) (chameleon_init)
contiki-evb1000.a(channel.o)  contiki-evb1000.a(chameleon.o) (channel_init)
contiki-evb1000.a(announcement.o)
                              contiki-evb1000.a(rime.o) (announcement_init)
contiki-evb1000.a(queuebuf.o)
                              contiki-evb1000.a(rime.o) (queuebuf_init)
contiki-evb1000.a(mac-sequence.o)
                              contiki-evb1000.a(nullrdc.o) (mac_sequence_is_duplicate)
contiki-evb1000.a(csma.o)     contiki-evb1000.a(nullrdc.o) (csma_driver)
contiki-evb1000.a(frame802154.o)
                              contiki-evb1000.a(nullrdc.o) (frame802154_parse)
contiki-evb1000.a(mac.o)      contiki-evb1000.a(nullrdc.o) (mac_call_sent_callback)
contiki-evb1000.a(framer-802154.o)
                              contiki-evb1000.a(nullrdc.o) (framer_802154)
contiki-evb1000.a(memb.o)     contiki-evb1000.a(queuebuf.o) (memb_init)
contiki-evb1000.a(random.o)   contiki-evb1000.a(broadcast-annou) (random_rand)
contiki-evb1000.a(chameleon-bitop)
                              contiki-evb1000.a(chameleon.o) (chameleon_bitopt)
/home/fistw/Ac6/SystemWorkbench/plugins/fr.ac6.mcu.externaltools.arm-none.linux64_1.16.0.201807130628/tools/compiler/bin/../lib/gcc/arm-none-eabi/7.2.1/thumb/v7-m/libgcc.a(_arm_addsubdf3.o)
                              obj_evb1000/deca_device.o (__aeabi_dsub)
/home/fistw/Ac6/SystemWorkbench/plugins/fr.ac6.mcu.externaltools.arm-none.linux64_1.16.0.201807130628/tools/compiler/bin/../lib/gcc/arm-none-eabi/7.2.1/thumb/v7-m/libgcc.a(_arm_muldivdf3.o)
                              obj_evb1000/deca_device.o (__aeabi_dmul)
/home/fistw/Ac6/SystemWorkbench/plugins/fr.ac6.mcu.externaltools.arm-none.linux64_1.16.0.201807130628/tools/compiler/bin/../lib/gcc/arm-none-eabi/7.2.1/thumb/v7-m/libgcc.a(_arm_cmpdf2.o)
                              obj_evb1000/uwb_tdoa_anchor3.o (__aeabi_dcmplt)
/home/fistw/Ac6/SystemWorkbench/plugins/fr.ac6.mcu.externaltools.arm-none.linux64_1.16.0.201807130628/tools/compiler/bin/../lib/gcc/arm-none-eabi/7.2.1/thumb/v7-m/libgcc.a(_arm_fixdfsi.o)
                              obj_evb1000/deca_device.o (__aeabi_d2iz)
/home/fistw/Ac6/SystemWorkbench/plugins/fr.ac6.mcu.externaltools.arm-none.linux64_1.16.0.201807130628/tools/compiler/bin/../lib/gcc/arm-none-eabi/7.2.1/thumb/v7-m/libgcc.a(_arm_fixunsdfsi.o)
                              obj_evb1000/uwb_tdoa_anchor3.o (__aeabi_d2uiz)
/home/fistw/Ac6/SystemWorkbench/plugins/fr.ac6.mcu.externaltools.arm-none.linux64_1.16.0.201807130628/tools/compiler/bin/../lib/gcc/arm-none-eabi/7.2.1/thumb/v7-m/libgcc.a(_arm_truncdfsf2.o)
                              obj_evb1000/dw1000-ranging.o (__aeabi_d2f)
/home/fistw/Ac6/SystemWorkbench/plugins/fr.ac6.mcu.externaltools.arm-none.linux64_1.16.0.201807130628/tools/compiler/bin/../lib/gcc/arm-none-eabi/7.2.1/thumb/v7-m/libgcc.a(_arm_addsubsf3.o)
                              obj_evb1000/deca_range_tables.o (__aeabi_i2f)
/home/fistw/Ac6/SystemWorkbench/plugins/fr.ac6.mcu.externaltools.arm-none.linux64_1.16.0.201807130628/tools/compiler/bin/../lib/gcc/arm-none-eabi/7.2.1/thumb/v7-m/libgcc.a(_arm_cmpsf2.o)
[...]
Memory Configuration

Name             Origin             Length             Attributes
FLASH            0x0000000008000000 0x0000000000040000 xr
RAM              0x0000000020000000 0x0000000000010000 xrw
MEMORY_B1        0x0000000060000000 0x0000000000000000 xr
*default*        0x0000000000000000 0xffffffffffffffff

Linker script and memory map

LOAD /home/fistw/Ac6/SystemWorkbench/plugins/fr.ac6.mcu.externaltools.arm-none.linux64_1.16.0.201807130628/tools/compiler/bin/../lib/gcc/arm-none-eabi/7.2.1/thumb/v7-m/crti.o
LOAD /home/fistw/Ac6/SystemWorkbench/plugins/fr.ac6.mcu.externaltools.arm-none.linux64_1.16.0.201807130628/tools/compiler/bin/../lib/gcc/arm-none-eabi/7.2.1/thumb/v7-m/crtbegin.o
LOAD /home/fistw/Ac6/SystemWorkbench/plugins/fr.ac6.mcu.externaltools.arm-none.linux64_1.16.0.201807130628/tools/compiler/bin/../lib/gcc/arm-none-eabi/7.2.1/../../../../arm-none-eabi/lib/thumb/v7-m/crt0.o
LOAD /home/fistw/Ac6/SystemWorkbench/plugins/fr.ac6.mcu.externaltools.arm-none.linux64_1.16.0.201807130628/tools/compiler/bin/../lib/gcc/arm-none-eabi/7.2.1/../../../../arm-none-eabi/lib/thumb/v7-m/libm.a
LOAD /tmp/ccAsJ5Y9.o
LOAD tdoa3_ranging.co
LOAD obj_evb1000/contiki-main.o
LOAD obj_evb1000/board.o
LOAD obj_evb1000/leds-arch.o
LOAD obj_evb1000/lcd.o
LOAD obj_evb1000/stm32f10x_it.o
LOAD obj_evb1000/syscalls.o
LOAD obj_evb1000/dw1000-arch.o
LOAD obj_evb1000/deca_device.o
LOAD obj_evb1000/deca_params_init.o
LOAD obj_evb1000/deca_range_tables.o
LOAD obj_evb1000/dw1000.o
LOAD obj_evb1000/dw1000-ranging.o
LOAD obj_evb1000/tdoa_decadriver.o
LOAD obj_evb1000/uwb.o
LOAD obj_evb1000/uwb_tdoa_anchor3.o
LOAD obj_evb1000/system_stm32f10x.o
LOAD obj_evb1000/core_cm3.o
LOAD obj_evb1000/misc.o
LOAD obj_evb1000/stm32f10x_cec.o
LOAD obj_evb1000/stm32f10x_dma.o
LOAD obj_evb1000/stm32f10x_gpio.o
LOAD obj_evb1000/stm32f10x_rcc.o
LOAD obj_evb1000/stm32f10x_tim.o
LOAD obj_evb1000/stm32f10x_adc.o
LOAD obj_evb1000/stm32f10x_crc.o
LOAD obj_evb1000/stm32f10x_exti.o
LOAD obj_evb1000/stm32f10x_i2c.o
LOAD obj_evb1000/stm32f10x_rtc.o
LOAD obj_evb1000/stm32f10x_usart.o
LOAD obj_evb1000/stm32f10x_bkp.o
LOAD obj_evb1000/stm32f10x_dac.o
LOAD obj_evb1000/stm32f10x_flash.o
LOAD obj_evb1000/stm32f10x_iwdg.o
LOAD obj_evb1000/stm32f10x_sdio.o
LOAD obj_evb1000/stm32f10x_wwdg.o
LOAD obj_evb1000/stm32f10x_can.o
LOAD obj_evb1000/stm32f10x_dbgmcu.o
LOAD obj_evb1000/stm32f10x_fsmc.o
LOAD obj_evb1000/stm32f10x_pwr.o
LOAD obj_evb1000/stm32f10x_spi.o
LOAD obj_evb1000/usbd_core.o
LOAD obj_evb1000/usbd_ioreq.o
LOAD obj_evb1000/usbd_req.o
LOAD obj_evb1000/usbd_cdc_core.o
LOAD obj_evb1000/deca_usb.o
LOAD obj_evb1000/deca_usb_bsp_evk1000.o
LOAD obj_evb1000/usbd_desc.o
LOAD obj_evb1000/usbd_usr.o
LOAD obj_evb1000/usb_core.o
LOAD obj_evb1000/usb_dcd_int.o
LOAD obj_evb1000/usb_dcd.o
LOAD obj_evb1000/clock.o
LOAD obj_evb1000/watchdog.o
LOAD obj_evb1000/rtimer-arch.o
LOAD obj_evb1000/spix.o
LOAD contiki-evb1000.a
START GROUP
LOAD /home/fistw/Ac6/SystemWorkbench/plugins/fr.ac6.mcu.externaltools.arm-none.linux64_1.16.0.201807130628/tools/compiler/bin/../lib/gcc/arm-none-eabi/7.2.1/thumb/v7-m/libgcc.a
LOAD /home/fistw/Ac6/SystemWorkbench/plugins/fr.ac6.mcu.externaltools.arm-none.linux64_1.16.0.201807130628/tools/compiler/bin/../lib/gcc/arm-none-eabi/7.2.1/../../../../arm-none-eabi/lib/thumb/v7-m/libc.a
END GROUP
LOAD /home/fistw/Ac6/SystemWorkbench/plugins/fr.ac6.mcu.externaltools.arm-none.linux64_1.16.0.201807130628/tools/compiler/bin/../lib/gcc/arm-none-eabi/7.2.1/thumb/v7-m/crtend.o
LOAD /home/fistw/Ac6/SystemWorkbench/plugins/fr.ac6.mcu.externaltools.arm-none.linux64_1.16.0.201807130628/tools/compiler/bin/../lib/gcc/arm-none-eabi/7.2.1/thumb/v7-m/crtn.o
                0x0000000020010000                _estack = 0x20010000
                0x0000000000000400                _Min_Heap_Size = 0x400
                0x0000000000000400                _Min_Stack_Size = 0x400

.isr_vector     0x0000000008000000      0x1e4
                0x0000000008000000                . = ALIGN (0x4)
 *(.isr_vector)
 .isr_vector    0x0000000008000000      0x1e4 /tmp/ccAsJ5Y9.o
                0x0000000008000000                g_pfnVectors
                0x00000000080001e4                . = ALIGN (0x4)

.text           0x00000000080001e8     0xd340
                0x00000000080001e8                . = ALIGN (0x4)
 *(.text)
 .text          0x00000000080001e8       0x40 /home/fistw/Ac6/SystemWorkbench/plugins/fr.ac6.mcu.externaltools.arm-none.linux64_1.16.0.201807130628/tools/compiler/bin/../lib/gcc/arm-none-eabi/7.2.1/thumb/v7-m/crtbegin.o
 .text          0x0000000008000228      0x378 /home/fistw/Ac6/SystemWorkbench/plugins/fr.ac6.mcu.externaltools.arm-none.linux64_1.16.0.201807130628/tools/compiler/bin/../lib/gcc/arm-none-eabi/7.2.1/thumb/v7-m/libgcc.a(_arm_addsubdf3.o)
                0x0000000008000228                __aeabi_drsub
                0x0000000008000230                __aeabi_dsub
                0x0000000008000230                __subdf3
                0x0000000008000234                __adddf3
                0x0000000008000234                __aeabi_dadd
                0x00000000080004ac                __aeabi_ui2d
                0x00000000080004ac                __floatunsidf
                0x00000000080004cc                __floatsidf
                0x00000000080004cc                __aeabi_i2d
                0x00000000080004f0                __extendsfdf2
                0x00000000080004f0                __aeabi_f2d
                0x0000000008000534                __aeabi_ul2d
                0x0000000008000534                __floatundidf
                0x0000000008000544                __floatdidf
                0x0000000008000544                __aeabi_l2d
 .text          0x00000000080005a0      0x424 /home/fistw/Ac6/SystemWorkbench/plugins/fr.ac6.mcu.externaltools.arm-none.linux64_1.16.0.201807130628/tools/compiler/bin/../lib/gcc/arm-none-eabi/7.2.1/thumb/v7-m/libgcc.a(_arm_muldivdf3.o)
                0x00000000080005a0                __aeabi_dmul
                0x00000000080005a0                __muldf3
                0x00000000080007f4                __aeabi_ddiv
                0x00000000080007f4                __divdf3
 .text          0x00000000080009c4      0x110 /home/fistw/Ac6/SystemWorkbench/plugins/fr.ac6.mcu.externaltools.arm-none.linux64_1.16.0.201807130628/tools/compiler/bin/../lib/gcc/arm-none-eabi/7.2.1/thumb/v7-m/libgcc.a(_arm_cmpdf2.o)
                0x00000000080009c4                __gtdf2
                0x00000000080009c4                __gedf2
                0x00000000080009cc                __ltdf2
                0x00000000080009cc                __ledf2
                0x00000000080009d4                __cmpdf2
                0x00000000080009d4                __eqdf2
                0x00000000080009d4                __nedf2
                0x0000000008000a50                __aeabi_cdrcmple
                0x0000000008000a60                __aeabi_cdcmple
                0x0000000008000a60                __aeabi_cdcmpeq
                0x0000000008000a70                __aeabi_dcmpeq
                0x0000000008000a84                __aeabi_dcmplt
                0x0000000008000a98                __aeabi_dcmple
                0x0000000008000aac                __aeabi_dcmpge
                0x0000000008000ac0                __aeabi_dcmpgt
 .text          0x0000000008000ad4       0x50 /home/fistw/Ac6/SystemWorkbench/plugins/fr.ac6.mcu.externaltools.arm-none.linux64_1.16.0.201807130628/tools/compiler/bin/../lib/gcc/arm-none-eabi/7.2.1/thumb/v7-m/libgcc.a(_arm_fixdfsi.o)
                0x0000000008000ad4                __fixdfsi
                0x0000000008000ad4                __aeabi_d2iz
 .text          0x0000000008000b24       0x40 /home/fistw/Ac6/SystemWorkbench/plugins/fr.ac6.mcu.externaltools.arm-none.linux64_1.16.0.201807130628/tools/compiler/bin/../lib/gcc/arm-none-eabi/7.2.1/thumb/v7-m/libgcc.a(_arm_fixunsdfsi.o)
                0x0000000008000b24                __fixunsdfsi
                0x0000000008000b24                __aeabi_d2uiz
 .text          0x0000000008000b64       0xa0 /home/fistw/Ac6/SystemWorkbench/plugins/fr.ac6.mcu.externaltools.arm-none.linux64_1.16.0.201807130628/tools/compiler/bin/../lib/gcc/arm-none-eabi/7.2.1/thumb/v7-m/libgcc.a(_arm_truncdfsf2.o)
                0x0000000008000b64                __aeabi_d2f
                0x0000000008000b64                __truncdfsf2
 .text          0x0000000008000c04      0x21c /home/fistw/Ac6/SystemWorkbench/plugins/fr.ac6.mcu.externaltools.arm-none.linux64_1.16.0.201807130628/tools/compiler/bin/../lib/gcc/arm-none-eabi/7.2.1/thumb/v7-m/libgcc.a(_arm_addsubsf3.o)
                0x0000000008000c04                __aeabi_frsub
                0x0000000008000c0c                __subsf3
                0x0000000008000c0c                __aeabi_fsub
                0x0000000008000c10                __aeabi_fadd
                0x0000000008000c10                __addsf3
                0x0000000008000d70                __aeabi_ui2f
                0x0000000008000d70                __floatunsisf
                0x0000000008000d78                __aeabi_i2f
                0x0000000008000d78                __floatsisf
                0x0000000008000d94                __floatundisf
                0x0000000008000d94                __aeabi_ul2f
                0x0000000008000da4                __floatdisf
                0x0000000008000da4                __aeabi_l2f
 .text          0x0000000008000e20       0xec /home/fistw/Ac6/SystemWorkbench/plugins/fr.ac6.mcu.externaltools.arm-none.linux64_1.16.0.201807130628/tools/compiler/bin/../lib/gcc/arm-none-eabi/7.2.1/thumb/v7-m/libgcc.a(_arm_cmpsf2.o)
                0x0000000008000e20                __gtsf2
                0x0000000008000e20                __gesf2
                0x0000000008000e28                __lesf2
                0x0000000008000e28                __ltsf2
                0x0000000008000e30                __nesf2
                0x0000000008000e30                __eqsf2
                0x0000000008000e30                __cmpsf2
                0x0000000008000e90                __aeabi_cfrcmple
                0x0000000008000e98                __aeabi_cfcmple
                0x0000000008000e98                __aeabi_cfcmpeq
                0x0000000008000ea8                __aeabi_fcmpeq
                0x0000000008000ebc                __aeabi_fcmplt
                0x0000000008000ed0                __aeabi_fcmple
                0x0000000008000ee4                __aeabi_fcmpge
                0x0000000008000ef8                __aeabi_fcmpgt
 .text          0x0000000008000f0c       0x30 /home/fistw/Ac6/SystemWorkbench/plugins/fr.ac6.mcu.externaltools.arm-none.linux64_1.16.0.201807130628/tools/compiler/bin/../lib/gcc/arm-none-eabi/7.2.1/thumb/v7-m/libgcc.a(_fixdfdi.o)
                0x0000000008000f0c                __aeabi_d2lz
                0x0000000008000f0c                __fixdfdi
 .text          0x0000000008000f3c       0x44 /home/fistw/Ac6/SystemWorkbench/plugins/fr.ac6.mcu.externaltools.arm-none.linux64_1.16.0.201807130628/tools/compiler/bin/../lib/gcc/arm-none-eabi/7.2.1/thumb/v7-m/libgcc.a(_fixunsdfdi.o)
                0x0000000008000f3c                __aeabi_d2ulz
                0x0000000008000f3c                __fixunsdfdi
 .text          0x0000000008000f80       0xec /home/fistw/Ac6/SystemWorkbench/plugins/fr.ac6.mcu.externaltools.arm-none.linux64_1.16.0.201807130628/tools/compiler/bin/../lib/gcc/arm-none-eabi/7.2.1/../../../../arm-none-eabi/lib/thumb/v7-m/libc.a(lib_a-memcpy.o)
                0x0000000008000f80                memcpy
 .text          0x000000000800106c       0x2c /home/fistw/Ac6/SystemWorkbench/plugins/fr.ac6.mcu.externaltools.arm-none.linux64_1.16.0.201807130628/tools/compiler/bin/../lib/gcc/arm-none-eabi/7.2.1/thumb/v7-m/libgcc.a(_arm_unorddf2.o)
                0x000000000800106c                __aeabi_dcmpun
                0x000000000800106c                __unorddf2
 .text          0x0000000008001098       0x30 /home/fistw/Ac6/SystemWorkbench/plugins/fr.ac6.mcu.externaltools.arm-none.linux64_1.16.0.201807130628/tools/compiler/bin/../lib/gcc/arm-none-eabi/7.2.1/thumb/v7-m/libgcc.a(_aeabi_uldivmod.o)
                0x0000000008001098                __aeabi_uldivmod
 .text          0x00000000080010c8      0x2d0 /home/fistw/Ac6/SystemWorkbench/plugins/fr.ac6.mcu.externaltools.arm-none.linux64_1.16.0.201807130628/tools/compiler/bin/../lib/gcc/arm-none-eabi/7.2.1/thumb/v7-m/libgcc.a(_udivmoddi4.o)
                0x00000000080010c8                __udivmoddi4
 .text          0x0000000008001398        0x4 /home/fistw/Ac6/SystemWorkbench/plugins/fr.ac6.mcu.externaltools.arm-none.linux64_1.16.0.201807130628/tools/compiler/bin/../lib/gcc/arm-none-eabi/7.2.1/thumb/v7-m/libgcc.a(_dvmd_tls.o)
                0x0000000008001398                __aeabi_ldiv0
                0x0000000008001398                __aeabi_idiv0
 *(.text*)
 .text.Reset_Handler
                0x000000000800139c       0x48 /tmp/ccAsJ5Y9.o
                0x000000000800139c                Reset_Handler
 .text.Default_Handler
                0x00000000080013e4        0x2 /tmp/ccAsJ5Y9.o
                0x00000000080013e4                EXTI2_IRQHandler
                0x00000000080013e4                DebugMon_Handler
                0x00000000080013e4                TIM1_CC_IRQHandler
                0x00000000080013e4                HardFault_Handler
                0x00000000080013e4                TIM6_IRQHandler
                0x00000000080013e4                PVD_IRQHandler
                0x00000000080013e4                PendSV_Handler
                0x00000000080013e4                NMI_Handler
                0x00000000080013e4                CAN2_RX1_IRQHandler
                0x00000000080013e4                EXTI3_IRQHandler
                0x00000000080013e4                EXTI0_IRQHandler
                0x00000000080013e4                I2C2_EV_IRQHandler
                0x00000000080013e4                CAN1_RX0_IRQHandler
                0x00000000080013e4                UsageFault_Handler
                0x00000000080013e4                CAN2_SCE_IRQHandler
                0x00000000080013e4                ADC1_2_IRQHandler
                0x00000000080013e4                SPI1_IRQHandler
                0x00000000080013e4                TAMPER_IRQHandler
                0x00000000080013e4                CAN2_RX0_IRQHandler
                0x00000000080013e4                DMA2_Channel2_IRQHandler
                0x00000000080013e4                DMA1_Channel4_IRQHandler
                0x00000000080013e4                USART3_IRQHandler
                0x00000000080013e4                RTC_IRQHandler
                0x00000000080013e4                DMA1_Channel7_IRQHandler
                0x00000000080013e4                CAN1_RX1_IRQHandler
                0x00000000080013e4                UART5_IRQHandler
                0x00000000080013e4                TIM4_IRQHandler
                0x00000000080013e4                DMA2_Channel1_IRQHandler
                0x00000000080013e4                I2C1_EV_IRQHandler
                0x00000000080013e4                DMA1_Channel6_IRQHandler
                0x00000000080013e4                UART4_IRQHandler
                0x00000000080013e4                DMA2_Channel4_IRQHandler
                0x00000000080013e4                TIM3_IRQHandler
                0x00000000080013e4                RCC_IRQHandler
                0x00000000080013e4                TIM1_TRG_COM_IRQHandler
                0x00000000080013e4                DMA1_Channel1_IRQHandler
                0x00000000080013e4                Default_Handler
                0x00000000080013e4                EXTI15_10_IRQHandler
                0x00000000080013e4                TIM7_IRQHandler
                0x00000000080013e4                CAN2_TX_IRQHandler
                0x00000000080013e4                TIM5_IRQHandler
                0x00000000080013e4                ETH_WKUP_IRQHandler
                0x00000000080013e4                SPI2_IRQHandler
                0x00000000080013e4                MemManage_Handler
                0x00000000080013e4                CAN1_TX_IRQHandler
                0x00000000080013e4                SVC_Handler
                0x00000000080013e4                DMA2_Channel5_IRQHandler
                0x00000000080013e4                DMA1_Channel5_IRQHandler
                0x00000000080013e4                EXTI4_IRQHandler
                0x00000000080013e4                DMA1_Channel3_IRQHandler
                0x00000000080013e4                ETH_IRQHandler
                0x00000000080013e4                TIM1_UP_IRQHandler
                0x00000000080013e4                WWDG_IRQHandler
                0x00000000080013e4                TIM2_IRQHandler
                0x00000000080013e4                TIM1_BRK_IRQHandler
                0x00000000080013e4                EXTI1_IRQHandler
                0x00000000080013e4                USART2_IRQHandler
                0x00000000080013e4                I2C2_ER_IRQHandler
                0x00000000080013e4                DMA1_Channel2_IRQHandler
                0x00000000080013e4                CAN1_SCE_IRQHandler
                0x00000000080013e4                FLASH_IRQHandler
                0x00000000080013e4                BusFault_Handler
                0x00000000080013e4                USART1_IRQHandler
                0x00000000080013e4                SPI3_IRQHandler
                0x00000000080013e4                I2C1_ER_IRQHandler
                0x00000000080013e4                DMA2_Channel3_IRQHandler
 *fill*         0x00000000080013e6        0x2 
 .text.process_thread_toda3_ranging
                0x00000000080013e8       0x88 tdoa3_ranging.co
 .text.startup.main
                0x0000000008001470      0x158 obj_evb1000/contiki-main.o
                0x0000000008001470                main
 .text.rtc_init
                0x00000000080015c8       0x4c obj_evb1000/board.o
                0x00000000080015c8                rtc_init
 .text.rcc_init
                0x0000000008001614       0xa8 obj_evb1000/board.o
                0x0000000008001614                rcc_init
 .text.gpio_init
                0x00000000080016bc       0x5c obj_evb1000/board.o
                0x00000000080016bc                gpio_init
 .text.nvic_init
                0x0000000008001718        0x8 obj_evb1000/board.o
                0x0000000008001718                nvic_init
 .text.leds_arch_init
                0x0000000008001720       0x40 obj_evb1000/leds-arch.o
                0x0000000008001720                leds_arch_init
 .text.leds_arch_set
                0x0000000008001760       0x5c obj_evb1000/leds-arch.o
                0x0000000008001760                leds_arch_set
 .text.lcd_write
                0x00000000080017bc       0xa0 obj_evb1000/lcd.o
                0x00000000080017bc                lcd_write
 .text.lcd_clear
                0x000000000800185c       0x2c obj_evb1000/lcd.o
 .text.lcd_display_str
                0x0000000008001888       0x1c obj_evb1000/lcd.o
                0x0000000008001888                lcd_display_str
 .text.lcd_init
                0x00000000080018a4       0xbc obj_evb1000/lcd.o
                0x00000000080018a4                lcd_init
 .text.OTG_FS_WKUP_IRQHandler
                0x0000000008001960       0x30 obj_evb1000/stm32f10x_it.o
                0x0000000008001960                OTG_FS_WKUP_IRQHandler
 .text.OTG_FS_IRQHandler
                0x0000000008001990        0xc obj_evb1000/stm32f10x_it.o
                0x0000000008001990                OTG_FS_IRQHandler
 .text._sbrk    0x000000000800199c       0x30 obj_evb1000/syscalls.o
                0x000000000800199c                _sbrk
 .text._write   0x00000000080019cc       0x18 obj_evb1000/syscalls.o
                0x00000000080019cc                _write
 .text._close   0x00000000080019e4        0x4 obj_evb1000/syscalls.o
                0x00000000080019e4                _close
 .text._lseek   0x00000000080019e8        0x4 obj_evb1000/syscalls.o
                0x00000000080019e8                _lseek
 .text._read    0x00000000080019ec        0x4 obj_evb1000/syscalls.o
                0x00000000080019ec                _read
 .text._fstat   0x00000000080019f0        0x4 obj_evb1000/syscalls.o
                0x00000000080019f0                _fstat
 .text._isatty  0x00000000080019f4        0x4 obj_evb1000/syscalls.o
                0x00000000080019f4                _isatty
 .text.EXTI9_5_IRQHandler
                0x00000000080019f8       0x28 obj_evb1000/dw1000-arch.o
                0x00000000080019f8                EXTI9_5_IRQHandler
 .text.dw1000_disable_interrupt
                0x0000000008001a20       0x20 obj_evb1000/dw1000-arch.o
                0x0000000008001a20                dw1000_disable_interrupt
 .text.dw1000_enable_interrupt
                0x0000000008001a40       0x10 obj_evb1000/dw1000-arch.o
                0x0000000008001a40                dw1000_enable_interrupt
 .text.dw1000_set_isr
                0x0000000008001a50       0x38 obj_evb1000/dw1000-arch.o
                0x0000000008001a50                dw1000_set_isr
 .text.dw1000_spi_read
                0x0000000008001a88       0xac obj_evb1000/dw1000-arch.o
                0x0000000008001a88                dw1000_spi_read
 .text.dw1000_spi_write
                0x0000000008001b34       0xa8 obj_evb1000/dw1000-arch.o
                0x0000000008001b34                dw1000_spi_write
 .text.dw1000_arch_reset
                0x0000000008001bdc       0x4c obj_evb1000/dw1000-arch.o
                0x0000000008001bdc                dw1000_arch_reset
 .text.dw1000_arch_init
                0x0000000008001c28       0xe4 obj_evb1000/dw1000-arch.o
                0x0000000008001c28                dw1000_arch_init
 .text.dwt_getpartid
                0x0000000008001d0c        0xc obj_evb1000/deca_device.o
                0x0000000008001d0c                dwt_getpartid
 .text.dwt_getlotid
                0x0000000008001d18        0xc obj_evb1000/deca_device.o
                0x0000000008001d18                dwt_getlotid
 .text.dwt_readrxtimestamp
                0x0000000008001d24       0x1c obj_evb1000/deca_device.o
                0x0000000008001d24                dwt_readrxtimestamp
 .text.dwt_writetodevice
                0x0000000008001d40       0x54 obj_evb1000/deca_device.o
                0x0000000008001d40                dwt_writetodevice
 .text.dwt_writetxdata
                0x0000000008001d94       0x20 obj_evb1000/deca_device.o
                0x0000000008001d94                dwt_writetxdata
 .text.dwt_setrxantennadelay
                0x0000000008001db4       0x24 obj_evb1000/deca_device.o
                0x0000000008001db4                dwt_setrxantennadelay
 .text.dwt_settxantennadelay
                0x0000000008001dd8       0x20 obj_evb1000/deca_device.o
                0x0000000008001dd8                dwt_settxantennadelay
 .text.dwt_writetxfctrl
                0x0000000008001df8       0x40 obj_evb1000/deca_device.o
                0x0000000008001df8                dwt_writetxfctrl
 .text.dwt_readfromdevice
                0x0000000008001e38       0x50 obj_evb1000/deca_device.o
                0x0000000008001e38                dwt_readfromdevice
 .text.dwt_readrxdata
                0x0000000008001e88       0x14 obj_evb1000/deca_device.o
                0x0000000008001e88                dwt_readrxdata
 .text.dwt_readdevid
                0x0000000008001e9c       0x2c obj_evb1000/deca_device.o
                0x0000000008001e9c                dwt_readdevid
 .text.dwt_enableframefilter
                0x0000000008001ec8       0x7c obj_evb1000/deca_device.o
                0x0000000008001ec8                dwt_enableframefilter
 .text.dwt_setpanid
                0x0000000008001f44       0x20 obj_evb1000/deca_device.o
                0x0000000008001f44                dwt_setpanid
 .text.dwt_setaddress16
                0x0000000008001f64       0x20 obj_evb1000/deca_device.o
                0x0000000008001f64                dwt_setaddress16
 .text.dwt_seteui
                0x0000000008001f84       0x1c obj_evb1000/deca_device.o
                0x0000000008001f84                dwt_seteui
 .text.dwt_geteui
                0x0000000008001fa0       0x1c obj_evb1000/deca_device.o
                0x0000000008001fa0                dwt_geteui
 .text._dwt_otpread
                0x0000000008001fbc       0x68 obj_evb1000/deca_device.o
                0x0000000008001fbc                _dwt_otpread
 .text._dwt_aonarrayupload
                0x0000000008002024       0x2c obj_evb1000/deca_device.o
                0x0000000008002024                _dwt_aonarrayupload
 .text._dwt_configlde
                0x0000000008002050       0x3c obj_evb1000/deca_device.o
                0x0000000008002050                _dwt_configlde
 .text.dwt_configure
                0x000000000800208c      0x388 obj_evb1000/deca_device.o
                0x000000000800208c                dwt_configure
 .text.dwt_setrxaftertxdelay
                0x0000000008002414       0x58 obj_evb1000/deca_device.o
                0x0000000008002414                dwt_setrxaftertxdelay
 .text.dwt_setcallbacks
                0x000000000800246c       0x18 obj_evb1000/deca_device.o
                0x000000000800246c                dwt_setcallbacks
 .text.dwt_setleds
                0x0000000008002484      0x11c obj_evb1000/deca_device.o
                0x0000000008002484                dwt_setleds
 .text._dwt_enableclocks
                0x00000000080025a0      0x104 obj_evb1000/deca_device.o
                0x00000000080025a0                _dwt_enableclocks
 .text._dwt_loaducodefromrom
                0x00000000080026a4       0x30 obj_evb1000/deca_device.o
                0x00000000080026a4                _dwt_loaducodefromrom
 .text._dwt_disablesequencing
                0x00000000080026d4       0x24 obj_evb1000/deca_device.o
                0x00000000080026d4                _dwt_disablesequencing
 .text.dwt_setdelayedtrxtime
                0x00000000080026f8       0x2c obj_evb1000/deca_device.o
                0x00000000080026f8                dwt_setdelayedtrxtime
 .text.dwt_starttx
                0x0000000008002724       0xa8 obj_evb1000/deca_device.o
                0x0000000008002724                dwt_starttx
 .text.dwt_syncrxbufptrs
                0x00000000080027cc       0x38 obj_evb1000/deca_device.o
                0x00000000080027cc                dwt_syncrxbufptrs
 .text.dwt_forcetrxoff
                0x0000000008002804       0xa4 obj_evb1000/deca_device.o
                0x0000000008002804                dwt_forcetrxoff
 .text.dwt_rxenable
                0x00000000080028a8       0x8c obj_evb1000/deca_device.o
                0x00000000080028a8                dwt_rxenable
 .text.dwt_setrxtimeout
                0x0000000008002934       0x7c obj_evb1000/deca_device.o
                0x0000000008002934                dwt_setrxtimeout
 .text.dwt_setinterrupt
                0x00000000080029b0       0x68 obj_evb1000/deca_device.o
                0x00000000080029b0                dwt_setinterrupt
 .text.dwt_rxreset
                0x0000000008002a18       0x30 obj_evb1000/deca_device.o
                0x0000000008002a18                dwt_rxreset
 .text.dwt_isr  0x0000000008002a48      0x18c obj_evb1000/deca_device.o
                0x0000000008002a48                dwt_isr
 .text.dwt_softreset
                0x0000000008002bd4       0x68 obj_evb1000/deca_device.o
                0x0000000008002bd4                dwt_softreset
 .text.dwt_initialise
                0x0000000008002c3c      0x150 obj_evb1000/deca_device.o
                0x0000000008002c3c                dwt_initialise
 *fill*         0x0000000008002d8c        0x4 
 .text.dwt_getrangebias
                0x0000000008002d90      0x18c obj_evb1000/deca_range_tables.o
                0x0000000008002d90                dwt_getrangebias
 .text.dw1000_receiving_packet
                0x0000000008002f1c        0xc obj_evb1000/dw1000.o
 .text.dw1000_pending_packet
                0x0000000008002f28        0xc obj_evb1000/dw1000.o
 .text.dw1000_off
                0x0000000008002f34        0x4 obj_evb1000/dw1000.o
 .text.dw1000_get_value
                0x0000000008002f38        0x4 obj_evb1000/dw1000.o
 .text.dw1000_on
                0x0000000008002f3c       0x14 obj_evb1000/dw1000.o
 .text.rx_err_cb
                0x0000000008002f50       0x18 obj_evb1000/dw1000.o
 .text.rx_to_cb
                0x0000000008002f68       0x1c obj_evb1000/dw1000.o
 .text.process_thread_dw1000_process
                0x0000000008002f84       0x98 obj_evb1000/dw1000.o
 .text.dw1000_set_object
                0x000000000800301c       0x20 obj_evb1000/dw1000.o
 .text.dw1000_get_object
                0x000000000800303c       0x20 obj_evb1000/dw1000.o
 .text.dw1000_set_value
                0x000000000800305c       0x48 obj_evb1000/dw1000.o
 .text.dw1000_channel_clear
                0x00000000080030a4       0x1c obj_evb1000/dw1000.o
 .text.dw1000_transmit
                0x00000000080030c0       0x58 obj_evb1000/dw1000.o
 .text.dw1000_prepare
                0x0000000008003118       0x30 obj_evb1000/dw1000.o
 .text.rx_ok_cb
                0x0000000008003148       0x54 obj_evb1000/dw1000.o
 .text.dw1000_radio_read
                0x000000000800319c       0x20 obj_evb1000/dw1000.o
 .text.tx_conf_cb
                0x00000000080031bc       0x24 obj_evb1000/dw1000.o
 .text.dw1000_send
                0x00000000080031e0       0x34 obj_evb1000/dw1000.o
 .text.dw1000_configure
                0x0000000008003214       0x34 obj_evb1000/dw1000.o
                0x0000000008003214                dw1000_configure
 .text.dw1000_init
                0x0000000008003248       0x94 obj_evb1000/dw1000.o
 *fill*         0x00000000080032dc        0x4 
 .text.process_thread_dw1000_rng_process
                0x00000000080032e0      0x248 obj_evb1000/dw1000-ranging.o
 .text.dw1000_ranging_init
                0x0000000008003528       0x64 obj_evb1000/dw1000-ranging.o
                0x0000000008003528                dw1000_ranging_init
 .text.dw1000_is_ranging
                0x000000000800358c       0x10 obj_evb1000/dw1000-ranging.o
                0x000000000800358c                dw1000_is_ranging
 .text.dw1000_range_reset
                0x000000000800359c       0x20 obj_evb1000/dw1000-ranging.o
                0x000000000800359c                dw1000_range_reset
 .text.dw1000_range_reconfigure
                0x00000000080035bc       0x80 obj_evb1000/dw1000-ranging.o
                0x00000000080035bc                dw1000_range_reconfigure
 .text.dwGetSystemTimestamp
                0x000000000800363c        0xc obj_evb1000/tdoa_decadriver.o
                0x000000000800363c                dwGetSystemTimestamp
 .text.dwSetData
                0x0000000008003648       0x24 obj_evb1000/tdoa_decadriver.o
                0x0000000008003648                dwSetData
 .text.dwStartTransmit
                0x000000000800366c       0x2c obj_evb1000/tdoa_decadriver.o
                0x000000000800366c                dwStartTransmit
 .text.uwbGetConfig
                0x0000000008003698       0x10 obj_evb1000/uwb.o
                0x0000000008003698                uwbGetConfig
 .text.tdoa3Init
                0x00000000080036a8       0x58 obj_evb1000/uwb_tdoa_anchor3.o
                0x00000000080036a8                tdoa3Init
 .text.tdoa3UwbEvent
                0x0000000008003700      0x414 obj_evb1000/uwb_tdoa_anchor3.o
                0x0000000008003700                tdoa3UwbEvent
 .text.SystemInit
                0x0000000008003b14      0x134 obj_evb1000/system_stm32f10x.o
                0x0000000008003b14                SystemInit
 .text.__get_MSP
                0x0000000008003c48        0x8 obj_evb1000/core_cm3.o
                0x0000000008003c48                __get_MSP
 .text.NVIC_PriorityGroupConfig
                0x0000000008003c50       0x14 obj_evb1000/misc.o
                0x0000000008003c50                NVIC_PriorityGroupConfig
 .text.NVIC_Init
                0x0000000008003c64       0x58 obj_evb1000/misc.o
                0x0000000008003c64                NVIC_Init
 .text.GPIO_Init
                0x0000000008003cbc       0xbc obj_evb1000/stm32f10x_gpio.o
                0x0000000008003cbc                GPIO_Init
 .text.GPIO_ReadInputDataBit
                0x0000000008003d78        0xc obj_evb1000/stm32f10x_gpio.o
                0x0000000008003d78                GPIO_ReadInputDataBit
 .text.GPIO_SetBits
                0x0000000008003d84        0x4 obj_evb1000/stm32f10x_gpio.o
                0x0000000008003d84                GPIO_SetBits
 .text.GPIO_ResetBits
                0x0000000008003d88        0x4 obj_evb1000/stm32f10x_gpio.o
                0x0000000008003d88                GPIO_ResetBits
 .text.GPIO_WriteBit
                0x0000000008003d8c        0xc obj_evb1000/stm32f10x_gpio.o
                0x0000000008003d8c                GPIO_WriteBit
 .text.GPIO_EXTILineConfig
                0x0000000008003d98       0x30 obj_evb1000/stm32f10x_gpio.o
                0x0000000008003d98                GPIO_EXTILineConfig
 .text.RCC_DeInit
                0x0000000008003dc8       0x50 obj_evb1000/stm32f10x_rcc.o
                0x0000000008003dc8                RCC_DeInit
 .text.RCC_HSEConfig
                0x0000000008003e18       0x38 obj_evb1000/stm32f10x_rcc.o
                0x0000000008003e18                RCC_HSEConfig
 .text.RCC_WaitForHSEStartUp
                0x0000000008003e50       0x30 obj_evb1000/stm32f10x_rcc.o
                0x0000000008003e50                RCC_WaitForHSEStartUp
 .text.RCC_PLLConfig
                0x0000000008003e80       0x14 obj_evb1000/stm32f10x_rcc.o
                0x0000000008003e80                RCC_PLLConfig
 .text.RCC_PLLCmd
                0x0000000008003e94        0xc obj_evb1000/stm32f10x_rcc.o
                0x0000000008003e94                RCC_PLLCmd
 .text.RCC_PREDIV1Config
                0x0000000008003ea0       0x18 obj_evb1000/stm32f10x_rcc.o
                0x0000000008003ea0                RCC_PREDIV1Config
 .text.RCC_PREDIV2Config
                0x0000000008003eb8       0x14 obj_evb1000/stm32f10x_rcc.o
                0x0000000008003eb8                RCC_PREDIV2Config
 .text.RCC_PLL2Config
                0x0000000008003ecc       0x14 obj_evb1000/stm32f10x_rcc.o
                0x0000000008003ecc                RCC_PLL2Config
 .text.RCC_PLL2Cmd
                0x0000000008003ee0        0xc obj_evb1000/stm32f10x_rcc.o
                0x0000000008003ee0                RCC_PLL2Cmd
 .text.RCC_SYSCLKConfig
                0x0000000008003eec       0x14 obj_evb1000/stm32f10x_rcc.o
                0x0000000008003eec                RCC_SYSCLKConfig
 .text.RCC_GetSYSCLKSource
                0x0000000008003f00       0x10 obj_evb1000/stm32f10x_rcc.o
                0x0000000008003f00                RCC_GetSYSCLKSource
 .text.RCC_HCLKConfig
                0x0000000008003f10       0x14 obj_evb1000/stm32f10x_rcc.o
                0x0000000008003f10                RCC_HCLKConfig
 .text.RCC_PCLK1Config
                0x0000000008003f24       0x14 obj_evb1000/stm32f10x_rcc.o
                0x0000000008003f24                RCC_PCLK1Config
 .text.RCC_PCLK2Config
                0x0000000008003f38       0x14 obj_evb1000/stm32f10x_rcc.o
                0x0000000008003f38                RCC_PCLK2Config
 .text.RCC_ADCCLKConfig
                0x0000000008003f4c       0x14 obj_evb1000/stm32f10x_rcc.o
                0x0000000008003f4c                RCC_ADCCLKConfig
 .text.RCC_RTCCLKConfig
                0x0000000008003f60       0x10 obj_evb1000/stm32f10x_rcc.o
                0x0000000008003f60                RCC_RTCCLKConfig
 .text.RCC_RTCCLKCmd
                0x0000000008003f70        0xc obj_evb1000/stm32f10x_rcc.o
                0x0000000008003f70                RCC_RTCCLKCmd
 .text.RCC_GetClocksFreq
                0x0000000008003f7c       0xd8 obj_evb1000/stm32f10x_rcc.o
                0x0000000008003f7c                RCC_GetClocksFreq
 .text.RCC_AHBPeriphClockCmd
                0x0000000008004054       0x18 obj_evb1000/stm32f10x_rcc.o
                0x0000000008004054                RCC_AHBPeriphClockCmd
 .text.RCC_APB2PeriphClockCmd
                0x000000000800406c       0x18 obj_evb1000/stm32f10x_rcc.o
                0x000000000800406c                RCC_APB2PeriphClockCmd
 .text.RCC_APB1PeriphClockCmd
                0x0000000008004084       0x18 obj_evb1000/stm32f10x_rcc.o
                0x0000000008004084                RCC_APB1PeriphClockCmd
 .text.RCC_BackupResetCmd
                0x000000000800409c        0xc obj_evb1000/stm32f10x_rcc.o
                0x000000000800409c                RCC_BackupResetCmd
 .text.RCC_GetFlagStatus
                0x00000000080040a8       0x34 obj_evb1000/stm32f10x_rcc.o
                0x00000000080040a8                RCC_GetFlagStatus
 .text.EXTI_Init
                0x00000000080040dc       0x7c obj_evb1000/stm32f10x_exti.o
                0x00000000080040dc                EXTI_Init
 .text.EXTI_ClearITPendingBit
                0x0000000008004158        0xc obj_evb1000/stm32f10x_exti.o
                0x0000000008004158                EXTI_ClearITPendingBit
 .text.RTC_ITConfig
                0x0000000008004164       0x1c obj_evb1000/stm32f10x_rtc.o
                0x0000000008004164                RTC_ITConfig
 .text.RTC_GetCounter
                0x0000000008004180       0x10 obj_evb1000/stm32f10x_rtc.o
                0x0000000008004180                RTC_GetCounter
 .text.RTC_SetPrescaler
                0x0000000008004190       0x28 obj_evb1000/stm32f10x_rtc.o
                0x0000000008004190                RTC_SetPrescaler
 .text.RTC_SetAlarm
                0x00000000080041b8       0x24 obj_evb1000/stm32f10x_rtc.o
                0x00000000080041b8                RTC_SetAlarm
 .text.RTC_WaitForLastTask
                0x00000000080041dc       0x10 obj_evb1000/stm32f10x_rtc.o
                0x00000000080041dc                RTC_WaitForLastTask
 .text.RTC_WaitForSynchro
                0x00000000080041ec       0x1c obj_evb1000/stm32f10x_rtc.o
                0x00000000080041ec                RTC_WaitForSynchro
 .text.RTC_ClearFlag
                0x0000000008004208       0x10 obj_evb1000/stm32f10x_rtc.o
                0x0000000008004208                RTC_ClearFlag
 .text.RTC_GetITStatus
                0x0000000008004218       0x20 obj_evb1000/stm32f10x_rtc.o
                0x0000000008004218                RTC_GetITStatus
 .text.RTC_ClearITPendingBit
                0x0000000008004238        0x4 obj_evb1000/stm32f10x_rtc.o
                0x0000000008004238                RTC_ClearITPendingBit
 .text.BKP_DeInit
                0x000000000800423c       0x14 obj_evb1000/stm32f10x_bkp.o
                0x000000000800423c                BKP_DeInit
 .text.FLASH_SetLatency
                0x0000000008004250       0x14 obj_evb1000/stm32f10x_flash.o
                0x0000000008004250                FLASH_SetLatency
 .text.FLASH_PrefetchBufferCmd
                0x0000000008004264       0x18 obj_evb1000/stm32f10x_flash.o
                0x0000000008004264                FLASH_PrefetchBufferCmd
 .text.IWDG_WriteAccessCmd
                0x000000000800427c        0xc obj_evb1000/stm32f10x_iwdg.o
                0x000000000800427c                IWDG_WriteAccessCmd
 .text.IWDG_SetPrescaler
                0x0000000008004288        0xc obj_evb1000/stm32f10x_iwdg.o
                0x0000000008004288                IWDG_SetPrescaler
 .text.IWDG_SetReload
                0x0000000008004294        0xc obj_evb1000/stm32f10x_iwdg.o
                0x0000000008004294                IWDG_SetReload
 .text.IWDG_ReloadCounter
                0x00000000080042a0       0x10 obj_evb1000/stm32f10x_iwdg.o
                0x00000000080042a0                IWDG_ReloadCounter
 .text.IWDG_Enable
                0x00000000080042b0       0x10 obj_evb1000/stm32f10x_iwdg.o
                0x00000000080042b0                IWDG_Enable
 .text.PWR_BackupAccessCmd
                0x00000000080042c0        0xc obj_evb1000/stm32f10x_pwr.o
                0x00000000080042c0                PWR_BackupAccessCmd
 .text.PWR_GetFlagStatus
                0x00000000080042cc       0x14 obj_evb1000/stm32f10x_pwr.o
                0x00000000080042cc                PWR_GetFlagStatus
 .text.PWR_ClearFlag
                0x00000000080042e0       0x10 obj_evb1000/stm32f10x_pwr.o
                0x00000000080042e0                PWR_ClearFlag
 .text.SPI_Init
                0x00000000080042f0       0x40 obj_evb1000/stm32f10x_spi.o
                0x00000000080042f0                SPI_Init
 .text.SPI_StructInit
                0x0000000008004330       0x18 obj_evb1000/stm32f10x_spi.o
                0x0000000008004330                SPI_StructInit
 .text.SPI_Cmd  0x0000000008004348       0x18 obj_evb1000/stm32f10x_spi.o
                0x0000000008004348                SPI_Cmd
 .text.SPI_I2S_SendData
                0x0000000008004360        0x4 obj_evb1000/stm32f10x_spi.o
                0x0000000008004360                SPI_I2S_SendData
 .text.SPI_I2S_ReceiveData
                0x0000000008004364        0x4 obj_evb1000/stm32f10x_spi.o
                0x0000000008004364                SPI_I2S_ReceiveData
 .text.SPI_SSOutputCmd
                0x0000000008004368       0x18 obj_evb1000/stm32f10x_spi.o
                0x0000000008004368                SPI_SSOutputCmd
 .text.SPI_I2S_GetFlagStatus
                0x0000000008004380        0xc obj_evb1000/stm32f10x_spi.o
                0x0000000008004380                SPI_I2S_GetFlagStatus
 .text.USBD_Resume
                0x000000000800438c       0x18 obj_evb1000/usbd_core.o
 .text.USBD_Suspend
                0x00000000080043a4       0x1c obj_evb1000/usbd_core.o
 .text.USBD_SOF
                0x00000000080043c0       0x10 obj_evb1000/usbd_core.o
 .text.USBD_IsoINIncomplete
                0x00000000080043d0       0x10 obj_evb1000/usbd_core.o
 .text.USBD_IsoOUTIncomplete
                0x00000000080043e0       0x10 obj_evb1000/usbd_core.o
 .text.USBD_DevConnected
                0x00000000080043f0       0x18 obj_evb1000/usbd_core.o
 .text.USBD_DevDisconnected
                0x0000000008004408       0x20 obj_evb1000/usbd_core.o
 .text.USBD_Reset
                0x0000000008004428       0x30 obj_evb1000/usbd_core.o
 .text.USBD_SetupStage
                0x0000000008004458       0x58 obj_evb1000/usbd_core.o
 .text.USBD_DataInStage
                0x00000000080044b0       0xd0 obj_evb1000/usbd_core.o
 .text.USBD_DataOutStage
                0x0000000008004580       0x78 obj_evb1000/usbd_core.o
 .text.USBD_Init
                0x00000000080045f8       0x38 obj_evb1000/usbd_core.o
                0x00000000080045f8                USBD_Init
 .text.USBD_SetCfg
                0x0000000008004630       0x18 obj_evb1000/usbd_core.o
                0x0000000008004630                USBD_SetCfg
 .text.USBD_ClrCfg
                0x0000000008004648       0x10 obj_evb1000/usbd_core.o
                0x0000000008004648                USBD_ClrCfg
 .text.USBD_CtlSendData
                0x0000000008004658       0x20 obj_evb1000/usbd_ioreq.o
                0x0000000008004658                USBD_CtlSendData
 .text.USBD_CtlContinueSendData
                0x0000000008004678       0x10 obj_evb1000/usbd_ioreq.o
                0x0000000008004678                USBD_CtlContinueSendData
 .text.USBD_CtlPrepareRx
                0x0000000008004688       0x20 obj_evb1000/usbd_ioreq.o
                0x0000000008004688                USBD_CtlPrepareRx
 .text.USBD_CtlContinueRx
                0x00000000080046a8       0x10 obj_evb1000/usbd_ioreq.o
                0x00000000080046a8                USBD_CtlContinueRx
 .text.USBD_CtlSendStatus
                0x00000000080046b8       0x20 obj_evb1000/usbd_ioreq.o
                0x00000000080046b8                USBD_CtlSendStatus
 .text.USBD_CtlReceiveStatus
                0x00000000080046d8       0x20 obj_evb1000/usbd_ioreq.o
                0x00000000080046d8                USBD_CtlReceiveStatus
 .text.USBD_CtlError.constprop.0
                0x00000000080046f8       0x1c obj_evb1000/usbd_req.o
 .text.USBD_StdDevReq
                0x0000000008004714      0x2a8 obj_evb1000/usbd_req.o
                0x0000000008004714                USBD_StdDevReq
 .text.USBD_StdItfReq
                0x00000000080049bc       0x38 obj_evb1000/usbd_req.o
                0x00000000080049bc                USBD_StdItfReq
 .text.USBD_StdEPReq
                0x00000000080049f4       0xd8 obj_evb1000/usbd_req.o
                0x00000000080049f4                USBD_StdEPReq
 .text.USBD_ParseSetupRequest
                0x0000000008004acc       0x48 obj_evb1000/usbd_req.o
                0x0000000008004acc                USBD_ParseSetupRequest
 .text.USBD_CtlError
                0x0000000008004b14       0x1c obj_evb1000/usbd_req.o
                0x0000000008004b14                USBD_CtlError
 .text.USBD_GetString
                0x0000000008004b30       0x50 obj_evb1000/usbd_req.o
                0x0000000008004b30                USBD_GetString
 .text.usbd_cdc_EP0_RxReady
                0x0000000008004b80       0x30 obj_evb1000/usbd_cdc_core.o
                0x0000000008004b80                usbd_cdc_EP0_RxReady
 .text.USBD_cdc_GetCfgDesc
                0x0000000008004bb0        0xc obj_evb1000/usbd_cdc_core.o
 .text.usbd_cdc_Init
                0x0000000008004bbc       0x54 obj_evb1000/usbd_cdc_core.o
                0x0000000008004bbc                usbd_cdc_Init
 .text.usbd_cdc_DataOut
                0x0000000008004c10       0x34 obj_evb1000/usbd_cdc_core.o
                0x0000000008004c10                usbd_cdc_DataOut
 .text.usbd_cdc_DeInit
                0x0000000008004c44       0x28 obj_evb1000/usbd_cdc_core.o
                0x0000000008004c44                usbd_cdc_DeInit
 .text.usbd_cdc_Setup
                0x0000000008004c6c       0xac obj_evb1000/usbd_cdc_core.o
                0x0000000008004c6c                usbd_cdc_Setup
 .text.usbd_cdc_SOF
                0x0000000008004d18       0xa0 obj_evb1000/usbd_cdc_core.o
                0x0000000008004d18                usbd_cdc_SOF
 .text.usbd_cdc_DataIn
                0x0000000008004db8       0x78 obj_evb1000/usbd_cdc_core.o
                0x0000000008004db8                usbd_cdc_DataIn
 .text.DW_VCP_Init
                0x0000000008004e30        0x4 obj_evb1000/deca_usb.o
                0x0000000008004e30                DW_VCP_Init
 .text.DW_VCP_Ctrl
                0x0000000008004e34        0x4 obj_evb1000/deca_usb.o
                0x0000000008004e34                DW_VCP_Ctrl
 .text.DW_VCP_DataRx
                0x0000000008004e38       0x20 obj_evb1000/deca_usb.o
                0x0000000008004e38                DW_VCP_DataRx
 .text.DW_VCP_DataTx
                0x0000000008004e58       0x4c obj_evb1000/deca_usb.o
                0x0000000008004e58                DW_VCP_DataTx
 .text.DW_VCP_DeInit
                0x0000000008004ea4        0x4 obj_evb1000/deca_usb.o
                0x0000000008004ea4                DW_VCP_DeInit
 .text.usb_init
                0x0000000008004ea8       0x2c obj_evb1000/deca_usb.o
                0x0000000008004ea8                usb_init
 .text.USB_OTG_BSP_Init
                0x0000000008004ed4       0x6c obj_evb1000/deca_usb_bsp_evk1000.o
                0x0000000008004ed4                USB_OTG_BSP_Init
 .text.USB_OTG_BSP_EnableInterrupt
                0x0000000008004f40       0x2c obj_evb1000/deca_usb_bsp_evk1000.o
                0x0000000008004f40                USB_OTG_BSP_EnableInterrupt
 .text.USB_OTG_BSP_uDelay
                0x0000000008004f6c       0x24 obj_evb1000/deca_usb_bsp_evk1000.o
                0x0000000008004f6c                USB_OTG_BSP_uDelay
 .text.USB_OTG_BSP_mDelay
                0x0000000008004f90       0x28 obj_evb1000/deca_usb_bsp_evk1000.o
                0x0000000008004f90                USB_OTG_BSP_mDelay
 .text.USBD_USR_DeviceDescriptor
                0x0000000008004fb8        0xc obj_evb1000/usbd_desc.o
                0x0000000008004fb8                USBD_USR_DeviceDescriptor
 .text.USBD_USR_LangIDStrDescriptor
                0x0000000008004fc4        0xc obj_evb1000/usbd_desc.o
                0x0000000008004fc4                USBD_USR_LangIDStrDescriptor
 .text.USBD_USR_ManufacturerStrDescriptor
                0x0000000008004fd0       0x1c obj_evb1000/usbd_desc.o
                0x0000000008004fd0                USBD_USR_ManufacturerStrDescriptor
 .text.USBD_USR_ProductStrDescriptor
                0x0000000008004fec       0x28 obj_evb1000/usbd_desc.o
                0x0000000008004fec                USBD_USR_ProductStrDescriptor
 .text.USBD_USR_SerialStrDescriptor
                0x0000000008005014       0x28 obj_evb1000/usbd_desc.o
                0x0000000008005014                USBD_USR_SerialStrDescriptor
 .text.USBD_USR_ConfigStrDescriptor
                0x000000000800503c       0x1c obj_evb1000/usbd_desc.o
                0x000000000800503c                USBD_USR_ConfigStrDescriptor
 .text.USBD_USR_InterfaceStrDescriptor
                0x0000000008005058       0x1c obj_evb1000/usbd_desc.o
                0x0000000008005058                USBD_USR_InterfaceStrDescriptor
 .text.USBD_USR_Init
                0x0000000008005074        0x4 obj_evb1000/usbd_usr.o
                0x0000000008005074                USBD_USR_Init
 .text.USBD_USR_DeviceReset
                0x0000000008005078        0x4 obj_evb1000/usbd_usr.o
                0x0000000008005078                USBD_USR_DeviceReset
 .text.USBD_USR_DeviceDisconnected
                0x000000000800507c        0x4 obj_evb1000/usbd_usr.o
                0x000000000800507c                USBD_USR_DeviceDisconnected
 .text.USBD_USR_DeviceConfigured
                0x0000000008005080        0x4 obj_evb1000/usbd_usr.o
                0x0000000008005080                USBD_USR_DeviceConfigured
 .text.USBD_USR_DeviceSuspended
                0x0000000008005084        0x4 obj_evb1000/usbd_usr.o
                0x0000000008005084                USBD_USR_DeviceSuspended
 .text.USBD_USR_DeviceResumed
                0x0000000008005088        0x4 obj_evb1000/usbd_usr.o
                0x0000000008005088                USBD_USR_DeviceResumed
 .text.USBD_USR_DeviceConnected
                0x000000000800508c        0x4 obj_evb1000/usbd_usr.o
                0x000000000800508c                USBD_USR_DeviceConnected
 .text.USB_OTG_CoreReset.isra.1
                0x0000000008005090       0x64 obj_evb1000/usb_core.o
 .text.USB_OTG_WritePacket
                0x00000000080050f4       0x28 obj_evb1000/usb_core.o
                0x00000000080050f4                USB_OTG_WritePacket
 .text.USB_OTG_ReadPacket
                0x000000000800511c       0x2c obj_evb1000/usb_core.o
                0x000000000800511c                USB_OTG_ReadPacket
 .text.USB_OTG_SelectCore
                0x0000000008005148      0x120 obj_evb1000/usb_core.o
                0x0000000008005148                USB_OTG_SelectCore
 .text.USB_OTG_CoreInit
                0x0000000008005268       0x90 obj_evb1000/usb_core.o
                0x0000000008005268                USB_OTG_CoreInit
 .text.USB_OTG_EnableGlobalInt
                0x00000000080052f8       0x10 obj_evb1000/usb_core.o
                0x00000000080052f8                USB_OTG_EnableGlobalInt
 .text.USB_OTG_DisableGlobalInt
                0x0000000008005308       0x10 obj_evb1000/usb_core.o
                0x0000000008005308                USB_OTG_DisableGlobalInt
 .text.USB_OTG_FlushTxFifo
                0x0000000008005318       0x48 obj_evb1000/usb_core.o
                0x0000000008005318                USB_OTG_FlushTxFifo
 .text.USB_OTG_FlushRxFifo
                0x0000000008005360       0x40 obj_evb1000/usb_core.o
                0x0000000008005360                USB_OTG_FlushRxFifo
 .text.USB_OTG_SetCurrentMode
                0x00000000080053a0       0x2c obj_evb1000/usb_core.o
                0x00000000080053a0                USB_OTG_SetCurrentMode
 .text.USB_OTG_IsDeviceMode
                0x00000000080053cc        0xc obj_evb1000/usb_core.o
                0x00000000080053cc                USB_OTG_IsDeviceMode
 .text.USB_OTG_ReadCoreItr
                0x00000000080053d8        0xc obj_evb1000/usb_core.o
                0x00000000080053d8                USB_OTG_ReadCoreItr
 .text.USB_OTG_EnableDevInt
                0x00000000080053e4       0x44 obj_evb1000/usb_core.o
                0x00000000080053e4                USB_OTG_EnableDevInt
 .text.USB_OTG_CoreInitDev
                0x0000000008005428       0xe4 obj_evb1000/usb_core.o
                0x0000000008005428                USB_OTG_CoreInitDev
 .text.USB_OTG_GetDeviceSpeed
                0x000000000800550c       0x14 obj_evb1000/usb_core.o
                0x000000000800550c                USB_OTG_GetDeviceSpeed
 .text.USB_OTG_EP0Activate
                0x0000000008005520       0x30 obj_evb1000/usb_core.o
                0x0000000008005520                USB_OTG_EP0Activate
 .text.USB_OTG_EPActivate
                0x0000000008005550       0x54 obj_evb1000/usb_core.o
                0x0000000008005550                USB_OTG_EPActivate
 .text.USB_OTG_EPDeactivate
                0x00000000080055a4       0x40 obj_evb1000/usb_core.o
                0x00000000080055a4                USB_OTG_EPDeactivate
 .text.USB_OTG_EPStartXfer
                0x00000000080055e4      0x14c obj_evb1000/usb_core.o
                0x00000000080055e4                USB_OTG_EPStartXfer
 .text.USB_OTG_EP0StartXfer
                0x0000000008005730       0xa0 obj_evb1000/usb_core.o
                0x0000000008005730                USB_OTG_EP0StartXfer
 .text.USB_OTG_EPSetStall
                0x00000000080057d0       0x30 obj_evb1000/usb_core.o
                0x00000000080057d0                USB_OTG_EPSetStall
 .text.USB_OTG_EPClearStall
                0x0000000008005800       0x28 obj_evb1000/usb_core.o
                0x0000000008005800                USB_OTG_EPClearStall
 .text.USB_OTG_ReadDevAllOutEp_itr
                0x0000000008005828        0xc obj_evb1000/usb_core.o
                0x0000000008005828                USB_OTG_ReadDevAllOutEp_itr
 .text.USB_OTG_ReadDevOutEP_itr
                0x0000000008005834       0x10 obj_evb1000/usb_core.o
                0x0000000008005834                USB_OTG_ReadDevOutEP_itr
 .text.USB_OTG_ReadDevAllInEPItr
                0x0000000008005844        0xc obj_evb1000/usb_core.o
                0x0000000008005844                USB_OTG_ReadDevAllInEPItr
 .text.USB_OTG_EP0_OutStart
                0x0000000008005850       0x20 obj_evb1000/usb_core.o
                0x0000000008005850                USB_OTG_EP0_OutStart
 .text.USB_OTG_UngateClock
                0x0000000008005870       0x20 obj_evb1000/usb_core.o
                0x0000000008005870                USB_OTG_UngateClock
 .text.USBD_OTG_ISR_Handler
                0x0000000008005890      0x5fc obj_evb1000/usb_dcd_int.o
                0x0000000008005890                USBD_OTG_ISR_Handler
 .text.DCD_Init
                0x0000000008005e8c       0x98 obj_evb1000/usb_dcd.o
                0x0000000008005e8c                DCD_Init
 .text.DCD_EP_Open
                0x0000000008005f24       0x60 obj_evb1000/usb_dcd.o
                0x0000000008005f24                DCD_EP_Open
 .text.DCD_EP_Close
                0x0000000008005f84       0x34 obj_evb1000/usb_dcd.o
                0x0000000008005f84                DCD_EP_Close
 .text.DCD_EP_PrepareRx
                0x0000000008005fb8       0x4c obj_evb1000/usb_dcd.o
                0x0000000008005fb8                DCD_EP_PrepareRx
 .text.DCD_EP_Tx
                0x0000000008006004       0x44 obj_evb1000/usb_dcd.o
                0x0000000008006004                DCD_EP_Tx
 .text.DCD_EP_Stall
                0x0000000008006048       0x38 obj_evb1000/usb_dcd.o
                0x0000000008006048                DCD_EP_Stall
 .text.DCD_EP_ClrStall
                0x0000000008006080       0x38 obj_evb1000/usb_dcd.o
                0x0000000008006080                DCD_EP_ClrStall
 .text.DCD_EP_SetAddress
                0x00000000080060b8       0x10 obj_evb1000/usb_dcd.o
                0x00000000080060b8                DCD_EP_SetAddress
 .text.SysTick_Handler
                0x00000000080060c8       0x3c obj_evb1000/clock.o
                0x00000000080060c8                SysTick_Handler
 .text.clock_init
                0x0000000008006104       0x40 obj_evb1000/clock.o
                0x0000000008006104                clock_init
 .text.clock_time
                0x0000000008006144        0xc obj_evb1000/clock.o
                0x0000000008006144                clock_time
 .text.clock_wait
                0x0000000008006150       0x14 obj_evb1000/clock.o
                0x0000000008006150                clock_wait
 .text.watchdog_init
                0x0000000008006164       0x1c obj_evb1000/watchdog.o
                0x0000000008006164                watchdog_init
 .text.watchdog_start
                0x0000000008006180       0x10 obj_evb1000/watchdog.o
                0x0000000008006180                watchdog_start
 .text.watchdog_periodic
                0x0000000008006190        0x4 obj_evb1000/watchdog.o
                0x0000000008006190                watchdog_periodic
 .text.RTCAlarm_IRQHandler
                0x0000000008006194       0x3c obj_evb1000/rtimer-arch.o
                0x0000000008006194                RTCAlarm_IRQHandler
 .text.rtimer_arch_init
                0x00000000080061d0       0x48 obj_evb1000/rtimer-arch.o
                0x00000000080061d0                rtimer_arch_init
 .text.rtimer_arch_schedule
                0x0000000008006218        0x4 obj_evb1000/rtimer-arch.o
                0x0000000008006218                rtimer_arch_schedule
 .text.rtimer_arch_now
                0x000000000800621c        0x4 obj_evb1000/rtimer-arch.o
                0x000000000800621c                rtimer_arch_now
 .text.spix_init
                0x0000000008006220       0xb4 obj_evb1000/spix.o
                0x0000000008006220                spix_init
 .text.spix_change_speed
                0x00000000080062d4       0x10 obj_evb1000/spix.o
                0x00000000080062d4                spix_change_speed
 .text.autostart_start
                0x00000000080062e4       0x18 contiki-evb1000.a(autostart.o)
                0x00000000080062e4                autostart_start
 .text.process_thread_ctimer_process
                0x00000000080062fc       0x94 contiki-evb1000.a(ctimer.o)
 .text.ctimer_init
                0x0000000008006390       0x28 contiki-evb1000.a(ctimer.o)
                0x0000000008006390                ctimer_init
 .text.ctimer_set_with_process
                0x00000000080063b8       0x4c contiki-evb1000.a(ctimer.o)
                0x00000000080063b8                ctimer_set_with_process
 .text.ctimer_set
                0x0000000008006404       0x18 contiki-evb1000.a(ctimer.o)
                0x0000000008006404                ctimer_set
 .text.ctimer_stop
                0x000000000800641c       0x34 contiki-evb1000.a(ctimer.o)
                0x000000000800641c                ctimer_stop
 .text.energest_init
                0x0000000008006450        0x4 contiki-evb1000.a(energest.o)
                0x0000000008006450                energest_init
 .text.update_time.part.0
                0x0000000008006454       0x3c contiki-evb1000.a(etimer.o)
 .text.process_thread_etimer_process
                0x0000000008006490       0xdc contiki-evb1000.a(etimer.o)
 .text.add_timer
                0x000000000800656c       0x54 contiki-evb1000.a(etimer.o)
 .text.etimer_request_poll
                0x00000000080065c0        0xc contiki-evb1000.a(etimer.o)
                0x00000000080065c0                etimer_request_poll
 .text.etimer_set
                0x00000000080065cc       0x14 contiki-evb1000.a(etimer.o)
                0x00000000080065cc                etimer_set
 .text.etimer_expired
                0x00000000080065e0        0xc contiki-evb1000.a(etimer.o)
                0x00000000080065e0                etimer_expired
 .text.etimer_pending
                0x00000000080065ec       0x10 contiki-evb1000.a(etimer.o)
                0x00000000080065ec                etimer_pending
 .text.etimer_stop
                0x00000000080065fc       0x50 contiki-evb1000.a(etimer.o)
                0x00000000080065fc                etimer_stop
 .text.exit_process
                0x000000000800664c       0x9c contiki-evb1000.a(process.o)
 .text.call_process.part.0
                0x00000000080066e8       0x38 contiki-evb1000.a(process.o)
 .text.do_poll  0x0000000008006720       0x38 contiki-evb1000.a(process.o)
 .text.process_alloc_event
                0x0000000008006758       0x10 contiki-evb1000.a(process.o)
                0x0000000008006758                process_alloc_event
 .text.process_start
                0x0000000008006768       0x48 contiki-evb1000.a(process.o)
                0x0000000008006768                process_start
 .text.process_init
                0x00000000080067b0       0x34 contiki-evb1000.a(process.o)
                0x00000000080067b0                process_init
 .text.process_run
                0x00000000080067e4       0xa4 contiki-evb1000.a(process.o)
                0x00000000080067e4                process_run
 .text.process_post
                0x0000000008006888       0x40 contiki-evb1000.a(process.o)
                0x0000000008006888                process_post
 .text.process_poll
                0x00000000080068c8       0x1c contiki-evb1000.a(process.o)
                0x00000000080068c8                process_poll
 .text.rtimer_init
                0x00000000080068e4        0x4 contiki-evb1000.a(rtimer.o)
                0x00000000080068e4                rtimer_init
 .text.rtimer_run_next
                0x00000000080068e8       0x28 contiki-evb1000.a(rtimer.o)
                0x00000000080068e8                rtimer_run_next
 .text.timer_set
                0x0000000008006910       0x10 contiki-evb1000.a(timer.o)
                0x0000000008006910                timer_set
 .text.timer_expired
                0x0000000008006920       0x1c contiki-evb1000.a(timer.o)
                0x0000000008006920                timer_expired
 .text.process_thread_serial_line_process
                0x000000000800693c       0xa4 contiki-evb1000.a(serial-line.o)
 .text.serial_line_input_byte
                0x00000000080069e0       0x58 contiki-evb1000.a(serial-line.o)
                0x00000000080069e0                serial_line_input_byte
 .text.serial_line_init
                0x0000000008006a38       0x24 contiki-evb1000.a(serial-line.o)
                0x0000000008006a38                serial_line_init
 .text.leds_init
                0x0000000008006a5c       0x14 contiki-evb1000.a(leds.o)
                0x0000000008006a5c                leds_init
 .text.leds_set
                0x0000000008006a70        0xc contiki-evb1000.a(leds.o)
                0x0000000008006a70                leds_set
 .text.leds_on  0x0000000008006a7c       0x14 contiki-evb1000.a(leds.o)
                0x0000000008006a7c                leds_on
 .text.leds_off
                0x0000000008006a90       0x14 contiki-evb1000.a(leds.o)
                0x0000000008006a90                leds_off
 .text.leds_toggle
                0x0000000008006aa4       0x14 contiki-evb1000.a(leds.o)
                0x0000000008006aa4                leds_toggle
 .text.list_init
                0x0000000008006ab8        0x8 contiki-evb1000.a(list.o)
                0x0000000008006ab8                list_init
 .text.list_head
                0x0000000008006ac0        0x4 contiki-evb1000.a(list.o)
                0x0000000008006ac0                list_head
 .text.list_add
                0x0000000008006ac4       0x4c contiki-evb1000.a(list.o)
                0x0000000008006ac4                list_add
 .text.list_push
                0x0000000008006b10       0x40 contiki-evb1000.a(list.o)
                0x0000000008006b10                list_push
 .text.list_remove
                0x0000000008006b50       0x38 contiki-evb1000.a(list.o)
                0x0000000008006b50                list_remove
 .text.list_length
                0x0000000008006b88       0x14 contiki-evb1000.a(list.o)
                0x0000000008006b88                list_length
 .text.list_item_next
                0x0000000008006b9c        0x8 contiki-evb1000.a(list.o)
                0x0000000008006b9c                list_item_next
 .text.ringbuf_init
                0x0000000008006ba4       0x10 contiki-evb1000.a(ringbuf.o)
                0x0000000008006ba4                ringbuf_init
 .text.ringbuf_put
                0x0000000008006bb4       0x2c contiki-evb1000.a(ringbuf.o)
                0x0000000008006bb4                ringbuf_put
 .text.ringbuf_get
                0x0000000008006be0       0x24 contiki-evb1000.a(ringbuf.o)
                0x0000000008006be0                ringbuf_get
 .text.packetbuf_compact
                0x0000000008006c04       0x48 contiki-evb1000.a(packetbuf.o)
                0x0000000008006c04                packetbuf_compact
 .text.packetbuf_copyto
                0x0000000008006c4c       0x50 contiki-evb1000.a(packetbuf.o)
                0x0000000008006c4c                packetbuf_copyto
 .text.packetbuf_hdralloc
                0x0000000008006c9c       0x60 contiki-evb1000.a(packetbuf.o)
                0x0000000008006c9c                packetbuf_hdralloc
 .text.packetbuf_hdrreduce
                0x0000000008006cfc       0x2c contiki-evb1000.a(packetbuf.o)
                0x0000000008006cfc                packetbuf_hdrreduce
 .text.packetbuf_set_datalen
                0x0000000008006d28        0xc contiki-evb1000.a(packetbuf.o)
                0x0000000008006d28                packetbuf_set_datalen
 .text.packetbuf_dataptr
                0x0000000008006d34       0x20 contiki-evb1000.a(packetbuf.o)
                0x0000000008006d34                packetbuf_dataptr
 .text.packetbuf_hdrptr
                0x0000000008006d54        0x8 contiki-evb1000.a(packetbuf.o)
                0x0000000008006d54                packetbuf_hdrptr
 .text.packetbuf_datalen
                0x0000000008006d5c        0xc contiki-evb1000.a(packetbuf.o)
                0x0000000008006d5c                packetbuf_datalen
 .text.packetbuf_totlen
                0x0000000008006d68       0x24 contiki-evb1000.a(packetbuf.o)
                0x0000000008006d68                packetbuf_totlen
 .text.packetbuf_attr_clear
                0x0000000008006d8c       0x40 contiki-evb1000.a(packetbuf.o)
                0x0000000008006d8c                packetbuf_attr_clear
 .text.packetbuf_clear
                0x0000000008006dcc       0x20 contiki-evb1000.a(packetbuf.o)
                0x0000000008006dcc                packetbuf_clear
 .text.packetbuf_copyfrom
                0x0000000008006dec       0x40 contiki-evb1000.a(packetbuf.o)
                0x0000000008006dec                packetbuf_copyfrom
 .text.packetbuf_attr_copyto
                0x0000000008006e2c       0x3c contiki-evb1000.a(packetbuf.o)
                0x0000000008006e2c                packetbuf_attr_copyto
 .text.packetbuf_attr_copyfrom
                0x0000000008006e68       0x3c contiki-evb1000.a(packetbuf.o)
                0x0000000008006e68                packetbuf_attr_copyfrom
 .text.packetbuf_set_attr
                0x0000000008006ea4       0x10 contiki-evb1000.a(packetbuf.o)
                0x0000000008006ea4                packetbuf_set_attr
 .text.packetbuf_attr
                0x0000000008006eb4        0xc contiki-evb1000.a(packetbuf.o)
                0x0000000008006eb4                packetbuf_attr
 .text.packetbuf_set_addr
                0x0000000008006ec0       0x18 contiki-evb1000.a(packetbuf.o)
                0x0000000008006ec0                packetbuf_set_addr
 .text.packetbuf_addr
                0x0000000008006ed8       0x10 contiki-evb1000.a(packetbuf.o)
                0x0000000008006ed8                packetbuf_addr
 .text.packetbuf_holds_broadcast
                0x0000000008006ee8       0x10 contiki-evb1000.a(packetbuf.o)
                0x0000000008006ee8                packetbuf_holds_broadcast
 .text.netstack_init
                0x0000000008006ef8       0x24 contiki-evb1000.a(netstack.o)
                0x0000000008006ef8                netstack_init
 .text.linkaddr_copy
                0x0000000008006f1c        0x8 contiki-evb1000.a(linkaddr.o)
                0x0000000008006f1c                linkaddr_copy
 .text.linkaddr_cmp
                0x0000000008006f24       0x20 contiki-evb1000.a(linkaddr.o)
                0x0000000008006f24                linkaddr_cmp
 .text.on       0x0000000008006f44        0xc contiki-evb1000.a(nullrdc.o)
 .text.channel_check_interval
                0x0000000008006f50        0x4 contiki-evb1000.a(nullrdc.o)
 .text.init     0x0000000008006f54        0xc contiki-evb1000.a(nullrdc.o)
 .text.packet_input
                0x0000000008006f60       0xc0 contiki-evb1000.a(nullrdc.o)
 .text.send_one_packet
                0x0000000008007020      0x130 contiki-evb1000.a(nullrdc.o)
 .text.send_list
                0x0000000008007150       0x28 contiki-evb1000.a(nullrdc.o)
 .text.send_packet
                0x0000000008007178        0x4 contiki-evb1000.a(nullrdc.o)
 .text.off      0x000000000800717c       0x1c contiki-evb1000.a(nullrdc.o)
 .text.init     0x0000000008007198        0x4 contiki-evb1000.a(nullsec.o)
 .text.input    0x000000000800719c        0xc contiki-evb1000.a(nullsec.o)
 .text.send     0x00000000080071a8       0x20 contiki-evb1000.a(nullsec.o)
 .text.packet_sent
                0x00000000080071c8       0x38 contiki-evb1000.a(rime.o)
 .text.input    0x0000000008007200       0x38 contiki-evb1000.a(rime.o)
 .text.init     0x0000000008007238       0x2c contiki-evb1000.a(rime.o)
 .text.rime_output
                0x0000000008007264       0x28 contiki-evb1000.a(rime.o)
                0x0000000008007264                rime_output
 .text.adv_packet_sent
                0x000000000800728c        0x4 contiki-evb1000.a(broadcast-annou)
 .text.set_timers
                0x0000000008007290       0x3c contiki-evb1000.a(broadcast-annou)
 .text.send_timer
                0x00000000080072cc       0x18 contiki-evb1000.a(broadcast-annou)
 .text.send_adv
                0x00000000080072e4       0x58 contiki-evb1000.a(broadcast-annou)
 .text.adv_packet_received
                0x000000000800733c       0x34 contiki-evb1000.a(broadcast-annou)
 .text.new_announcement
                0x0000000008007370       0x18 contiki-evb1000.a(broadcast-annou)
 .text.broadcast_announcement_init
                0x0000000008007388       0x30 contiki-evb1000.a(broadcast-annou)
                0x0000000008007388                broadcast_announcement_init
 .text.abc_open
                0x00000000080073b8       0x20 contiki-evb1000.a(abc.o)
                0x00000000080073b8                abc_open
 .text.abc_send
                0x00000000080073d8        0x4 contiki-evb1000.a(abc.o)
                0x00000000080073d8                abc_send
 .text.abc_input
                0x00000000080073dc        0xc contiki-evb1000.a(abc.o)
                0x00000000080073dc                abc_input
 .text.abc_sent
                0x00000000080073e8        0xc contiki-evb1000.a(abc.o)
                0x00000000080073e8                abc_sent
 .text.sent_by_abc
                0x00000000080073f4        0xc contiki-evb1000.a(broadcast.o)
 .text.recv_from_abc
                0x0000000008007400       0x24 contiki-evb1000.a(broadcast.o)
 .text.broadcast_open
                0x0000000008007424       0x24 contiki-evb1000.a(broadcast.o)
                0x0000000008007424                broadcast_open
 .text.broadcast_send
                0x0000000008007448       0x1c contiki-evb1000.a(broadcast.o)
                0x0000000008007448                broadcast_send
 .text.chameleon_init
                0x0000000008007464        0x4 contiki-evb1000.a(chameleon.o)
                0x0000000008007464                chameleon_init
 .text.chameleon_parse
                0x0000000008007468       0x1c contiki-evb1000.a(chameleon.o)
                0x0000000008007468                chameleon_parse
 .text.chameleon_create
                0x0000000008007484       0x20 contiki-evb1000.a(chameleon.o)
                0x0000000008007484                chameleon_create
 .text.chameleon_hdrsize
                0x00000000080074a4        0xc contiki-evb1000.a(chameleon.o)
                0x00000000080074a4                chameleon_hdrsize
 .text.channel_init
                0x00000000080074b0        0xc contiki-evb1000.a(channel.o)
                0x00000000080074b0                channel_init
 .text.channel_open
                0x00000000080074bc       0x10 contiki-evb1000.a(channel.o)
                0x00000000080074bc                channel_open
 .text.channel_lookup
                0x00000000080074cc       0x24 contiki-evb1000.a(channel.o)
                0x00000000080074cc                channel_lookup
 .text.channel_set_attributes
                0x00000000080074f0       0x18 contiki-evb1000.a(channel.o)
                0x00000000080074f0                channel_set_attributes
 .text.announcement_init
                0x0000000008007508        0xc contiki-evb1000.a(announcement.o)
                0x0000000008007508                announcement_init
 .text.announcement_register_observer_callback
                0x0000000008007514        0xc contiki-evb1000.a(announcement.o)
                0x0000000008007514                announcement_register_observer_callback
 .text.announcement_list
                0x0000000008007520        0xc contiki-evb1000.a(announcement.o)
                0x0000000008007520                announcement_list
 .text.announcement_heard
                0x000000000800752c       0x3c contiki-evb1000.a(announcement.o)
                0x000000000800752c                announcement_heard
 .text.queuebuf_init
                0x0000000008007568       0x1c contiki-evb1000.a(queuebuf.o)
                0x0000000008007568                queuebuf_init
 .text.queuebuf_new_from_packetbuf
                0x0000000008007584       0x44 contiki-evb1000.a(queuebuf.o)
                0x0000000008007584                queuebuf_new_from_packetbuf
 .text.queuebuf_update_attr_from_packetbuf
                0x00000000080075c8        0xc contiki-evb1000.a(queuebuf.o)
                0x00000000080075c8                queuebuf_update_attr_from_packetbuf
 .text.queuebuf_free
                0x00000000080075d4       0x2c contiki-evb1000.a(queuebuf.o)
                0x00000000080075d4                queuebuf_free
 .text.queuebuf_to_packetbuf
                0x0000000008007600       0x30 contiki-evb1000.a(queuebuf.o)
                0x0000000008007600                queuebuf_to_packetbuf
 .text.queuebuf_attr
                0x0000000008007630        0xc contiki-evb1000.a(queuebuf.o)
                0x0000000008007630                queuebuf_attr
 .text.mac_sequence_is_duplicate
                0x000000000800763c       0x58 contiki-evb1000.a(mac-sequence.o)
                0x000000000800763c                mac_sequence_is_duplicate
 .text.mac_sequence_register_seqno
                0x0000000008007694       0x6c contiki-evb1000.a(mac-sequence.o)
                0x0000000008007694                mac_sequence_register_seqno
 .text.input_packet
                0x0000000008007700        0xc contiki-evb1000.a(csma.o)
 .text.on       0x000000000800770c        0xc contiki-evb1000.a(csma.o)
 .text.off      0x0000000008007718        0xc contiki-evb1000.a(csma.o)
 .text.channel_check_interval
                0x0000000008007724       0x10 contiki-evb1000.a(csma.o)
 .text.schedule_transmission
                0x0000000008007734       0x4c contiki-evb1000.a(csma.o)
 .text.send_packet
                0x0000000008007780      0x160 contiki-evb1000.a(csma.o)
 .text.init     0x00000000080078e0       0x24 contiki-evb1000.a(csma.o)
 .text.transmit_packet_list
                0x0000000008007904       0x34 contiki-evb1000.a(csma.o)
 .text.tx_done  0x0000000008007938       0x8c contiki-evb1000.a(csma.o)
 .text.packet_sent
                0x00000000080079c4       0xe4 contiki-evb1000.a(csma.o)
 .text.frame802154_get_pan_id
                0x0000000008007aa8        0xc contiki-evb1000.a(frame802154.o)
                0x0000000008007aa8                frame802154_get_pan_id
 .text.frame802154_has_panid
                0x0000000008007ab4       0xd0 contiki-evb1000.a(frame802154.o)
                0x0000000008007ab4                frame802154_has_panid
 .text.field_len
                0x0000000008007b84       0x88 contiki-evb1000.a(frame802154.o)
 .text.frame802154_is_broadcast_addr
                0x0000000008007c0c       0x20 contiki-evb1000.a(frame802154.o)
                0x0000000008007c0c                frame802154_is_broadcast_addr
 .text.frame802154_hdrlen
                0x0000000008007c2c       0x34 contiki-evb1000.a(frame802154.o)
                0x0000000008007c2c                frame802154_hdrlen
 .text.frame802154_create_fcf
                0x0000000008007c60       0x64 contiki-evb1000.a(frame802154.o)
                0x0000000008007c60                frame802154_create_fcf
 .text.frame802154_create
                0x0000000008007cc4       0xa8 contiki-evb1000.a(frame802154.o)
                0x0000000008007cc4                frame802154_create
 .text.frame802154_parse_fcf
                0x0000000008007d6c       0x44 contiki-evb1000.a(frame802154.o)
                0x0000000008007d6c                frame802154_parse_fcf
 .text.frame802154_parse
                0x0000000008007db0      0x13c contiki-evb1000.a(frame802154.o)
                0x0000000008007db0                frame802154_parse
 .text.mac_call_sent_callback
                0x0000000008007eec       0x18 contiki-evb1000.a(mac.o)
                0x0000000008007eec                mac_call_sent_callback
 .text.parse    0x0000000008007f04       0xa8 contiki-evb1000.a(framer-802154.o)
 .text.create_frame.isra.0
                0x0000000008007fac      0x140 contiki-evb1000.a(framer-802154.o)
 .text.create   0x00000000080080ec        0x8 contiki-evb1000.a(framer-802154.o)
 .text.hdr_length
                0x00000000080080f4        0x8 contiki-evb1000.a(framer-802154.o)
 .text.memb_init
                0x00000000080080fc       0x24 contiki-evb1000.a(memb.o)
                0x00000000080080fc                memb_init
 .text.memb_alloc
                0x0000000008008120       0x3c contiki-evb1000.a(memb.o)
                0x0000000008008120                memb_alloc
 .text.memb_free
                0x000000000800815c       0x3c contiki-evb1000.a(memb.o)
                0x000000000800815c                memb_free
 .text.memb_inmemb
                0x0000000008008198       0x1c contiki-evb1000.a(memb.o)
                0x0000000008008198                memb_inmemb
 .text.random_rand
                0x00000000080081b4        0xc contiki-evb1000.a(random.o)
                0x00000000080081b4                random_rand
 .text.header_size
                0x00000000080081c0       0x1c contiki-evb1000.a(chameleon-bitop)
 .text.get_bits
                0x00000000080081dc       0xa0 contiki-evb1000.a(chameleon-bitop)
                0x00000000080081dc                get_bits
 .text.unpack_header
                0x000000000800827c       0xb4 contiki-evb1000.a(chameleon-bitop)
 .text.set_bits
                0x0000000008008330       0xc4 contiki-evb1000.a(chameleon-bitop)
                0x0000000008008330                set_bits
 .text.pack_header
                0x00000000080083f4       0xa4 contiki-evb1000.a(chameleon-bitop)
 .text.__libc_init_array
                0x0000000008008498       0x48 /home/fistw/Ac6/SystemWorkbench/plugins/fr.ac6.mcu.externaltools.arm-none.linux64_1.16.0.201807130628/tools/compiler/bin/../lib/gcc/arm-none-eabi/7.2.1/../../../../arm-none-eabi/lib/thumb/v7-m/libc.a(lib_a-init.o)
                0x0000000008008498                __libc_init_array
 .text.memset   0x00000000080084e0       0x94 /home/fistw/Ac6/SystemWorkbench/plugins/fr.ac6.mcu.externaltools.arm-none.linux64_1.16.0.201807130628/tools/compiler/bin/../lib/gcc/arm-none-eabi/7.2.1/../../../../arm-none-eabi/lib/thumb/v7-m/libc.a(lib_a-memset.o)
                0x00000000080084e0                memset
 .text.printf   0x0000000008008574       0x28 /home/fistw/Ac6/SystemWorkbench/plugins/fr.ac6.mcu.externaltools.arm-none.linux64_1.16.0.201807130628/tools/compiler/bin/../lib/gcc/arm-none-eabi/7.2.1/../../../../arm-none-eabi/lib/thumb/v7-m/libc.a(lib_a-printf.o)
                0x0000000008008574                printf
 .text._puts_r  0x000000000800859c       0x9c /home/fistw/Ac6/SystemWorkbench/plugins/fr.ac6.mcu.externaltools.arm-none.linux64_1.16.0.201807130628/tools/compiler/bin/../lib/gcc/arm-none-eabi/7.2.1/../../../../arm-none-eabi/lib/thumb/v7-m/libc.a(lib_a-puts.o)
                0x000000000800859c                _puts_r
 .text.puts     0x0000000008008638       0x10 /home/fistw/Ac6/SystemWorkbench/plugins/fr.ac6.mcu.externaltools.arm-none.linux64_1.16.0.201807130628/tools/compiler/bin/../lib/gcc/arm-none-eabi/7.2.1/../../../../arm-none-eabi/lib/thumb/v7-m/libc.a(lib_a-puts.o)
                0x0000000008008638                puts
 .text.srand    0x0000000008008648       0x10 /home/fistw/Ac6/SystemWorkbench/plugins/fr.ac6.mcu.externaltools.arm-none.linux64_1.16.0.201807130628/tools/compiler/bin/../lib/gcc/arm-none-eabi/7.2.1/../../../../arm-none-eabi/lib/thumb/v7-m/libc.a(lib_a-rand.o)
                0x0000000008008648                srand
 .text.rand     0x0000000008008658       0x3c /home/fistw/Ac6/SystemWorkbench/plugins/fr.ac6.mcu.externaltools.arm-none.linux64_1.16.0.201807130628/tools/compiler/bin/../lib/gcc/arm-none-eabi/7.2.1/../../../../arm-none-eabi/lib/thumb/v7-m/libc.a(lib_a-rand.o)
                0x0000000008008658                rand
 .text.strlen   0x0000000008008694       0x5c /home/fistw/Ac6/SystemWorkbench/plugins/fr.ac6.mcu.externaltools.arm-none.linux64_1.16.0.201807130628/tools/compiler/bin/../lib/gcc/arm-none-eabi/7.2.1/../../../../arm-none-eabi/lib/thumb/v7-m/libc.a(lib_a-strlen-stub.o)
                0x0000000008008694                strlen
 .text._vfprintf_r
                0x00000000080086f0     0x1558 /home/fistw/Ac6/SystemWorkbench/plugins/fr.ac6.mcu.externaltools.arm-none.linux64_1.16.0.201807130628/tools/compiler/bin/../lib/gcc/arm-none-eabi/7.2.1/../../../../arm-none-eabi/lib/thumb/v7-m/libc.a(lib_a-vfprintf.o)
                0x00000000080086f0                _vfprintf_r
 .text.__sbprintf
                0x0000000008009c48       0x88 /home/fistw/Ac6/SystemWorkbench/plugins/fr.ac6.mcu.externaltools.arm-none.linux64_1.16.0.201807130628/tools/compiler/bin/../lib/gcc/arm-none-eabi/7.2.1/../../../../arm-none-eabi/lib/thumb/v7-m/libc.a(lib_a-vfprintf.o)
 .text.__swsetup_r
                0x0000000008009cd0       0xcc /home/fistw/Ac6/SystemWorkbench/plugins/fr.ac6.mcu.externaltools.arm-none.linux64_1.16.0.201807130628/tools/compiler/bin/../lib/gcc/arm-none-eabi/7.2.1/../../../../arm-none-eabi/lib/thumb/v7-m/libc.a(lib_a-wsetup.o)
                0x0000000008009cd0                __swsetup_r
 .text.startup.register_fini
                0x0000000008009d9c       0x14 /home/fistw/Ac6/SystemWorkbench/plugins/fr.ac6.mcu.externaltools.arm-none.linux64_1.16.0.201807130628/tools/compiler/bin/../lib/gcc/arm-none-eabi/7.2.1/../../../../arm-none-eabi/lib/thumb/v7-m/libc.a(lib_a-__call_atexit.o)
 .text.atexit   0x0000000008009db0        0xc /home/fistw/Ac6/SystemWorkbench/plugins/fr.ac6.mcu.externaltools.arm-none.linux64_1.16.0.201807130628/tools/compiler/bin/../lib/gcc/arm-none-eabi/7.2.1/../../../../arm-none-eabi/lib/thumb/v7-m/libc.a(lib_a-atexit.o)
                0x0000000008009db0                atexit
 .text.quorem   0x0000000008009dbc      0x124 /home/fistw/Ac6/SystemWorkbench/plugins/fr.ac6.mcu.externaltools.arm-none.linux64_1.16.0.201807130628/tools/compiler/bin/../lib/gcc/arm-none-eabi/7.2.1/../../../../arm-none-eabi/lib/thumb/v7-m/libc.a(lib_a-dtoa.o)
 .text._dtoa_r  0x0000000008009ee0      0xe30 /home/fistw/Ac6/SystemWorkbench/plugins/fr.ac6.mcu.externaltools.arm-none.linux64_1.16.0.201807130628/tools/compiler/bin/../lib/gcc/arm-none-eabi/7.2.1/../../../../arm-none-eabi/lib/thumb/v7-m/libc.a(lib_a-dtoa.o)
                0x0000000008009ee0                _dtoa_r
 .text.__sflush_r
                0x000000000800ad10      0x154 /home/fistw/Ac6/SystemWorkbench/plugins/fr.ac6.mcu.externaltools.arm-none.linux64_1.16.0.201807130628/tools/compiler/bin/../lib/gcc/arm-none-eabi/7.2.1/../../../../arm-none-eabi/lib/thumb/v7-m/libc.a(lib_a-fflush.o)
                0x000000000800ad10                __sflush_r
 .text._fflush_r
                0x000000000800ae64       0x5c /home/fistw/Ac6/SystemWorkbench/plugins/fr.ac6.mcu.externaltools.arm-none.linux64_1.16.0.201807130628/tools/compiler/bin/../lib/gcc/arm-none-eabi/7.2.1/../../../../arm-none-eabi/lib/thumb/v7-m/libc.a(lib_a-fflush.o)
                0x000000000800ae64                _fflush_r
 .text.std      0x000000000800aec0       0x50 /home/fistw/Ac6/SystemWorkbench/plugins/fr.ac6.mcu.externaltools.arm-none.linux64_1.16.0.201807130628/tools/compiler/bin/../lib/gcc/arm-none-eabi/7.2.1/../../../../arm-none-eabi/lib/thumb/v7-m/libc.a(lib_a-findfp.o)
 .text._cleanup_r
                0x000000000800af10        0xc /home/fistw/Ac6/SystemWorkbench/plugins/fr.ac6.mcu.externaltools.arm-none.linux64_1.16.0.201807130628/tools/compiler/bin/../lib/gcc/arm-none-eabi/7.2.1/../../../../arm-none-eabi/lib/thumb/v7-m/libc.a(lib_a-findfp.o)
                0x000000000800af10                _cleanup_r
 .text.__sinit  0x000000000800af1c       0x60 /home/fistw/Ac6/SystemWorkbench/plugins/fr.ac6.mcu.externaltools.arm-none.linux64_1.16.0.201807130628/tools/compiler/bin/../lib/gcc/arm-none-eabi/7.2.1/../../../../arm-none-eabi/lib/thumb/v7-m/libc.a(lib_a-findfp.o)
                0x000000000800af1c                __sinit
 .text.__sfp_lock_acquire
                0x000000000800af7c        0xc /home/fistw/Ac6/SystemWorkbench/plugins/fr.ac6.mcu.externaltools.arm-none.linux64_1.16.0.201807130628/tools/compiler/bin/../lib/gcc/arm-none-eabi/7.2.1/../../../../arm-none-eabi/lib/thumb/v7-m/libc.a(lib_a-findfp.o)
                0x000000000800af7c                __sfp_lock_acquire
 .text.__sfp_lock_release
                0x000000000800af88        0xc /home/fistw/Ac6/SystemWorkbench/plugins/fr.ac6.mcu.externaltools.arm-none.linux64_1.16.0.201807130628/tools/compiler/bin/../lib/gcc/arm-none-eabi/7.2.1/../../../../arm-none-eabi/lib/thumb/v7-m/libc.a(lib_a-findfp.o)
                0x000000000800af88                __sfp_lock_release
 .text.__libc_fini_array
                0x000000000800af94       0x34 /home/fistw/Ac6/SystemWorkbench/plugins/fr.ac6.mcu.externaltools.arm-none.linux64_1.16.0.201807130628/tools/compiler/bin/../lib/gcc/arm-none-eabi/7.2.1/../../../../arm-none-eabi/lib/thumb/v7-m/libc.a(lib_a-fini.o)
                0x000000000800af94                __libc_fini_array
 .text._malloc_trim_r
                0x000000000800afc8       0xa0 /home/fistw/Ac6/SystemWorkbench/plugins/fr.ac6.mcu.externaltools.arm-none.linux64_1.16.0.201807130628/tools/compiler/bin/../lib/gcc/arm-none-eabi/7.2.1/../../../../arm-none-eabi/lib/thumb/v7-m/libc.a(lib_a-freer.o)
                0x000000000800afc8                _malloc_trim_r
 .text._free_r  0x000000000800b068      0x1e8 /home/fistw/Ac6/SystemWorkbench/plugins/fr.ac6.mcu.externaltools.arm-none.linux64_1.16.0.201807130628/tools/compiler/bin/../lib/gcc/arm-none-eabi/7.2.1/../../../../arm-none-eabi/lib/thumb/v7-m/libc.a(lib_a-freer.o)
                0x000000000800b068                _free_r
 .text.__sfvwrite_r
                0x000000000800b250      0x2f4 /home/fistw/Ac6/SystemWorkbench/plugins/fr.ac6.mcu.externaltools.arm-none.linux64_1.16.0.201807130628/tools/compiler/bin/../lib/gcc/arm-none-eabi/7.2.1/../../../../arm-none-eabi/lib/thumb/v7-m/libc.a(lib_a-fvwrite.o)
                0x000000000800b250                __sfvwrite_r
 .text._fwalk_reent
                0x000000000800b544       0x50 /home/fistw/Ac6/SystemWorkbench/plugins/fr.ac6.mcu.externaltools.arm-none.linux64_1.16.0.201807130628/tools/compiler/bin/../lib/gcc/arm-none-eabi/7.2.1/../../../../arm-none-eabi/lib/thumb/v7-m/libc.a(lib_a-fwalk.o)
                0x000000000800b544                _fwalk_reent
 .text._localeconv_r
                0x000000000800b594       0x1c /home/fistw/Ac6/SystemWorkbench/plugins/fr.ac6.mcu.externaltools.arm-none.linux64_1.16.0.201807130628/tools/compiler/bin/../lib/gcc/arm-none-eabi/7.2.1/../../../../arm-none-eabi/lib/thumb/v7-m/libc.a(lib_a-localeconv.o)
                0x000000000800b594                _localeconv_r
 .text.__retarget_lock_init_recursive
                0x000000000800b5b0        0x4 /home/fistw/Ac6/SystemWorkbench/plugins/fr.ac6.mcu.externaltools.arm-none.linux64_1.16.0.201807130628/tools/compiler/bin/../lib/gcc/arm-none-eabi/7.2.1/../../../../arm-none-eabi/lib/thumb/v7-m/libc.a(lib_a-lock.o)
                0x000000000800b5b0                __retarget_lock_init_recursive
 .text.__retarget_lock_close_recursive
                0x000000000800b5b4        0x4 /home/fistw/Ac6/SystemWorkbench/plugins/fr.ac6.mcu.externaltools.arm-none.linux64_1.16.0.201807130628/tools/compiler/bin/../lib/gcc/arm-none-eabi/7.2.1/../../../../arm-none-eabi/lib/thumb/v7-m/libc.a(lib_a-lock.o)
                0x000000000800b5b4                __retarget_lock_close_recursive
 .text.__retarget_lock_acquire_recursive
                0x000000000800b5b8        0x4 /home/fistw/Ac6/SystemWorkbench/plugins/fr.ac6.mcu.externaltools.arm-none.linux64_1.16.0.201807130628/tools/compiler/bin/../lib/gcc/arm-none-eabi/7.2.1/../../../../arm-none-eabi/lib/thumb/v7-m/libc.a(lib_a-lock.o)
                0x000000000800b5b8                __retarget_lock_acquire_recursive
 .text.__retarget_lock_release_recursive
                0x000000000800b5bc        0x4 /home/fistw/Ac6/SystemWorkbench/plugins/fr.ac6.mcu.externaltools.arm-none.linux64_1.16.0.201807130628/tools/compiler/bin/../lib/gcc/arm-none-eabi/7.2.1/../../../../arm-none-eabi/lib/thumb/v7-m/libc.a(lib_a-lock.o)
                0x000000000800b5bc                __retarget_lock_release_recursive
 .text.__swhatbuf_r
                0x000000000800b5c0       0x5c /home/fistw/Ac6/SystemWorkbench/plugins/fr.ac6.mcu.externaltools.arm-none.linux64_1.16.0.201807130628/tools/compiler/bin/../lib/gcc/arm-none-eabi/7.2.1/../../../../arm-none-eabi/lib/thumb/v7-m/libc.a(lib_a-makebuf.o)
                0x000000000800b5c0                __swhatbuf_r
 .text.__smakebuf_r
                0x000000000800b61c       0x94 /home/fistw/Ac6/SystemWorkbench/plugins/fr.ac6.mcu.externaltools.arm-none.linux64_1.16.0.201807130628/tools/compiler/bin/../lib/gcc/arm-none-eabi/7.2.1/../../../../arm-none-eabi/lib/thumb/v7-m/libc.a(lib_a-makebuf.o)
                0x000000000800b61c                __smakebuf_r
 .text._malloc_r
                0x000000000800b6b0      0x524 /home/fistw/Ac6/SystemWorkbench/plugins/fr.ac6.mcu.externaltools.arm-none.linux64_1.16.0.201807130628/tools/compiler/bin/../lib/gcc/arm-none-eabi/7.2.1/../../../../arm-none-eabi/lib/thumb/v7-m/libc.a(lib_a-mallocr.o)
                0x000000000800b6b0                _malloc_r
 .text.memchr   0x000000000800bbd4       0x8c /home/fistw/Ac6/SystemWorkbench/plugins/fr.ac6.mcu.externaltools.arm-none.linux64_1.16.0.201807130628/tools/compiler/bin/../lib/gcc/arm-none-eabi/7.2.1/../../../../arm-none-eabi/lib/thumb/v7-m/libc.a(lib_a-memchr-stub.o)
                0x000000000800bbd4                memchr
 .text.memmove  0x000000000800bc60       0xc4 /home/fistw/Ac6/SystemWorkbench/plugins/fr.ac6.mcu.externaltools.arm-none.linux64_1.16.0.201807130628/tools/compiler/bin/../lib/gcc/arm-none-eabi/7.2.1/../../../../arm-none-eabi/lib/thumb/v7-m/libc.a(lib_a-memmove.o)
                0x000000000800bc60                memmove
 .text.__malloc_lock
                0x000000000800bd24        0xc /home/fistw/Ac6/SystemWorkbench/plugins/fr.ac6.mcu.externaltools.arm-none.linux64_1.16.0.201807130628/tools/compiler/bin/../lib/gcc/arm-none-eabi/7.2.1/../../../../arm-none-eabi/lib/thumb/v7-m/libc.a(lib_a-mlock.o)
                0x000000000800bd24                __malloc_lock
 .text.__malloc_unlock
                0x000000000800bd30        0xc /home/fistw/Ac6/SystemWorkbench/plugins/fr.ac6.mcu.externaltools.arm-none.linux64_1.16.0.201807130628/tools/compiler/bin/../lib/gcc/arm-none-eabi/7.2.1/../../../../arm-none-eabi/lib/thumb/v7-m/libc.a(lib_a-mlock.o)
                0x000000000800bd30                __malloc_unlock
 .text._Balloc  0x000000000800bd3c       0x4c /home/fistw/Ac6/SystemWorkbench/plugins/fr.ac6.mcu.externaltools.arm-none.linux64_1.16.0.201807130628/tools/compiler/bin/../lib/gcc/arm-none-eabi/7.2.1/../../../../arm-none-eabi/lib/thumb/v7-m/libc.a(lib_a-mprec.o)
                0x000000000800bd3c                _Balloc
 .text._Bfree   0x000000000800bd88       0x14 /home/fistw/Ac6/SystemWorkbench/plugins/fr.ac6.mcu.externaltools.arm-none.linux64_1.16.0.201807130628/tools/compiler/bin/../lib/gcc/arm-none-eabi/7.2.1/../../../../arm-none-eabi/lib/thumb/v7-m/libc.a(lib_a-mprec.o)
                0x000000000800bd88                _Bfree
 .text.__multadd
                0x000000000800bd9c       0x84 /home/fistw/Ac6/SystemWorkbench/plugins/fr.ac6.mcu.externaltools.arm-none.linux64_1.16.0.201807130628/tools/compiler/bin/../lib/gcc/arm-none-eabi/7.2.1/../../../../arm-none-eabi/lib/thumb/v7-m/libc.a(lib_a-mprec.o)
                0x000000000800bd9c                __multadd
 .text.__hi0bits
                0x000000000800be20       0x40 /home/fistw/Ac6/SystemWorkbench/plugins/fr.ac6.mcu.externaltools.arm-none.linux64_1.16.0.201807130628/tools/compiler/bin/../lib/gcc/arm-none-eabi/7.2.1/../../../../arm-none-eabi/lib/thumb/v7-m/libc.a(lib_a-mprec.o)
                0x000000000800be20                __hi0bits
 .text.__lo0bits